2026-05-05 01:21:29,390 | INFO     | ⏳ Đang nạp AI Model vào bộ nhớ...
2026-05-05 01:21:32,006 | INFO     | ✅ Nạp Model thành công! Server AI đã sẵn sàng.
2026-05-05 01:23:56,246 | INFO     | [036246] ------------------------------------------
2026-05-05 01:23:56,247 | INFO     | [036246] 📥 NHẬN YÊU CẦU QUÉT KHUÔN MẶT MỚI
2026-05-05 01:23:56,272 | INFO     | [036246] Đã xử lý ảnh thành công. Kích thước tensor: (1, 48, 48, 1)
2026-05-05 01:24:06,789 | INFO     | [036246] 📊 Chi tiết dự đoán: {'ANGRY': 11.28, 'DISGUST': 0.28, 'FEAR': 7.06, 'HAPPY': 28.29, 'NEUTRAL': 20.42, 'SAD': 31.8, 'SURPRISE': 0.87}
2026-05-05 01:24:06,793 | INFO     | [036246] 🎯 KẾT QUẢ CHỐT: SAD (31.80%)
2026-05-05 01:24:06,795 | INFO     | [036246] ⏱️ Thời gian phản hồi: 10537.96 ms
2026-05-05 13:20:38,379 | INFO     | ⏳ Đang nạp AI Model vào bộ nhớ...
2026-05-05 13:20:42,006 | INFO     | ✅ Nạp Model thành công! Server AI đã sẵn sàng.
2026-05-05 13:21:56,812 | INFO     | [116812] ------------------------------------------
2026-05-05 13:21:56,813 | INFO     | [116812] 📥 NHẬN YÊU CẦU QUÉT KHUÔN MẶT MỚI
2026-05-05 13:21:56,836 | INFO     | [116812] Đã xử lý ảnh thành công. Kích thước tensor: (1, 48, 48, 1)
2026-05-05 13:22:05,343 | INFO     | [116812] 📊 Chi tiết dự đoán: {'ANGRY': 4.52, 'DISGUST': 0.05, 'FEAR': 8.16, 'HAPPY': 1.83, 'NEUTRAL': 18.42, 'SAD': 66.13, 'SURPRISE': 0.89}
2026-05-05 13:22:05,343 | INFO     | [116812] 🎯 KẾT QUẢ CHỐT: SAD (66.13%)
2026-05-05 13:22:05,343 | INFO     | [116812] ⏱️ Thời gian phản hồi: 8529.86 ms
2026-05-05 13:23:39,778 | INFO     | [219778] ------------------------------------------
2026-05-05 13:23:39,779 | INFO     | [219778] 📥 NHẬN YÊU CẦU QUÉT KHUÔN MẶT MỚI
2026-05-05 13:23:39,780 | INFO     | [219778] Đã xử lý ảnh thành công. Kích thước tensor: (1, 48, 48, 1)
2026-05-05 13:23:39,931 | INFO     | [219778] 📊 Chi tiết dự đoán: {'ANGRY': 4.19, 'DISGUST': 0.05, 'FEAR': 8.11, 'HAPPY': 3.77, 'NEUTRAL': 30.62, 'SAD': 52.03, 'SURPRISE': 1.22}
2026-05-05 13:23:39,932 | INFO     | [219778] 🎯 KẾT QUẢ CHỐT: SAD (52.03%)
2026-05-05 13:23:39,932 | INFO     | [219778] ⏱️ Thời gian phản hồi: 152.88 ms
2026-05-05 13:24:11,607 | INFO     | [251607] ------------------------------------------
2026-05-05 13:24:11,607 | INFO     | [251607] 📥 NHẬN YÊU CẦU QUÉT KHUÔN MẶT MỚI
2026-05-05 13:24:11,608 | INFO     | [251607] Đã xử lý ảnh thành công. Kích thước tensor: (1, 48, 48, 1)
2026-05-05 13:24:11,723 | INFO     | [251607] 📊 Chi tiết dự đoán: {'ANGRY': 5.95, 'DISGUST': 0.26, 'FEAR': 7.84, 'HAPPY': 17.68, 'NEUTRAL': 21.85, 'SAD': 45.73, 'SURPRISE': 0.7}
2026-05-05 13:24:11,723 | INFO     | [251607] 🎯 KẾT QUẢ CHỐT: SAD (45.73%)
2026-05-05 13:24:11,723 | INFO     | [251607] ⏱️ Thời gian phản hồi: 116.79 ms
2026-05-05 13:24:28,332 | INFO     | [268332] ------------------------------------------
2026-05-05 13:24:28,334 | INFO     | [268332] 📥 NHẬN YÊU CẦU QUÉT KHUÔN MẶT MỚI
2026-05-05 13:24:28,334 | INFO     | [268332] Đã xử lý ảnh thành công. Kích thước tensor: (1, 48, 48, 1)
2026-05-05 13:24:28,429 | INFO     | [268332] 📊 Chi tiết dự đoán: {'ANGRY': 4.06, 'DISGUST': 0.16, 'FEAR': 11.54, 'HAPPY': 11.43, 'NEUTRAL': 26.98, 'SAD': 44.32, 'SURPRISE': 1.51}
2026-05-05 13:24:28,430 | INFO     | [268332] 🎯 KẾT QUẢ CHỐT: SAD (44.32%)
2026-05-05 13:24:28,430 | INFO     | [268332] ⏱️ Thời gian phản hồi: 96.59 ms
2026-05-05 13:24:51,839 | INFO     | [291839] ------------------------------------------
2026-05-05 13:24:51,839 | INFO     | [291839] 📥 NHẬN YÊU CẦU QUÉT KHUÔN MẶT MỚI
2026-05-05 13:24:51,840 | INFO     | [291839] Đã xử lý ảnh thành công. Kích thước tensor: (1, 48, 48, 1)
2026-05-05 13:24:51,944 | INFO     | [291839] 📊 Chi tiết dự đoán: {'ANGRY': 5.48, 'DISGUST': 0.23, 'FEAR': 5.3, 'HAPPY': 29.15, 'NEUTRAL': 18.35, 'SAD': 41.08, 'SURPRISE': 0.41}
2026-05-05 13:24:51,944 | INFO     | [291839] 🎯 KẾT QUẢ CHỐT: SAD (41.08%)
2026-05-05 13:24:51,944 | INFO     | [291839] ⏱️ Thời gian phản hồi: 104.22 ms
2026-05-05 14:41:38,668 | INFO     | [898667] ------------------------------------------
2026-05-05 14:41:38,670 | INFO     | [898667] 📥 NHẬN YÊU CẦU QUÉT KHUÔN MẶT MỚI
2026-05-05 14:41:38,717 | INFO     | [898667] Đã xử lý ảnh thành công. Kích thước tensor: (1, 48, 48, 1)
2026-05-05 14:41:39,321 | INFO     | [898667] 📊 Chi tiết dự đoán: {'ANGRY': 5.95, 'DISGUST': 0.15, 'FEAR': 7.15, 'HAPPY': 43.15, 'NEUTRAL': 19.06, 'SAD': 22.62, 'SURPRISE': 1.92}
2026-05-05 14:41:39,321 | INFO     | [898667] 🎯 KẾT QUẢ CHỐT: HAPPY (43.15%)
2026-05-05 14:41:39,321 | INFO     | [898667] ⏱️ Thời gian phản hồi: 654.15 ms
2026-05-05 18:10:51,071 | INFO     | [451068] ------------------------------------------
2026-05-05 18:10:51,084 | INFO     | [451068] 📥 NHẬN YÊU CẦU QUÉT KHUÔN MẶT MỚI
2026-05-05 18:10:51,152 | INFO     | [451068] Đã xử lý ảnh thành công. Kích thước tensor: (1, 48, 48, 1)
2026-05-05 18:10:52,118 | INFO     | [451068] 📊 Chi tiết dự đoán: {'ANGRY': 2.74, 'DISGUST': 0.1, 'FEAR': 5.71, 'HAPPY': 59.85, 'NEUTRAL': 14.68, 'SAD': 13.03, 'SURPRISE': 3.89}
2026-05-05 18:10:52,118 | INFO     | [451068] 🎯 KẾT QUẢ CHỐT: HAPPY (59.85%)
2026-05-05 18:10:52,119 | INFO     | [451068] ⏱️ Thời gian phản hồi: 1050.09 ms
2026-05-05 18:12:04,898 | INFO     | [524898] ------------------------------------------
2026-05-05 18:12:04,898 | INFO     | [524898] 📥 NHẬN YÊU CẦU QUÉT KHUÔN MẶT MỚI
2026-05-05 18:12:04,899 | INFO     | [524898] Đã xử lý ảnh thành công. Kích thước tensor: (1, 48, 48, 1)
2026-05-05 18:12:05,106 | INFO     | [524898] 📊 Chi tiết dự đoán: {'ANGRY': 5.98, 'DISGUST': 0.23, 'FEAR': 8.1, 'HAPPY': 21.79, 'NEUTRAL': 23.24, 'SAD': 36.5, 'SURPRISE': 4.16}
2026-05-05 18:12:05,106 | INFO     | [524898] 🎯 KẾT QUẢ CHỐT: SAD (36.50%)
2026-05-05 18:12:05,108 | INFO     | [524898] ⏱️ Thời gian phản hồi: 207.47 ms
2026-05-05 18:24:59,381 | INFO     | ⏳ Đang nạp AI Model vào bộ nhớ...
2026-05-05 18:25:03,202 | INFO     | ✅ Nạp Model thành công! Server AI đã sẵn sàng.
2026-05-05 18:27:04,373 | INFO     | [424373] ------------------------------------------
2026-05-05 18:27:04,374 | INFO     | [424373] 📥 NHẬN YÊU CẦU QUÉT KHUÔN MẶT MỚI
2026-05-05 18:27:04,403 | INFO     | [424373] Đã xử lý ảnh thành công. Kích thước tensor: (1, 48, 48, 1)
2026-05-05 18:27:15,681 | INFO     | [424373] 📊 Chi tiết dự đoán: {'ANGRY': 4.44, 'DISGUST': 0.09, 'FEAR': 10.59, 'HAPPY': 7.71, 'NEUTRAL': 34.02, 'SAD': 40.2, 'SURPRISE': 2.94}
2026-05-05 18:27:15,682 | INFO     | [424373] 🎯 KẾT QUẢ CHỐT: SAD (40.20%)
2026-05-05 18:27:15,683 | INFO     | [424373] ⏱️ Thời gian phản hồi: 11305.59 ms
