2026-05-30 12:01:47,348 | INFO     | ⏳ Đang nạp AI Model vào bộ nhớ...
2026-05-30 12:01:50,312 | INFO     | ✅ Nạp Model thành công! Server AI đã sẵn sàng.
2026-05-30 12:01:50,315 | INFO     | [emotion-service] Inference executor ready: max_workers=4
2026-05-30 12:01:50,532 | INFO     | [emotion-service] Worker boot  pid=21572 inference_workers=4 max_concurrent=12
2026-05-30 12:01:50,533 | INFO     | [emotion-service] pid=21572 warm-up: running dummy predict ...
2026-05-30 12:01:57,114 | INFO     | [emotion-service] pid=21572 warm-up complete
2026-05-30 12:20:29,050 | INFO     | [429050] ------------------------------------------
2026-05-30 12:20:29,052 | INFO     | [429050] 📥 NHẬN YÊU CẦU QUÉT KHUÔN MẶT MỚI
2026-05-30 12:20:29,078 | INFO     | [429050] Đã xử lý ảnh thành công. Kích thước tensor: (1, 48, 48, 1)
2026-05-30 12:20:29,165 | INFO     | [429165] ------------------------------------------
2026-05-30 12:20:29,167 | INFO     | [429165] 📥 NHẬN YÊU CẦU QUÉT KHUÔN MẶT MỚI
2026-05-30 12:20:29,168 | INFO     | [429165] Đã xử lý ảnh thành công. Kích thước tensor: (1, 48, 48, 1)
2026-05-30 12:20:29,246 | INFO     | [429050] ⏱️ Model inference: 168.1 ms
2026-05-30 12:20:29,248 | INFO     | [429050] 📊 Chi tiết dự đoán: {'ANGRY': 5.21, 'DISGUST': 0.06, 'FEAR': 17.43, 'HAPPY': 3.46, 'NEUTRAL': 33.1, 'SAD': 36.59, 'SURPRISE': 4.15}
2026-05-30 12:20:29,248 | INFO     | [429050] 🎯 KẾT QUẢ CHỐT: SAD (36.59%)
2026-05-30 12:20:29,248 | INFO     | [429050] ⏱️ Thời gian phản hồi: 197.8 ms
2026-05-30 12:20:29,271 | INFO     | [429165] ⏱️ Model inference: 103.7 ms
2026-05-30 12:20:29,272 | INFO     | [429165] 📊 Chi tiết dự đoán: {'ANGRY': 5.18, 'DISGUST': 0.07, 'FEAR': 16.38, 'HAPPY': 3.37, 'NEUTRAL': 37.11, 'SAD': 32.89, 'SURPRISE': 5.01}
2026-05-30 12:20:29,272 | INFO     | [429165] 🎯 KẾT QUẢ CHỐT: NEUTRAL (37.11%)
2026-05-30 12:20:29,272 | INFO     | [429165] ⏱️ Thời gian phản hồi: 106.76 ms
2026-05-30 12:20:29,413 | INFO     | [429413] ------------------------------------------
2026-05-30 12:20:29,413 | INFO     | [429413] 📥 NHẬN YÊU CẦU QUÉT KHUÔN MẶT MỚI
2026-05-30 12:20:29,414 | INFO     | [429413] Đã xử lý ảnh thành công. Kích thước tensor: (1, 48, 48, 1)
2026-05-30 12:20:29,493 | INFO     | [429413] ⏱️ Model inference: 78.5 ms
2026-05-30 12:20:29,494 | INFO     | [429413] 📊 Chi tiết dự đoán: {'ANGRY': 5.39, 'DISGUST': 0.06, 'FEAR': 15.52, 'HAPPY': 3.32, 'NEUTRAL': 34.91, 'SAD': 36.99, 'SURPRISE': 3.8}
2026-05-30 12:20:29,494 | INFO     | [429413] 🎯 KẾT QUẢ CHỐT: SAD (36.99%)
2026-05-30 12:20:29,494 | INFO     | [429413] ⏱️ Thời gian phản hồi: 80.51 ms
2026-05-30 12:20:29,674 | INFO     | [429674] ------------------------------------------
2026-05-30 12:20:29,676 | INFO     | [429674] 📥 NHẬN YÊU CẦU QUÉT KHUÔN MẶT MỚI
2026-05-30 12:20:29,677 | INFO     | [429674] Đã xử lý ảnh thành công. Kích thước tensor: (1, 48, 48, 1)
2026-05-30 12:20:29,762 | INFO     | [429674] ⏱️ Model inference: 83.88 ms
2026-05-30 12:20:29,762 | INFO     | [429674] 📊 Chi tiết dự đoán: {'ANGRY': 5.01, 'DISGUST': 0.07, 'FEAR': 17.52, 'HAPPY': 3.45, 'NEUTRAL': 33.76, 'SAD': 34.66, 'SURPRISE': 5.54}
2026-05-30 12:20:29,762 | INFO     | [429674] 🎯 KẾT QUẢ CHỐT: SAD (34.66%)
2026-05-30 12:20:29,762 | INFO     | [429674] ⏱️ Thời gian phản hồi: 87.53 ms
2026-05-30 12:20:29,911 | INFO     | [429911] ------------------------------------------
2026-05-30 12:20:29,911 | INFO     | [429911] 📥 NHẬN YÊU CẦU QUÉT KHUÔN MẶT MỚI
2026-05-30 12:20:29,913 | INFO     | [429911] Đã xử lý ảnh thành công. Kích thước tensor: (1, 48, 48, 1)
2026-05-30 12:20:29,999 | INFO     | [429911] ⏱️ Model inference: 86.27 ms
2026-05-30 12:20:30,000 | INFO     | [429911] 📊 Chi tiết dự đoán: {'ANGRY': 5.51, 'DISGUST': 0.07, 'FEAR': 16.43, 'HAPPY': 3.05, 'NEUTRAL': 35.81, 'SAD': 34.6, 'SURPRISE': 4.53}
2026-05-30 12:20:30,000 | INFO     | [429911] 🎯 KẾT QUẢ CHỐT: NEUTRAL (35.81%)
2026-05-30 12:20:30,000 | INFO     | [429911] ⏱️ Thời gian phản hồi: 88.71 ms
2026-05-30 12:20:30,176 | INFO     | [430176] ------------------------------------------
2026-05-30 12:20:30,177 | INFO     | [430176] 📥 NHẬN YÊU CẦU QUÉT KHUÔN MẶT MỚI
2026-05-30 12:20:30,177 | INFO     | [430176] Đã xử lý ảnh thành công. Kích thước tensor: (1, 48, 48, 1)
2026-05-30 12:20:30,242 | INFO     | [430176] ⏱️ Model inference: 64.56 ms
2026-05-30 12:20:30,242 | INFO     | [430176] 📊 Chi tiết dự đoán: {'ANGRY': 5.03, 'DISGUST': 0.06, 'FEAR': 14.86, 'HAPPY': 3.15, 'NEUTRAL': 33.53, 'SAD': 40.2, 'SURPRISE': 3.17}
2026-05-30 12:20:30,242 | INFO     | [430176] 🎯 KẾT QUẢ CHỐT: SAD (40.20%)
2026-05-30 12:20:30,242 | INFO     | [430176] ⏱️ Thời gian phản hồi: 66.03 ms
2026-05-30 12:20:30,411 | INFO     | [430411] ------------------------------------------
2026-05-30 12:20:30,411 | INFO     | [430411] 📥 NHẬN YÊU CẦU QUÉT KHUÔN MẶT MỚI
2026-05-30 12:20:30,411 | INFO     | [430411] Đã xử lý ảnh thành công. Kích thước tensor: (1, 48, 48, 1)
2026-05-30 12:20:30,491 | INFO     | [430411] ⏱️ Model inference: 78.92 ms
2026-05-30 12:20:30,492 | INFO     | [430411] 📊 Chi tiết dự đoán: {'ANGRY': 5.89, 'DISGUST': 0.07, 'FEAR': 17.08, 'HAPPY': 3.76, 'NEUTRAL': 33.7, 'SAD': 34.5, 'SURPRISE': 5.0}
2026-05-30 12:20:30,492 | INFO     | [430411] 🎯 KẾT QUẢ CHỐT: SAD (34.50%)
2026-05-30 12:20:30,492 | INFO     | [430411] ⏱️ Thời gian phản hồi: 81.5 ms
2026-05-30 12:20:30,660 | INFO     | [430660] ------------------------------------------
2026-05-30 12:20:30,660 | INFO     | [430660] 📥 NHẬN YÊU CẦU QUÉT KHUÔN MẶT MỚI
2026-05-30 12:20:30,660 | INFO     | [430660] Đã xử lý ảnh thành công. Kích thước tensor: (1, 48, 48, 1)
2026-05-30 12:20:30,727 | INFO     | [430660] ⏱️ Model inference: 66.35 ms
2026-05-30 12:20:30,728 | INFO     | [430660] 📊 Chi tiết dự đoán: {'ANGRY': 5.59, 'DISGUST': 0.07, 'FEAR': 16.77, 'HAPPY': 3.06, 'NEUTRAL': 34.26, 'SAD': 35.34, 'SURPRISE': 4.92}
2026-05-30 12:20:30,728 | INFO     | [430660] 🎯 KẾT QUẢ CHỐT: SAD (35.34%)
2026-05-30 12:20:30,728 | INFO     | [430660] ⏱️ Thời gian phản hồi: 68.88 ms
2026-05-30 12:20:30,925 | INFO     | [430925] ------------------------------------------
2026-05-30 12:20:30,925 | INFO     | [430925] 📥 NHẬN YÊU CẦU QUÉT KHUÔN MẶT MỚI
2026-05-30 12:20:30,925 | INFO     | [430925] Đã xử lý ảnh thành công. Kích thước tensor: (1, 48, 48, 1)
2026-05-30 12:20:30,987 | INFO     | [430925] ⏱️ Model inference: 61.93 ms
2026-05-30 12:20:30,988 | INFO     | [430925] 📊 Chi tiết dự đoán: {'ANGRY': 5.51, 'DISGUST': 0.08, 'FEAR': 17.51, 'HAPPY': 3.56, 'NEUTRAL': 32.37, 'SAD': 35.64, 'SURPRISE': 5.32}
2026-05-30 12:20:30,988 | INFO     | [430925] 🎯 KẾT QUẢ CHỐT: SAD (35.64%)
2026-05-30 12:20:30,988 | INFO     | [430925] ⏱️ Thời gian phản hồi: 63.35 ms
2026-05-30 12:20:31,174 | INFO     | [431174] ------------------------------------------
2026-05-30 12:20:31,174 | INFO     | [431174] 📥 NHẬN YÊU CẦU QUÉT KHUÔN MẶT MỚI
2026-05-30 12:20:31,175 | INFO     | [431174] Đã xử lý ảnh thành công. Kích thước tensor: (1, 48, 48, 1)
2026-05-30 12:20:31,256 | INFO     | [431174] ⏱️ Model inference: 79.99 ms
2026-05-30 12:20:31,256 | INFO     | [431174] 📊 Chi tiết dự đoán: {'ANGRY': 4.72, 'DISGUST': 0.06, 'FEAR': 16.2, 'HAPPY': 3.37, 'NEUTRAL': 34.75, 'SAD': 35.5, 'SURPRISE': 5.4}
2026-05-30 12:20:31,256 | INFO     | [431174] 🎯 KẾT QUẢ CHỐT: SAD (35.50%)
2026-05-30 12:20:31,256 | INFO     | [431174] ⏱️ Thời gian phản hồi: 81.98 ms
2026-05-30 12:20:31,407 | INFO     | [431407] ------------------------------------------
2026-05-30 12:20:31,407 | INFO     | [431407] 📥 NHẬN YÊU CẦU QUÉT KHUÔN MẶT MỚI
2026-05-30 12:20:31,407 | INFO     | [431407] Đã xử lý ảnh thành công. Kích thước tensor: (1, 48, 48, 1)
2026-05-30 12:20:31,477 | INFO     | [431407] ⏱️ Model inference: 69.63 ms
2026-05-30 12:20:31,477 | INFO     | [431407] 📊 Chi tiết dự đoán: {'ANGRY': 4.84, 'DISGUST': 0.06, 'FEAR': 16.33, 'HAPPY': 2.45, 'NEUTRAL': 33.59, 'SAD': 38.86, 'SURPRISE': 3.86}
2026-05-30 12:20:31,477 | INFO     | [431407] 🎯 KẾT QUẢ CHỐT: SAD (38.86%)
2026-05-30 12:20:31,478 | INFO     | [431407] ⏱️ Thời gian phản hồi: 69.63 ms
2026-05-30 12:20:31,655 | INFO     | [431655] ------------------------------------------
2026-05-30 12:20:31,656 | INFO     | [431655] 📥 NHẬN YÊU CẦU QUÉT KHUÔN MẶT MỚI
2026-05-30 12:20:31,656 | INFO     | [431655] Đã xử lý ảnh thành công. Kích thước tensor: (1, 48, 48, 1)
2026-05-30 12:20:31,726 | INFO     | [431655] ⏱️ Model inference: 69.04 ms
2026-05-30 12:20:31,726 | INFO     | [431655] 📊 Chi tiết dự đoán: {'ANGRY': 4.73, 'DISGUST': 0.07, 'FEAR': 16.24, 'HAPPY': 2.25, 'NEUTRAL': 36.38, 'SAD': 36.82, 'SURPRISE': 3.51}
2026-05-30 12:20:31,727 | INFO     | [431655] 🎯 KẾT QUẢ CHỐT: SAD (36.82%)
2026-05-30 12:20:31,727 | INFO     | [431655] ⏱️ Thời gian phản hồi: 71.19 ms
2026-05-30 12:20:31,906 | INFO     | [431906] ------------------------------------------
2026-05-30 12:20:31,906 | INFO     | [431906] 📥 NHẬN YÊU CẦU QUÉT KHUÔN MẶT MỚI
2026-05-30 12:20:31,907 | INFO     | [431906] Đã xử lý ảnh thành công. Kích thước tensor: (1, 48, 48, 1)
2026-05-30 12:20:31,971 | INFO     | [431906] ⏱️ Model inference: 63.79 ms
2026-05-30 12:20:31,971 | INFO     | [431906] 📊 Chi tiết dự đoán: {'ANGRY': 4.96, 'DISGUST': 0.07, 'FEAR': 16.53, 'HAPPY': 3.63, 'NEUTRAL': 32.83, 'SAD': 36.79, 'SURPRISE': 5.18}
2026-05-30 12:20:31,971 | INFO     | [431906] 🎯 KẾT QUẢ CHỐT: SAD (36.79%)
2026-05-30 12:20:31,971 | INFO     | [431906] ⏱️ Thời gian phản hồi: 65.12 ms
2026-05-30 12:20:32,159 | INFO     | [432157] ------------------------------------------
2026-05-30 12:20:32,159 | INFO     | [432157] 📥 NHẬN YÊU CẦU QUÉT KHUÔN MẶT MỚI
2026-05-30 12:20:32,159 | INFO     | [432157] Đã xử lý ảnh thành công. Kích thước tensor: (1, 48, 48, 1)
2026-05-30 12:20:32,223 | INFO     | [432157] ⏱️ Model inference: 64.03 ms
2026-05-30 12:20:32,224 | INFO     | [432157] 📊 Chi tiết dự đoán: {'ANGRY': 5.43, 'DISGUST': 0.07, 'FEAR': 15.65, 'HAPPY': 3.08, 'NEUTRAL': 31.95, 'SAD': 40.19, 'SURPRISE': 3.62}
2026-05-30 12:20:32,224 | INFO     | [432157] 🎯 KẾT QUẢ CHỐT: SAD (40.19%)
2026-05-30 12:20:32,224 | INFO     | [432157] ⏱️ Thời gian phản hồi: 67.1 ms
2026-05-30 12:20:32,407 | INFO     | [432407] ------------------------------------------
2026-05-30 12:20:32,407 | INFO     | [432407] 📥 NHẬN YÊU CẦU QUÉT KHUÔN MẶT MỚI
2026-05-30 12:20:32,408 | INFO     | [432407] Đã xử lý ảnh thành công. Kích thước tensor: (1, 48, 48, 1)
2026-05-30 12:20:32,471 | INFO     | [432407] ⏱️ Model inference: 62.79 ms
2026-05-30 12:20:32,471 | INFO     | [432407] 📊 Chi tiết dự đoán: {'ANGRY': 4.9, 'DISGUST': 0.08, 'FEAR': 15.28, 'HAPPY': 2.69, 'NEUTRAL': 34.74, 'SAD': 37.79, 'SURPRISE': 4.53}
2026-05-30 12:20:32,471 | INFO     | [432407] 🎯 KẾT QUẢ CHỐT: SAD (37.79%)
2026-05-30 12:20:32,471 | INFO     | [432407] ⏱️ Thời gian phản hồi: 63.78 ms
2026-05-30 12:20:32,656 | INFO     | [432656] ------------------------------------------
2026-05-30 12:20:32,656 | INFO     | [432656] 📥 NHẬN YÊU CẦU QUÉT KHUÔN MẶT MỚI
2026-05-30 12:20:32,657 | INFO     | [432656] Đã xử lý ảnh thành công. Kích thước tensor: (1, 48, 48, 1)
2026-05-30 12:20:32,719 | INFO     | [432656] ⏱️ Model inference: 62.11 ms
2026-05-30 12:20:32,720 | INFO     | [432656] 📊 Chi tiết dự đoán: {'ANGRY': 4.64, 'DISGUST': 0.07, 'FEAR': 14.88, 'HAPPY': 2.98, 'NEUTRAL': 33.58, 'SAD': 39.86, 'SURPRISE': 3.99}
2026-05-30 12:20:32,720 | INFO     | [432656] 🎯 KẾT QUẢ CHỐT: SAD (39.86%)
2026-05-30 12:20:32,720 | INFO     | [432656] ⏱️ Thời gian phản hồi: 64.23 ms
2026-05-30 12:20:32,920 | INFO     | [432920] ------------------------------------------
2026-05-30 12:20:32,920 | INFO     | [432920] 📥 NHẬN YÊU CẦU QUÉT KHUÔN MẶT MỚI
2026-05-30 12:20:32,921 | INFO     | [432920] Đã xử lý ảnh thành công. Kích thước tensor: (1, 48, 48, 1)
2026-05-30 12:20:32,985 | INFO     | [432920] ⏱️ Model inference: 64.26 ms
2026-05-30 12:20:32,987 | INFO     | [432920] 📊 Chi tiết dự đoán: {'ANGRY': 5.84, 'DISGUST': 0.09, 'FEAR': 16.84, 'HAPPY': 3.34, 'NEUTRAL': 33.96, 'SAD': 35.55, 'SURPRISE': 4.36}
2026-05-30 12:20:32,987 | INFO     | [432920] 🎯 KẾT QUẢ CHỐT: SAD (35.55%)
2026-05-30 12:20:32,987 | INFO     | [432920] ⏱️ Thời gian phản hồi: 66.5 ms
2026-05-30 12:20:33,170 | INFO     | [433170] ------------------------------------------
2026-05-30 12:20:33,171 | INFO     | [433170] 📥 NHẬN YÊU CẦU QUÉT KHUÔN MẶT MỚI
2026-05-30 12:20:33,171 | INFO     | [433170] Đã xử lý ảnh thành công. Kích thước tensor: (1, 48, 48, 1)
2026-05-30 12:20:33,243 | INFO     | [433170] ⏱️ Model inference: 72.18 ms
2026-05-30 12:20:33,243 | INFO     | [433170] 📊 Chi tiết dự đoán: {'ANGRY': 5.13, 'DISGUST': 0.07, 'FEAR': 15.39, 'HAPPY': 3.1, 'NEUTRAL': 36.49, 'SAD': 35.23, 'SURPRISE': 4.59}
2026-05-30 12:20:33,243 | INFO     | [433170] 🎯 KẾT QUẢ CHỐT: NEUTRAL (36.49%)
2026-05-30 12:20:33,243 | INFO     | [433170] ⏱️ Thời gian phản hồi: 73.18 ms
2026-05-30 12:20:33,420 | INFO     | [433420] ------------------------------------------
2026-05-30 12:20:33,420 | INFO     | [433420] 📥 NHẬN YÊU CẦU QUÉT KHUÔN MẶT MỚI
2026-05-30 12:20:33,421 | INFO     | [433420] Đã xử lý ảnh thành công. Kích thước tensor: (1, 48, 48, 1)
2026-05-30 12:20:33,491 | INFO     | [433420] ⏱️ Model inference: 69.97 ms
2026-05-30 12:20:33,491 | INFO     | [433420] 📊 Chi tiết dự đoán: {'ANGRY': 6.09, 'DISGUST': 0.08, 'FEAR': 15.54, 'HAPPY': 3.72, 'NEUTRAL': 37.17, 'SAD': 33.32, 'SURPRISE': 4.08}
2026-05-30 12:20:33,491 | INFO     | [433420] 🎯 KẾT QUẢ CHỐT: NEUTRAL (37.17%)
2026-05-30 12:20:33,492 | INFO     | [433420] ⏱️ Thời gian phản hồi: 71.5 ms
2026-05-30 12:20:33,670 | INFO     | [433670] ------------------------------------------
2026-05-30 12:20:33,670 | INFO     | [433670] 📥 NHẬN YÊU CẦU QUÉT KHUÔN MẶT MỚI
2026-05-30 12:20:33,671 | INFO     | [433670] Đã xử lý ảnh thành công. Kích thước tensor: (1, 48, 48, 1)
2026-05-30 12:20:33,764 | INFO     | [433670] ⏱️ Model inference: 93.05 ms
2026-05-30 12:20:33,766 | INFO     | [433670] 📊 Chi tiết dự đoán: {'ANGRY': 5.6, 'DISGUST': 0.09, 'FEAR': 18.08, 'HAPPY': 2.65, 'NEUTRAL': 30.79, 'SAD': 38.14, 'SURPRISE': 4.65}
2026-05-30 12:20:33,766 | INFO     | [433670] 🎯 KẾT QUẢ CHỐT: SAD (38.14%)
2026-05-30 12:20:33,766 | INFO     | [433670] ⏱️ Thời gian phản hồi: 95.91 ms
2026-05-30 12:20:33,918 | INFO     | [433918] ------------------------------------------
2026-05-30 12:20:33,918 | INFO     | [433918] 📥 NHẬN YÊU CẦU QUÉT KHUÔN MẶT MỚI
2026-05-30 12:20:33,919 | INFO     | [433918] Đã xử lý ảnh thành công. Kích thước tensor: (1, 48, 48, 1)
2026-05-30 12:20:33,986 | INFO     | [433918] ⏱️ Model inference: 66.84 ms
2026-05-30 12:20:33,987 | INFO     | [433918] 📊 Chi tiết dự đoán: {'ANGRY': 4.72, 'DISGUST': 0.06, 'FEAR': 16.82, 'HAPPY': 2.28, 'NEUTRAL': 34.88, 'SAD': 37.14, 'SURPRISE': 4.1}
2026-05-30 12:20:33,987 | INFO     | [433918] 🎯 KẾT QUẢ CHỐT: SAD (37.14%)
2026-05-30 12:20:33,987 | INFO     | [433918] ⏱️ Thời gian phản hồi: 68.85 ms
2026-05-30 12:20:34,168 | INFO     | [434168] ------------------------------------------
2026-05-30 12:20:34,168 | INFO     | [434168] 📥 NHẬN YÊU CẦU QUÉT KHUÔN MẶT MỚI
2026-05-30 12:20:34,168 | INFO     | [434168] Đã xử lý ảnh thành công. Kích thước tensor: (1, 48, 48, 1)
2026-05-30 12:20:34,224 | INFO     | [434168] ⏱️ Model inference: 56.93 ms
2026-05-30 12:20:34,224 | INFO     | [434168] 📊 Chi tiết dự đoán: {'ANGRY': 4.91, 'DISGUST': 0.08, 'FEAR': 16.08, 'HAPPY': 3.0, 'NEUTRAL': 33.74, 'SAD': 38.14, 'SURPRISE': 4.05}
2026-05-30 12:20:34,224 | INFO     | [434168] 🎯 KẾT QUẢ CHỐT: SAD (38.14%)
2026-05-30 12:20:34,225 | INFO     | [434168] ⏱️ Thời gian phản hồi: 56.93 ms
2026-05-30 12:20:34,416 | INFO     | [434416] ------------------------------------------
2026-05-30 12:20:34,417 | INFO     | [434416] 📥 NHẬN YÊU CẦU QUÉT KHUÔN MẶT MỚI
2026-05-30 12:20:34,418 | INFO     | [434416] Đã xử lý ảnh thành công. Kích thước tensor: (1, 48, 48, 1)
2026-05-30 12:20:34,477 | INFO     | [434416] ⏱️ Model inference: 58.74 ms
2026-05-30 12:20:34,477 | INFO     | [434416] 📊 Chi tiết dự đoán: {'ANGRY': 4.7, 'DISGUST': 0.07, 'FEAR': 15.47, 'HAPPY': 2.5, 'NEUTRAL': 36.53, 'SAD': 36.15, 'SURPRISE': 4.59}
2026-05-30 12:20:34,477 | INFO     | [434416] 🎯 KẾT QUẢ CHỐT: NEUTRAL (36.53%)
2026-05-30 12:20:34,477 | INFO     | [434416] ⏱️ Thời gian phản hồi: 61.78 ms
2026-05-30 12:20:34,664 | INFO     | [434664] ------------------------------------------
2026-05-30 12:20:34,664 | INFO     | [434664] 📥 NHẬN YÊU CẦU QUÉT KHUÔN MẶT MỚI
2026-05-30 12:20:34,665 | INFO     | [434664] Đã xử lý ảnh thành công. Kích thước tensor: (1, 48, 48, 1)
2026-05-30 12:20:34,740 | INFO     | [434664] ⏱️ Model inference: 75.43 ms
2026-05-30 12:20:34,740 | INFO     | [434664] 📊 Chi tiết dự đoán: {'ANGRY': 5.52, 'DISGUST': 0.08, 'FEAR': 15.65, 'HAPPY': 2.24, 'NEUTRAL': 34.08, 'SAD': 38.69, 'SURPRISE': 3.74}
2026-05-30 12:20:34,740 | INFO     | [434664] 🎯 KẾT QUẢ CHỐT: SAD (38.69%)
2026-05-30 12:20:34,740 | INFO     | [434664] ⏱️ Thời gian phản hồi: 76.43 ms
2026-05-30 12:20:34,911 | INFO     | [434911] ------------------------------------------
2026-05-30 12:20:34,911 | INFO     | [434911] 📥 NHẬN YÊU CẦU QUÉT KHUÔN MẶT MỚI
2026-05-30 12:20:34,912 | INFO     | [434911] Đã xử lý ảnh thành công. Kích thước tensor: (1, 48, 48, 1)
2026-05-30 12:20:34,970 | INFO     | [434911] ⏱️ Model inference: 58.35 ms
2026-05-30 12:20:34,971 | INFO     | [434911] 📊 Chi tiết dự đoán: {'ANGRY': 5.46, 'DISGUST': 0.08, 'FEAR': 15.54, 'HAPPY': 2.96, 'NEUTRAL': 34.61, 'SAD': 37.2, 'SURPRISE': 4.14}
2026-05-30 12:20:34,971 | INFO     | [434911] 🎯 KẾT QUẢ CHỐT: SAD (37.20%)
2026-05-30 12:20:34,971 | INFO     | [434911] ⏱️ Thời gian phản hồi: 60.38 ms
2026-05-30 12:20:35,176 | INFO     | [435176] ------------------------------------------
2026-05-30 12:20:35,176 | INFO     | [435176] 📥 NHẬN YÊU CẦU QUÉT KHUÔN MẶT MỚI
2026-05-30 12:20:35,177 | INFO     | [435176] Đã xử lý ảnh thành công. Kích thước tensor: (1, 48, 48, 1)
2026-05-30 12:20:35,241 | INFO     | [435176] ⏱️ Model inference: 63.9 ms
2026-05-30 12:20:35,241 | INFO     | [435176] 📊 Chi tiết dự đoán: {'ANGRY': 5.59, 'DISGUST': 0.08, 'FEAR': 16.16, 'HAPPY': 3.94, 'NEUTRAL': 34.63, 'SAD': 35.37, 'SURPRISE': 4.22}
2026-05-30 12:20:35,242 | INFO     | [435176] 🎯 KẾT QUẢ CHỐT: SAD (35.37%)
2026-05-30 12:20:35,242 | INFO     | [435176] ⏱️ Thời gian phản hồi: 65.3 ms
2026-05-30 12:20:35,424 | INFO     | [435424] ------------------------------------------
2026-05-30 12:20:35,424 | INFO     | [435424] 📥 NHẬN YÊU CẦU QUÉT KHUÔN MẶT MỚI
2026-05-30 12:20:35,425 | INFO     | [435424] Đã xử lý ảnh thành công. Kích thước tensor: (1, 48, 48, 1)
2026-05-30 12:20:35,493 | INFO     | [435424] ⏱️ Model inference: 67.54 ms
2026-05-30 12:20:35,493 | INFO     | [435424] 📊 Chi tiết dự đoán: {'ANGRY': 4.55, 'DISGUST': 0.07, 'FEAR': 16.15, 'HAPPY': 3.2, 'NEUTRAL': 33.02, 'SAD': 38.12, 'SURPRISE': 4.9}
2026-05-30 12:20:35,494 | INFO     | [435424] 🎯 KẾT QUẢ CHỐT: SAD (38.12%)
2026-05-30 12:20:35,494 | INFO     | [435424] ⏱️ Thời gian phản hồi: 68.59 ms
2026-05-30 12:20:35,658 | INFO     | [435658] ------------------------------------------
2026-05-30 12:20:35,658 | INFO     | [435658] 📥 NHẬN YÊU CẦU QUÉT KHUÔN MẶT MỚI
2026-05-30 12:20:35,658 | INFO     | [435658] Đã xử lý ảnh thành công. Kích thước tensor: (1, 48, 48, 1)
2026-05-30 12:20:35,720 | INFO     | [435658] ⏱️ Model inference: 60.73 ms
2026-05-30 12:20:35,720 | INFO     | [435658] 📊 Chi tiết dự đoán: {'ANGRY': 5.32, 'DISGUST': 0.07, 'FEAR': 15.01, 'HAPPY': 2.96, 'NEUTRAL': 32.53, 'SAD': 40.53, 'SURPRISE': 3.58}
2026-05-30 12:20:35,720 | INFO     | [435658] 🎯 KẾT QUẢ CHỐT: SAD (40.53%)
2026-05-30 12:20:35,720 | INFO     | [435658] ⏱️ Thời gian phản hồi: 62.55 ms
2026-05-30 12:20:35,926 | INFO     | [435926] ------------------------------------------
2026-05-30 12:20:35,926 | INFO     | [435926] 📥 NHẬN YÊU CẦU QUÉT KHUÔN MẶT MỚI
2026-05-30 12:20:35,927 | INFO     | [435926] Đã xử lý ảnh thành công. Kích thước tensor: (1, 48, 48, 1)
2026-05-30 12:20:35,987 | INFO     | [435926] ⏱️ Model inference: 60.13 ms
2026-05-30 12:20:35,987 | INFO     | [435926] 📊 Chi tiết dự đoán: {'ANGRY': 4.93, 'DISGUST': 0.08, 'FEAR': 17.18, 'HAPPY': 2.27, 'NEUTRAL': 34.51, 'SAD': 35.98, 'SURPRISE': 5.04}
2026-05-30 12:20:35,988 | INFO     | [435926] 🎯 KẾT QUẢ CHỐT: SAD (35.98%)
2026-05-30 12:20:35,988 | INFO     | [435926] ⏱️ Thời gian phản hồi: 61.13 ms
2026-05-30 12:20:36,159 | INFO     | [436157] ------------------------------------------
2026-05-30 12:20:36,159 | INFO     | [436157] 📥 NHẬN YÊU CẦU QUÉT KHUÔN MẶT MỚI
2026-05-30 12:20:36,159 | INFO     | [436157] Đã xử lý ảnh thành công. Kích thước tensor: (1, 48, 48, 1)
2026-05-30 12:20:36,226 | INFO     | [436157] ⏱️ Model inference: 66.78 ms
2026-05-30 12:20:36,226 | INFO     | [436157] 📊 Chi tiết dự đoán: {'ANGRY': 4.62, 'DISGUST': 0.06, 'FEAR': 15.11, 'HAPPY': 2.94, 'NEUTRAL': 37.64, 'SAD': 35.54, 'SURPRISE': 4.08}
2026-05-30 12:20:36,226 | INFO     | [436157] 🎯 KẾT QUẢ CHỐT: NEUTRAL (37.64%)
2026-05-30 12:20:36,226 | INFO     | [436157] ⏱️ Thời gian phản hồi: 68.28 ms
2026-05-30 12:20:36,426 | INFO     | [436426] ------------------------------------------
2026-05-30 12:20:36,426 | INFO     | [436426] 📥 NHẬN YÊU CẦU QUÉT KHUÔN MẶT MỚI
2026-05-30 12:20:36,428 | INFO     | [436426] Đã xử lý ảnh thành công. Kích thước tensor: (1, 48, 48, 1)
2026-05-30 12:20:36,482 | INFO     | [436426] ⏱️ Model inference: 54.35 ms
2026-05-30 12:20:36,483 | INFO     | [436426] 📊 Chi tiết dự đoán: {'ANGRY': 4.79, 'DISGUST': 0.07, 'FEAR': 15.05, 'HAPPY': 2.16, 'NEUTRAL': 35.93, 'SAD': 38.44, 'SURPRISE': 3.56}
2026-05-30 12:20:36,483 | INFO     | [436426] 🎯 KẾT QUẢ CHỐT: SAD (38.44%)
2026-05-30 12:20:36,483 | INFO     | [436426] ⏱️ Thời gian phản hồi: 56.5 ms
2026-05-30 12:20:36,659 | INFO     | [436658] ------------------------------------------
2026-05-30 12:20:36,659 | INFO     | [436658] 📥 NHẬN YÊU CẦU QUÉT KHUÔN MẶT MỚI
2026-05-30 12:20:36,659 | INFO     | [436658] Đã xử lý ảnh thành công. Kích thước tensor: (1, 48, 48, 1)
2026-05-30 12:20:36,730 | INFO     | [436658] ⏱️ Model inference: 69.18 ms
2026-05-30 12:20:36,730 | INFO     | [436658] 📊 Chi tiết dự đoán: {'ANGRY': 5.76, 'DISGUST': 0.09, 'FEAR': 15.84, 'HAPPY': 2.58, 'NEUTRAL': 33.36, 'SAD': 38.65, 'SURPRISE': 3.72}
2026-05-30 12:20:36,730 | INFO     | [436658] 🎯 KẾT QUẢ CHỐT: SAD (38.65%)
2026-05-30 12:20:36,730 | INFO     | [436658] ⏱️ Thời gian phản hồi: 71.7 ms
2026-05-30 12:20:36,926 | INFO     | [436926] ------------------------------------------
2026-05-30 12:20:36,927 | INFO     | [436926] 📥 NHẬN YÊU CẦU QUÉT KHUÔN MẶT MỚI
2026-05-30 12:20:36,927 | INFO     | [436926] Đã xử lý ảnh thành công. Kích thước tensor: (1, 48, 48, 1)
2026-05-30 12:20:36,979 | INFO     | [436926] ⏱️ Model inference: 51.91 ms
2026-05-30 12:20:36,980 | INFO     | [436926] 📊 Chi tiết dự đoán: {'ANGRY': 4.43, 'DISGUST': 0.05, 'FEAR': 15.46, 'HAPPY': 2.79, 'NEUTRAL': 37.33, 'SAD': 36.04, 'SURPRISE': 3.9}
2026-05-30 12:20:36,980 | INFO     | [436926] 🎯 KẾT QUẢ CHỐT: NEUTRAL (37.33%)
2026-05-30 12:20:36,980 | INFO     | [436926] ⏱️ Thời gian phản hồi: 54.41 ms
2026-05-30 12:20:37,173 | INFO     | [437173] ------------------------------------------
2026-05-30 12:20:37,173 | INFO     | [437173] 📥 NHẬN YÊU CẦU QUÉT KHUÔN MẶT MỚI
2026-05-30 12:20:37,175 | INFO     | [437173] Đã xử lý ảnh thành công. Kích thước tensor: (1, 48, 48, 1)
2026-05-30 12:20:37,249 | INFO     | [437173] ⏱️ Model inference: 74.37 ms
2026-05-30 12:20:37,250 | INFO     | [437173] 📊 Chi tiết dự đoán: {'ANGRY': 7.05, 'DISGUST': 0.12, 'FEAR': 18.08, 'HAPPY': 4.5, 'NEUTRAL': 30.44, 'SAD': 33.81, 'SURPRISE': 6.0}
2026-05-30 12:20:37,250 | INFO     | [437173] 🎯 KẾT QUẢ CHỐT: SAD (33.81%)
2026-05-30 12:20:37,250 | INFO     | [437173] ⏱️ Thời gian phản hồi: 76.73 ms
2026-05-30 12:20:37,405 | INFO     | [437405] ------------------------------------------
2026-05-30 12:20:37,406 | INFO     | [437405] 📥 NHẬN YÊU CẦU QUÉT KHUÔN MẶT MỚI
2026-05-30 12:20:37,406 | INFO     | [437405] Đã xử lý ảnh thành công. Kích thước tensor: (1, 48, 48, 1)
2026-05-30 12:20:37,471 | INFO     | [437405] ⏱️ Model inference: 64.07 ms
2026-05-30 12:20:37,471 | INFO     | [437405] 📊 Chi tiết dự đoán: {'ANGRY': 5.34, 'DISGUST': 0.07, 'FEAR': 16.83, 'HAPPY': 4.14, 'NEUTRAL': 38.05, 'SAD': 30.93, 'SURPRISE': 4.63}
2026-05-30 12:20:37,472 | INFO     | [437405] 🎯 KẾT QUẢ CHỐT: NEUTRAL (38.05%)
2026-05-30 12:20:37,472 | INFO     | [437405] ⏱️ Thời gian phản hồi: 66.27 ms
2026-05-30 12:20:37,656 | INFO     | [437656] ------------------------------------------
2026-05-30 12:20:37,656 | INFO     | [437656] 📥 NHẬN YÊU CẦU QUÉT KHUÔN MẶT MỚI
2026-05-30 12:20:37,657 | INFO     | [437656] Đã xử lý ảnh thành công. Kích thước tensor: (1, 48, 48, 1)
2026-05-30 12:20:37,721 | INFO     | [437656] ⏱️ Model inference: 64.86 ms
2026-05-30 12:20:37,723 | INFO     | [437656] 📊 Chi tiết dự đoán: {'ANGRY': 4.85, 'DISGUST': 0.09, 'FEAR': 18.07, 'HAPPY': 2.98, 'NEUTRAL': 35.9, 'SAD': 32.06, 'SURPRISE': 6.06}
2026-05-30 12:20:37,723 | INFO     | [437656] 🎯 KẾT QUẢ CHỐT: NEUTRAL (35.90%)
2026-05-30 12:20:37,723 | INFO     | [437656] ⏱️ Thời gian phản hồi: 66.91 ms
2026-05-30 12:20:37,906 | INFO     | [437906] ------------------------------------------
2026-05-30 12:20:37,906 | INFO     | [437906] 📥 NHẬN YÊU CẦU QUÉT KHUÔN MẶT MỚI
2026-05-30 12:20:37,907 | INFO     | [437906] Đã xử lý ảnh thành công. Kích thước tensor: (1, 48, 48, 1)
2026-05-30 12:20:37,970 | INFO     | [437906] ⏱️ Model inference: 62.9 ms
2026-05-30 12:20:37,971 | INFO     | [437906] 📊 Chi tiết dự đoán: {'ANGRY': 5.61, 'DISGUST': 0.1, 'FEAR': 15.16, 'HAPPY': 3.16, 'NEUTRAL': 34.66, 'SAD': 36.69, 'SURPRISE': 4.6}
2026-05-30 12:20:37,971 | INFO     | [437906] 🎯 KẾT QUẢ CHỐT: SAD (36.69%)
2026-05-30 12:20:37,971 | INFO     | [437906] ⏱️ Thời gian phản hồi: 65.44 ms
2026-05-30 12:20:38,157 | INFO     | [438157] ------------------------------------------
2026-05-30 12:20:38,157 | INFO     | [438157] 📥 NHẬN YÊU CẦU QUÉT KHUÔN MẶT MỚI
2026-05-30 12:20:38,157 | INFO     | [438157] Đã xử lý ảnh thành công. Kích thước tensor: (1, 48, 48, 1)
2026-05-30 12:20:38,235 | INFO     | [438157] ⏱️ Model inference: 76.39 ms
2026-05-30 12:20:38,235 | INFO     | [438157] 📊 Chi tiết dự đoán: {'ANGRY': 5.61, 'DISGUST': 0.09, 'FEAR': 15.88, 'HAPPY': 4.02, 'NEUTRAL': 31.35, 'SAD': 38.65, 'SURPRISE': 4.39}
2026-05-30 12:20:38,235 | INFO     | [438157] 🎯 KẾT QUẢ CHỐT: SAD (38.65%)
2026-05-30 12:20:38,235 | INFO     | [438157] ⏱️ Thời gian phản hồi: 77.59 ms
2026-05-30 12:20:38,406 | INFO     | [438406] ------------------------------------------
2026-05-30 12:20:38,408 | INFO     | [438406] 📥 NHẬN YÊU CẦU QUÉT KHUÔN MẶT MỚI
2026-05-30 12:20:38,408 | INFO     | [438406] Đã xử lý ảnh thành công. Kích thước tensor: (1, 48, 48, 1)
2026-05-30 12:20:38,471 | INFO     | [438406] ⏱️ Model inference: 63.17 ms
2026-05-30 12:20:38,471 | INFO     | [438406] 📊 Chi tiết dự đoán: {'ANGRY': 4.71, 'DISGUST': 0.09, 'FEAR': 16.2, 'HAPPY': 2.48, 'NEUTRAL': 33.04, 'SAD': 38.22, 'SURPRISE': 5.26}
2026-05-30 12:20:38,471 | INFO     | [438406] 🎯 KẾT QUẢ CHỐT: SAD (38.22%)
2026-05-30 12:20:38,472 | INFO     | [438406] ⏱️ Thời gian phản hồi: 64.91 ms
2026-05-30 12:20:38,669 | INFO     | [438669] ------------------------------------------
2026-05-30 12:20:38,669 | INFO     | [438669] 📥 NHẬN YÊU CẦU QUÉT KHUÔN MẶT MỚI
2026-05-30 12:20:38,670 | INFO     | [438669] Đã xử lý ảnh thành công. Kích thước tensor: (1, 48, 48, 1)
2026-05-30 12:20:38,735 | INFO     | [438669] ⏱️ Model inference: 64.94 ms
2026-05-30 12:20:38,735 | INFO     | [438669] 📊 Chi tiết dự đoán: {'ANGRY': 4.69, 'DISGUST': 0.07, 'FEAR': 15.56, 'HAPPY': 2.47, 'NEUTRAL': 33.89, 'SAD': 39.12, 'SURPRISE': 4.2}
2026-05-30 12:20:38,735 | INFO     | [438669] 🎯 KẾT QUẢ CHỐT: SAD (39.12%)
2026-05-30 12:20:38,735 | INFO     | [438669] ⏱️ Thời gian phản hồi: 66.31 ms
2026-05-30 12:20:38,920 | INFO     | [438920] ------------------------------------------
2026-05-30 12:20:38,920 | INFO     | [438920] 📥 NHẬN YÊU CẦU QUÉT KHUÔN MẶT MỚI
2026-05-30 12:20:38,921 | INFO     | [438920] Đã xử lý ảnh thành công. Kích thước tensor: (1, 48, 48, 1)
2026-05-30 12:20:39,004 | INFO     | [438920] ⏱️ Model inference: 83.89 ms
2026-05-30 12:20:39,005 | INFO     | [438920] 📊 Chi tiết dự đoán: {'ANGRY': 4.49, 'DISGUST': 0.06, 'FEAR': 13.51, 'HAPPY': 2.52, 'NEUTRAL': 35.61, 'SAD': 40.94, 'SURPRISE': 2.86}
2026-05-30 12:20:39,005 | INFO     | [438920] 🎯 KẾT QUẢ CHỐT: SAD (40.94%)
2026-05-30 12:20:39,006 | INFO     | [438920] ⏱️ Thời gian phản hồi: 84.89 ms
2026-05-30 12:20:39,048 | INFO     | [BATCH-439048] ==========================================
2026-05-30 12:20:39,048 | INFO     | [BATCH-439048] 🎞️ NHẬN CHUỖI 5 KHUNG HÌNH (BATCH)
2026-05-30 12:20:39,680 | INFO     | [BATCH-439048] ⏱️ Batch inference elapsed: 629.39 ms (5 frames)
2026-05-30 12:20:39,681 | INFO     | [BATCH-439048] ↳ Frame 1/5: SAD (36.7%)
2026-05-30 12:20:39,682 | INFO     | [BATCH-439048] ↳ Frame 2/5: SAD (38.7%)
2026-05-30 12:20:39,684 | INFO     | [BATCH-439048] ↳ Frame 3/5: SAD (38.2%)
2026-05-30 12:20:39,684 | INFO     | [BATCH-439048] ↳ Frame 4/5: SAD (39.1%)
2026-05-30 12:20:39,685 | INFO     | [BATCH-439048] ↳ Frame 5/5: SAD (40.9%)
2026-05-30 12:20:39,686 | INFO     | [BATCH-439048] 🎯 KẾT QUẢ CHUỖI: SAD (Tần suất: {'SAD': 5})
2026-05-30 12:20:39,687 | INFO     | [BATCH-439048] ⏱️ Tổng thời gian xử lý: 638.71 ms
2026-05-30 12:38:17,219 | INFO     | [emotion-service] Worker shutdown pid=21572 — draining inference executor ...
2026-05-30 12:38:17,223 | INFO     | [emotion-service] Worker shutdown pid=21572 complete
