2026-05-07 01:54:09,717 | INFO     | ⏳ Đang nạp AI Model vào bộ nhớ...
2026-05-07 01:54:13,576 | INFO     | ✅ Nạp Model thành công! Server AI đã sẵn sàng.
2026-05-07 13:34:16,616 | INFO     | ⏳ Đang nạp AI Model vào bộ nhớ...
2026-05-07 13:34:20,251 | INFO     | ✅ Nạp Model thành công! Server AI đã sẵn sàng.
2026-05-07 14:21:54,463 | INFO     | [514462] ------------------------------------------
2026-05-07 14:21:54,466 | INFO     | [514462] 📥 NHẬN YÊU CẦU QUÉT KHUÔN MẶT MỚI
2026-05-07 14:21:54,510 | INFO     | [514462] Đã xử lý ảnh thành công. Kích thước tensor: (1, 48, 48, 1)
2026-05-07 14:22:15,033 | INFO     | [514462] 📊 Chi tiết dự đoán: {'ANGRY': 2.8, 'DISGUST': 0.22, 'FEAR': 7.38, 'HAPPY': 33.38, 'NEUTRAL': 20.45, 'SAD': 34.28, 'SURPRISE': 1.49}
2026-05-07 14:22:15,034 | INFO     | [514462] 🎯 KẾT QUẢ CHỐT: SAD (34.28%)
2026-05-07 14:22:15,034 | INFO     | [514462] ⏱️ Thời gian phản hồi: 20570.97 ms
2026-05-07 14:24:57,459 | INFO     | [697459] ------------------------------------------
2026-05-07 14:24:57,460 | INFO     | [697459] 📥 NHẬN YÊU CẦU QUÉT KHUÔN MẶT MỚI
2026-05-07 14:24:57,465 | INFO     | [697459] Đã xử lý ảnh thành công. Kích thước tensor: (1, 48, 48, 1)
2026-05-07 14:24:57,720 | INFO     | [697459] 📊 Chi tiết dự đoán: {'ANGRY': 6.58, 'DISGUST': 0.15, 'FEAR': 14.59, 'HAPPY': 20.7, 'NEUTRAL': 18.59, 'SAD': 37.42, 'SURPRISE': 1.96}
2026-05-07 14:24:57,721 | INFO     | [697459] 🎯 KẾT QUẢ CHỐT: SAD (37.42%)
2026-05-07 14:24:57,721 | INFO     | [697459] ⏱️ Thời gian phản hồi: 261.05 ms
2026-05-07 14:27:29,851 | INFO     | [849851] ------------------------------------------
2026-05-07 14:27:29,852 | INFO     | [849851] 📥 NHẬN YÊU CẦU QUÉT KHUÔN MẶT MỚI
2026-05-07 14:27:29,853 | INFO     | [849851] Đã xử lý ảnh thành công. Kích thước tensor: (1, 48, 48, 1)
2026-05-07 14:27:29,970 | INFO     | [849851] 📊 Chi tiết dự đoán: {'ANGRY': 6.11, 'DISGUST': 0.15, 'FEAR': 11.05, 'HAPPY': 38.04, 'NEUTRAL': 17.16, 'SAD': 23.42, 'SURPRISE': 4.07}
2026-05-07 14:27:29,970 | INFO     | [849851] 🎯 KẾT QUẢ CHỐT: HAPPY (38.04%)
2026-05-07 14:27:29,970 | INFO     | [849851] ⏱️ Thời gian phản hồi: 119.04 ms
2026-05-07 18:26:45,053 | INFO     | ⏳ Đang nạp AI Model vào bộ nhớ...
2026-05-07 18:26:49,736 | INFO     | ✅ Nạp Model thành công! Server AI đã sẵn sàng.
2026-05-07 23:54:28,011 | INFO     | ⏳ Đang nạp AI Model vào bộ nhớ...
2026-05-07 23:54:30,608 | INFO     | ✅ Nạp Model thành công! Server AI đã sẵn sàng.
