2026-05-10 20:51:27,959 | INFO     | ⏳ Đang nạp AI Model vào bộ nhớ...
2026-05-10 20:51:31,420 | INFO     | ✅ Nạp Model thành công! Server AI đã sẵn sàng.
2026-05-10 21:58:14,237 | INFO     | ⏳ Đang nạp AI Model vào bộ nhớ...
2026-05-10 21:58:17,334 | INFO     | ✅ Nạp Model thành công! Server AI đã sẵn sàng.
2026-05-10 22:06:19,261 | INFO     | [579261] ------------------------------------------
2026-05-10 22:06:19,264 | INFO     | [579261] 📥 NHẬN YÊU CẦU QUÉT KHUÔN MẶT MỚI
2026-05-10 22:06:19,297 | INFO     | [579261] Đã xử lý ảnh thành công. Kích thước tensor: (1, 48, 48, 1)
2026-05-10 22:06:40,047 | INFO     | [579261] 📊 Chi tiết dự đoán: {'ANGRY': 5.83, 'DISGUST': 0.09, 'FEAR': 8.56, 'HAPPY': 5.74, 'NEUTRAL': 13.53, 'SAD': 62.25, 'SURPRISE': 4.0}
2026-05-10 22:06:40,047 | INFO     | [579261] 🎯 KẾT QUẢ CHỐT: SAD (62.25%)
2026-05-10 22:06:40,047 | INFO     | [579261] ⏱️ Thời gian phản hồi: 20781.19 ms
2026-05-10 22:28:18,946 | INFO     | [BATCH-898946] ==========================================
2026-05-10 22:28:18,948 | INFO     | [BATCH-898946] 🎞️ NHẬN CHUỖI 5 KHUNG HÌNH (BATCH)
2026-05-10 22:28:19,550 | INFO     | [BATCH-898946] ↳ Frame 1/5: HAPPY (34.1%)
2026-05-10 22:28:19,668 | INFO     | [BATCH-898946] ↳ Frame 2/5: HAPPY (37.5%)
2026-05-10 22:28:19,761 | INFO     | [BATCH-898946] ↳ Frame 3/5: HAPPY (42.8%)
2026-05-10 22:28:19,842 | INFO     | [BATCH-898946] ↳ Frame 4/5: HAPPY (48.4%)
2026-05-10 22:28:19,928 | INFO     | [BATCH-898946] ↳ Frame 5/5: HAPPY (46.4%)
2026-05-10 22:28:19,930 | INFO     | [BATCH-898946] 🎯 KẾT QUẢ CHUỖI: HAPPY (Tần suất: {'HAPPY': 5})
2026-05-10 22:28:19,931 | INFO     | [BATCH-898946] ⏱️ Tổng thời gian xử lý: 984.25 ms
2026-05-10 22:44:56,042 | INFO     | [BATCH-896042] ==========================================
2026-05-10 22:44:56,045 | INFO     | [BATCH-896042] 🎞️ NHẬN CHUỖI 5 KHUNG HÌNH (BATCH)
2026-05-10 22:44:56,226 | INFO     | [BATCH-896042] ↳ Frame 1/5: HAPPY (30.7%)
2026-05-10 22:44:56,316 | INFO     | [BATCH-896042] ↳ Frame 2/5: HAPPY (35.8%)
2026-05-10 22:44:56,421 | INFO     | [BATCH-896042] ↳ Frame 3/5: HAPPY (50.3%)
2026-05-10 22:44:56,501 | INFO     | [BATCH-896042] ↳ Frame 4/5: HAPPY (33.9%)
2026-05-10 22:44:56,605 | INFO     | [BATCH-896042] ↳ Frame 5/5: HAPPY (38.1%)
2026-05-10 22:44:56,606 | INFO     | [BATCH-896042] 🎯 KẾT QUẢ CHUỖI: HAPPY (Tần suất: {'HAPPY': 5})
2026-05-10 22:44:56,606 | INFO     | [BATCH-896042] ⏱️ Tổng thời gian xử lý: 562.81 ms
2026-05-10 22:57:08,799 | INFO     | [BATCH-628799] ==========================================
2026-05-10 22:57:08,799 | INFO     | [BATCH-628799] 🎞️ NHẬN CHUỖI 5 KHUNG HÌNH (BATCH)
2026-05-10 22:57:08,922 | INFO     | [BATCH-628799] ↳ Frame 1/5: HAPPY (35.7%)
2026-05-10 22:57:09,015 | INFO     | [BATCH-628799] ↳ Frame 2/5: HAPPY (32.0%)
2026-05-10 22:57:09,107 | INFO     | [BATCH-628799] ↳ Frame 3/5: NEUTRAL (33.4%)
2026-05-10 22:57:09,202 | INFO     | [BATCH-628799] ↳ Frame 4/5: HAPPY (41.8%)
2026-05-10 22:57:09,294 | INFO     | [BATCH-628799] ↳ Frame 5/5: HAPPY (36.8%)
2026-05-10 22:57:09,295 | INFO     | [BATCH-628799] 🎯 KẾT QUẢ CHUỖI: HAPPY (Tần suất: {'HAPPY': 4, 'NEUTRAL': 1})
2026-05-10 22:57:09,296 | INFO     | [BATCH-628799] ⏱️ Tổng thời gian xử lý: 495.74 ms
2026-05-10 22:57:18,018 | INFO     | [BATCH-638018] ==========================================
2026-05-10 22:57:18,018 | INFO     | [BATCH-638018] 🎞️ NHẬN CHUỖI 5 KHUNG HÌNH (BATCH)
2026-05-10 22:57:18,182 | INFO     | [BATCH-638018] ↳ Frame 1/5: NEUTRAL (30.0%)
2026-05-10 22:57:18,281 | INFO     | [BATCH-638018] ↳ Frame 2/5: HAPPY (44.6%)
2026-05-10 22:57:18,387 | INFO     | [BATCH-638018] ↳ Frame 3/5: NEUTRAL (29.2%)
2026-05-10 22:57:18,479 | INFO     | [BATCH-638018] ↳ Frame 4/5: NEUTRAL (32.9%)
2026-05-10 22:57:18,583 | INFO     | [BATCH-638018] ↳ Frame 5/5: NEUTRAL (32.3%)
2026-05-10 22:57:18,583 | INFO     | [BATCH-638018] 🎯 KẾT QUẢ CHUỖI: NEUTRAL (Tần suất: {'NEUTRAL': 4, 'HAPPY': 1})
2026-05-10 22:57:18,583 | INFO     | [BATCH-638018] ⏱️ Tổng thời gian xử lý: 564.03 ms
2026-05-10 23:12:58,421 | INFO     | [BATCH-578421] ==========================================
2026-05-10 23:12:58,423 | INFO     | [BATCH-578421] 🎞️ NHẬN CHUỖI 5 KHUNG HÌNH (BATCH)
2026-05-10 23:12:58,596 | INFO     | [BATCH-578421] ↳ Frame 1/5: HAPPY (34.7%)
2026-05-10 23:12:58,693 | INFO     | [BATCH-578421] ↳ Frame 2/5: HAPPY (43.0%)
2026-05-10 23:12:58,792 | INFO     | [BATCH-578421] ↳ Frame 3/5: HAPPY (44.3%)
2026-05-10 23:12:58,884 | INFO     | [BATCH-578421] ↳ Frame 4/5: HAPPY (34.9%)
2026-05-10 23:12:58,970 | INFO     | [BATCH-578421] ↳ Frame 5/5: HAPPY (43.5%)
2026-05-10 23:12:58,971 | INFO     | [BATCH-578421] 🎯 KẾT QUẢ CHUỖI: HAPPY (Tần suất: {'HAPPY': 5})
2026-05-10 23:12:58,971 | INFO     | [BATCH-578421] ⏱️ Tổng thời gian xử lý: 550.12 ms
2026-05-10 23:13:04,918 | INFO     | [BATCH-584918] ==========================================
2026-05-10 23:13:04,918 | INFO     | [BATCH-584918] 🎞️ NHẬN CHUỖI 5 KHUNG HÌNH (BATCH)
2026-05-10 23:13:05,029 | INFO     | [BATCH-584918] ↳ Frame 1/5: HAPPY (55.9%)
2026-05-10 23:13:05,114 | INFO     | [BATCH-584918] ↳ Frame 2/5: HAPPY (43.1%)
2026-05-10 23:13:05,214 | INFO     | [BATCH-584918] ↳ Frame 3/5: HAPPY (47.0%)
2026-05-10 23:13:05,323 | INFO     | [BATCH-584918] ↳ Frame 4/5: HAPPY (49.2%)
2026-05-10 23:13:05,439 | INFO     | [BATCH-584918] ↳ Frame 5/5: HAPPY (37.2%)
2026-05-10 23:13:05,439 | INFO     | [BATCH-584918] 🎯 KẾT QUẢ CHUỖI: HAPPY (Tần suất: {'HAPPY': 5})
2026-05-10 23:13:05,439 | INFO     | [BATCH-584918] ⏱️ Tổng thời gian xử lý: 521.11 ms
2026-05-10 23:13:16,244 | INFO     | [BATCH-596243] ==========================================
2026-05-10 23:13:16,244 | INFO     | [BATCH-596243] 🎞️ NHẬN CHUỖI 5 KHUNG HÌNH (BATCH)
2026-05-10 23:13:16,369 | INFO     | [BATCH-596243] ↳ Frame 1/5: HAPPY (35.3%)
2026-05-10 23:13:16,462 | INFO     | [BATCH-596243] ↳ Frame 2/5: HAPPY (30.3%)
2026-05-10 23:13:16,556 | INFO     | [BATCH-596243] ↳ Frame 3/5: HAPPY (42.8%)
2026-05-10 23:13:16,646 | INFO     | [BATCH-596243] ↳ Frame 4/5: HAPPY (40.4%)
2026-05-10 23:13:16,751 | INFO     | [BATCH-596243] ↳ Frame 5/5: HAPPY (39.8%)
2026-05-10 23:13:16,751 | INFO     | [BATCH-596243] 🎯 KẾT QUẢ CHUỖI: HAPPY (Tần suất: {'HAPPY': 5})
2026-05-10 23:13:16,751 | INFO     | [BATCH-596243] ⏱️ Tổng thời gian xử lý: 507.8 ms
2026-05-10 23:13:53,883 | INFO     | [BATCH-633883] ==========================================
2026-05-10 23:13:53,883 | INFO     | [BATCH-633883] 🎞️ NHẬN CHUỖI 5 KHUNG HÌNH (BATCH)
2026-05-10 23:13:53,982 | INFO     | [BATCH-633883] ↳ Frame 1/5: HAPPY (29.5%)
2026-05-10 23:13:54,063 | INFO     | [BATCH-633883] ↳ Frame 2/5: HAPPY (37.7%)
2026-05-10 23:13:54,156 | INFO     | [BATCH-633883] ↳ Frame 3/5: HAPPY (37.8%)
2026-05-10 23:13:54,281 | INFO     | [BATCH-633883] ↳ Frame 4/5: HAPPY (35.4%)
2026-05-10 23:13:54,365 | INFO     | [BATCH-633883] ↳ Frame 5/5: HAPPY (35.3%)
2026-05-10 23:13:54,365 | INFO     | [BATCH-633883] 🎯 KẾT QUẢ CHUỖI: HAPPY (Tần suất: {'HAPPY': 5})
2026-05-10 23:13:54,365 | INFO     | [BATCH-633883] ⏱️ Tổng thời gian xử lý: 481.21 ms
2026-05-10 23:14:01,049 | INFO     | [BATCH-641049] ==========================================
2026-05-10 23:14:01,049 | INFO     | [BATCH-641049] 🎞️ NHẬN CHUỖI 5 KHUNG HÌNH (BATCH)
2026-05-10 23:14:01,156 | INFO     | [BATCH-641049] ↳ Frame 1/5: HAPPY (39.1%)
2026-05-10 23:14:01,239 | INFO     | [BATCH-641049] ↳ Frame 2/5: HAPPY (40.2%)
2026-05-10 23:14:01,333 | INFO     | [BATCH-641049] ↳ Frame 3/5: HAPPY (34.4%)
2026-05-10 23:14:01,429 | INFO     | [BATCH-641049] ↳ Frame 4/5: HAPPY (41.1%)
2026-05-10 23:14:01,532 | INFO     | [BATCH-641049] ↳ Frame 5/5: HAPPY (38.2%)
2026-05-10 23:14:01,532 | INFO     | [BATCH-641049] 🎯 KẾT QUẢ CHUỖI: HAPPY (Tần suất: {'HAPPY': 5})
2026-05-10 23:14:01,532 | INFO     | [BATCH-641049] ⏱️ Tổng thời gian xử lý: 483.22 ms
2026-05-10 23:14:09,071 | INFO     | [BATCH-649071] ==========================================
2026-05-10 23:14:09,071 | INFO     | [BATCH-649071] 🎞️ NHẬN CHUỖI 5 KHUNG HÌNH (BATCH)
2026-05-10 23:14:09,174 | INFO     | [BATCH-649071] ↳ Frame 1/5: HAPPY (27.3%)
2026-05-10 23:14:09,266 | INFO     | [BATCH-649071] ↳ Frame 2/5: HAPPY (48.1%)
2026-05-10 23:14:09,362 | INFO     | [BATCH-649071] ↳ Frame 3/5: HAPPY (44.5%)
2026-05-10 23:14:09,459 | INFO     | [BATCH-649071] ↳ Frame 4/5: HAPPY (31.6%)
2026-05-10 23:14:09,545 | INFO     | [BATCH-649071] ↳ Frame 5/5: SAD (26.3%)
2026-05-10 23:14:09,545 | INFO     | [BATCH-649071] 🎯 KẾT QUẢ CHUỖI: HAPPY (Tần suất: {'HAPPY': 4, 'SAD': 1})
2026-05-10 23:14:09,545 | INFO     | [BATCH-649071] ⏱️ Tổng thời gian xử lý: 473.91 ms
2026-05-10 23:15:02,694 | INFO     | [BATCH-702694] ==========================================
2026-05-10 23:15:02,695 | INFO     | [BATCH-702694] 🎞️ NHẬN CHUỖI 5 KHUNG HÌNH (BATCH)
2026-05-10 23:15:02,816 | INFO     | [BATCH-702694] ↳ Frame 1/5: HAPPY (59.8%)
2026-05-10 23:15:02,908 | INFO     | [BATCH-702694] ↳ Frame 2/5: HAPPY (56.2%)
2026-05-10 23:15:03,009 | INFO     | [BATCH-702694] ↳ Frame 3/5: HAPPY (68.7%)
2026-05-10 23:15:03,094 | INFO     | [BATCH-702694] ↳ Frame 4/5: HAPPY (48.9%)
2026-05-10 23:15:03,180 | INFO     | [BATCH-702694] ↳ Frame 5/5: HAPPY (56.7%)
2026-05-10 23:15:03,181 | INFO     | [BATCH-702694] 🎯 KẾT QUẢ CHUỖI: HAPPY (Tần suất: {'HAPPY': 5})
2026-05-10 23:15:03,181 | INFO     | [BATCH-702694] ⏱️ Tổng thời gian xử lý: 486.87 ms
2026-05-10 23:15:10,521 | INFO     | [BATCH-710521] ==========================================
2026-05-10 23:15:10,521 | INFO     | [BATCH-710521] 🎞️ NHẬN CHUỖI 5 KHUNG HÌNH (BATCH)
2026-05-10 23:15:10,657 | INFO     | [BATCH-710521] ↳ Frame 1/5: HAPPY (56.3%)
2026-05-10 23:15:10,738 | INFO     | [BATCH-710521] ↳ Frame 2/5: HAPPY (65.1%)
2026-05-10 23:15:10,840 | INFO     | [BATCH-710521] ↳ Frame 3/5: HAPPY (63.4%)
2026-05-10 23:15:10,931 | INFO     | [BATCH-710521] ↳ Frame 4/5: HAPPY (60.2%)
2026-05-10 23:15:11,016 | INFO     | [BATCH-710521] ↳ Frame 5/5: HAPPY (43.5%)
2026-05-10 23:15:11,016 | INFO     | [BATCH-710521] 🎯 KẾT QUẢ CHUỖI: HAPPY (Tần suất: {'HAPPY': 5})
2026-05-10 23:15:11,017 | INFO     | [BATCH-710521] ⏱️ Tổng thời gian xử lý: 495.12 ms
2026-05-10 23:15:17,015 | INFO     | [BATCH-717015] ==========================================
2026-05-10 23:15:17,016 | INFO     | [BATCH-717015] 🎞️ NHẬN CHUỖI 5 KHUNG HÌNH (BATCH)
2026-05-10 23:15:17,143 | INFO     | [BATCH-717015] ↳ Frame 1/5: HAPPY (46.3%)
2026-05-10 23:15:17,232 | INFO     | [BATCH-717015] ↳ Frame 2/5: HAPPY (62.2%)
2026-05-10 23:15:17,335 | INFO     | [BATCH-717015] ↳ Frame 3/5: HAPPY (44.7%)
2026-05-10 23:15:17,426 | INFO     | [BATCH-717015] ↳ Frame 4/5: HAPPY (68.9%)
2026-05-10 23:15:17,507 | INFO     | [BATCH-717015] ↳ Frame 5/5: HAPPY (72.5%)
2026-05-10 23:15:17,507 | INFO     | [BATCH-717015] 🎯 KẾT QUẢ CHUỖI: HAPPY (Tần suất: {'HAPPY': 5})
2026-05-10 23:15:17,508 | INFO     | [BATCH-717015] ⏱️ Tổng thời gian xử lý: 491.73 ms
2026-05-10 23:15:49,263 | INFO     | [BATCH-749263] ==========================================
2026-05-10 23:15:49,264 | INFO     | [BATCH-749263] 🎞️ NHẬN CHUỖI 5 KHUNG HÌNH (BATCH)
2026-05-10 23:15:49,366 | INFO     | [BATCH-749263] ↳ Frame 1/5: HAPPY (61.2%)
2026-05-10 23:15:49,475 | INFO     | [BATCH-749263] ↳ Frame 2/5: HAPPY (57.8%)
2026-05-10 23:15:49,585 | INFO     | [BATCH-749263] ↳ Frame 3/5: HAPPY (63.9%)
2026-05-10 23:15:49,667 | INFO     | [BATCH-749263] ↳ Frame 4/5: HAPPY (57.6%)
2026-05-10 23:15:49,765 | INFO     | [BATCH-749263] ↳ Frame 5/5: HAPPY (62.2%)
2026-05-10 23:15:49,765 | INFO     | [BATCH-749263] 🎯 KẾT QUẢ CHUỖI: HAPPY (Tần suất: {'HAPPY': 5})
2026-05-10 23:15:49,765 | INFO     | [BATCH-749263] ⏱️ Tổng thời gian xử lý: 502.37 ms
2026-05-10 23:15:56,670 | INFO     | [BATCH-756670] ==========================================
2026-05-10 23:15:56,671 | INFO     | [BATCH-756670] 🎞️ NHẬN CHUỖI 5 KHUNG HÌNH (BATCH)
2026-05-10 23:15:56,814 | INFO     | [BATCH-756670] ↳ Frame 1/5: HAPPY (65.1%)
2026-05-10 23:15:56,905 | INFO     | [BATCH-756670] ↳ Frame 2/5: HAPPY (59.4%)
2026-05-10 23:15:57,009 | INFO     | [BATCH-756670] ↳ Frame 3/5: HAPPY (50.5%)
2026-05-10 23:15:57,089 | INFO     | [BATCH-756670] ↳ Frame 4/5: HAPPY (55.9%)
2026-05-10 23:15:57,181 | INFO     | [BATCH-756670] ↳ Frame 5/5: HAPPY (54.3%)
2026-05-10 23:15:57,182 | INFO     | [BATCH-756670] 🎯 KẾT QUẢ CHUỖI: HAPPY (Tần suất: {'HAPPY': 5})
2026-05-10 23:15:57,182 | INFO     | [BATCH-756670] ⏱️ Tổng thời gian xử lý: 511.27 ms
2026-05-10 23:16:05,305 | INFO     | [BATCH-765305] ==========================================
2026-05-10 23:16:05,309 | INFO     | [BATCH-765305] 🎞️ NHẬN CHUỖI 5 KHUNG HÌNH (BATCH)
2026-05-10 23:16:05,561 | INFO     | [BATCH-765305] ↳ Frame 1/5: HAPPY (54.9%)
2026-05-10 23:16:05,668 | INFO     | [BATCH-765305] ↳ Frame 2/5: HAPPY (71.7%)
2026-05-10 23:16:05,794 | INFO     | [BATCH-765305] ↳ Frame 3/5: HAPPY (61.1%)
2026-05-10 23:16:05,875 | INFO     | [BATCH-765305] ↳ Frame 4/5: HAPPY (57.5%)
2026-05-10 23:16:05,979 | INFO     | [BATCH-765305] ↳ Frame 5/5: HAPPY (50.5%)
2026-05-10 23:16:05,980 | INFO     | [BATCH-765305] 🎯 KẾT QUẢ CHUỖI: HAPPY (Tần suất: {'HAPPY': 5})
2026-05-10 23:16:05,980 | INFO     | [BATCH-765305] ⏱️ Tổng thời gian xử lý: 674.6 ms
2026-05-10 23:16:39,205 | INFO     | [BATCH-799205] ==========================================
2026-05-10 23:16:39,207 | INFO     | [BATCH-799205] 🎞️ NHẬN CHUỖI 5 KHUNG HÌNH (BATCH)
2026-05-10 23:16:39,325 | INFO     | [BATCH-799205] ↳ Frame 1/5: HAPPY (56.6%)
2026-05-10 23:16:39,436 | INFO     | [BATCH-799205] ↳ Frame 2/5: HAPPY (58.8%)
2026-05-10 23:16:39,536 | INFO     | [BATCH-799205] ↳ Frame 3/5: HAPPY (61.8%)
2026-05-10 23:16:39,627 | INFO     | [BATCH-799205] ↳ Frame 4/5: HAPPY (59.3%)
2026-05-10 23:16:39,708 | INFO     | [BATCH-799205] ↳ Frame 5/5: HAPPY (67.0%)
2026-05-10 23:16:39,709 | INFO     | [BATCH-799205] 🎯 KẾT QUẢ CHUỖI: HAPPY (Tần suất: {'HAPPY': 5})
2026-05-10 23:16:39,709 | INFO     | [BATCH-799205] ⏱️ Tổng thời gian xử lý: 503.15 ms
2026-05-10 23:16:47,437 | INFO     | [BATCH-807437] ==========================================
2026-05-10 23:16:47,437 | INFO     | [BATCH-807437] 🎞️ NHẬN CHUỖI 5 KHUNG HÌNH (BATCH)
2026-05-10 23:16:47,542 | INFO     | [BATCH-807437] ↳ Frame 1/5: HAPPY (66.8%)
2026-05-10 23:16:47,639 | INFO     | [BATCH-807437] ↳ Frame 2/5: HAPPY (57.9%)
2026-05-10 23:16:47,731 | INFO     | [BATCH-807437] ↳ Frame 3/5: HAPPY (53.7%)
2026-05-10 23:16:47,824 | INFO     | [BATCH-807437] ↳ Frame 4/5: HAPPY (50.0%)
2026-05-10 23:16:47,934 | INFO     | [BATCH-807437] ↳ Frame 5/5: HAPPY (51.7%)
2026-05-10 23:16:47,935 | INFO     | [BATCH-807437] 🎯 KẾT QUẢ CHUỖI: HAPPY (Tần suất: {'HAPPY': 5})
2026-05-10 23:16:47,935 | INFO     | [BATCH-807437] ⏱️ Tổng thời gian xử lý: 497.17 ms
2026-05-10 23:17:16,401 | INFO     | [BATCH-836401] ==========================================
2026-05-10 23:17:16,403 | INFO     | [BATCH-836401] 🎞️ NHẬN CHUỖI 5 KHUNG HÌNH (BATCH)
2026-05-10 23:17:16,532 | INFO     | [BATCH-836401] ↳ Frame 1/5: HAPPY (64.1%)
2026-05-10 23:17:16,628 | INFO     | [BATCH-836401] ↳ Frame 2/5: HAPPY (66.1%)
2026-05-10 23:17:16,729 | INFO     | [BATCH-836401] ↳ Frame 3/5: HAPPY (63.9%)
2026-05-10 23:17:16,811 | INFO     | [BATCH-836401] ↳ Frame 4/5: HAPPY (65.8%)
2026-05-10 23:17:16,919 | INFO     | [BATCH-836401] ↳ Frame 5/5: HAPPY (60.9%)
2026-05-10 23:17:16,919 | INFO     | [BATCH-836401] 🎯 KẾT QUẢ CHUỖI: HAPPY (Tần suất: {'HAPPY': 5})
2026-05-10 23:17:16,919 | INFO     | [BATCH-836401] ⏱️ Tổng thời gian xử lý: 517.32 ms
2026-05-10 23:24:59,421 | INFO     | [BATCH-299421] ==========================================
2026-05-10 23:24:59,423 | INFO     | [BATCH-299421] 🎞️ NHẬN CHUỖI 5 KHUNG HÌNH (BATCH)
2026-05-10 23:24:59,500 | INFO     | [BATCH-299421] ↳ Frame 1/5: HAPPY (57.3%)
2026-05-10 23:24:59,584 | INFO     | [BATCH-299421] ↳ Frame 2/5: HAPPY (50.5%)
2026-05-10 23:24:59,653 | INFO     | [BATCH-299421] ↳ Frame 3/5: HAPPY (52.8%)
2026-05-10 23:24:59,722 | INFO     | [BATCH-299421] ↳ Frame 4/5: HAPPY (54.0%)
2026-05-10 23:24:59,812 | INFO     | [BATCH-299421] ↳ Frame 5/5: HAPPY (55.4%)
2026-05-10 23:24:59,813 | INFO     | [BATCH-299421] 🎯 KẾT QUẢ CHUỖI: HAPPY (Tần suất: {'HAPPY': 5})
2026-05-10 23:24:59,813 | INFO     | [BATCH-299421] ⏱️ Tổng thời gian xử lý: 392.03 ms
2026-05-10 23:31:02,109 | INFO     | [BATCH-662109] ==========================================
2026-05-10 23:31:02,109 | INFO     | [BATCH-662109] 🎞️ NHẬN CHUỖI 5 KHUNG HÌNH (BATCH)
2026-05-10 23:31:02,300 | INFO     | [BATCH-662109] ↳ Frame 1/5: HAPPY (47.5%)
2026-05-10 23:31:02,683 | INFO     | [BATCH-662109] ↳ Frame 2/5: HAPPY (43.4%)
2026-05-10 23:31:03,028 | INFO     | [BATCH-662109] ↳ Frame 3/5: HAPPY (42.5%)
2026-05-10 23:31:03,323 | INFO     | [BATCH-662109] ↳ Frame 4/5: HAPPY (42.4%)
2026-05-10 23:31:03,617 | INFO     | [BATCH-662109] ↳ Frame 5/5: HAPPY (39.2%)
2026-05-10 23:31:03,618 | INFO     | [BATCH-662109] 🎯 KẾT QUẢ CHUỖI: HAPPY (Tần suất: {'HAPPY': 5})
2026-05-10 23:31:03,620 | INFO     | [BATCH-662109] ⏱️ Tổng thời gian xử lý: 1509.14 ms
2026-05-10 23:45:00,531 | INFO     | [BATCH-500530] ==========================================
2026-05-10 23:45:00,533 | INFO     | [BATCH-500530] 🎞️ NHẬN CHUỖI 5 KHUNG HÌNH (BATCH)
2026-05-10 23:45:01,296 | INFO     | [BATCH-500530] ↳ Frame 1/5: HAPPY (56.4%)
2026-05-10 23:45:01,568 | INFO     | [BATCH-500530] ↳ Frame 2/5: HAPPY (62.8%)
2026-05-10 23:45:01,689 | INFO     | [BATCH-500530] ↳ Frame 3/5: HAPPY (63.2%)
2026-05-10 23:45:01,805 | INFO     | [BATCH-500530] ↳ Frame 4/5: HAPPY (68.6%)
2026-05-10 23:45:01,891 | INFO     | [BATCH-500530] ↳ Frame 5/5: HAPPY (63.8%)
2026-05-10 23:45:01,892 | INFO     | [BATCH-500530] 🎯 KẾT QUẢ CHUỖI: HAPPY (Tần suất: {'HAPPY': 5})
2026-05-10 23:45:01,892 | INFO     | [BATCH-500530] ⏱️ Tổng thời gian xử lý: 1362.45 ms
2026-05-10 23:51:14,017 | INFO     | [BATCH-874017] ==========================================
2026-05-10 23:51:14,017 | INFO     | [BATCH-874017] 🎞️ NHẬN CHUỖI 5 KHUNG HÌNH (BATCH)
2026-05-10 23:51:14,097 | INFO     | [BATCH-874017] ↳ Frame 1/5: HAPPY (53.5%)
2026-05-10 23:51:14,168 | INFO     | [BATCH-874017] ↳ Frame 2/5: HAPPY (49.8%)
2026-05-10 23:51:14,240 | INFO     | [BATCH-874017] ↳ Frame 3/5: HAPPY (47.4%)
2026-05-10 23:51:14,338 | INFO     | [BATCH-874017] ↳ Frame 4/5: HAPPY (38.5%)
2026-05-10 23:51:14,427 | INFO     | [BATCH-874017] ↳ Frame 5/5: HAPPY (52.6%)
2026-05-10 23:51:14,427 | INFO     | [BATCH-874017] 🎯 KẾT QUẢ CHUỖI: HAPPY (Tần suất: {'HAPPY': 5})
2026-05-10 23:51:14,429 | INFO     | [BATCH-874017] ⏱️ Tổng thời gian xử lý: 410.12 ms
