2026-06-04 15:35:49,740 | INFO     | ⏳ Đang nạp AI Model vào bộ nhớ...
2026-06-04 15:35:53,114 | INFO     | ✅ Nạp Model thành công! Server AI đã sẵn sàng.
2026-06-04 15:35:53,123 | INFO     | [emotion-service] Inference executor ready: max_workers=4
2026-06-04 15:35:53,412 | INFO     | [emotion-service] Worker boot  pid=31492 inference_workers=4 max_concurrent=12
2026-06-04 15:35:53,414 | INFO     | [emotion-service] pid=31492 warm-up: running dummy predict ...
2026-06-04 15:36:02,450 | INFO     | [emotion-service] pid=31492 warm-up complete
2026-06-04 15:37:07,319 | INFO     | [227319] ------------------------------------------
2026-06-04 15:37:07,320 | INFO     | [227319] 📥 NHẬN YÊU CẦU QUÉT KHUÔN MẶT MỚI
2026-06-04 15:37:07,354 | INFO     | [227319] Đã xử lý ảnh thành công. Kích thước tensor: (1, 48, 48, 1)
2026-06-04 15:37:07,414 | INFO     | [227319] ⏱️ Model inference: 60.11 ms
2026-06-04 15:37:07,416 | INFO     | [227319] 📊 Chi tiết dự đoán: {'ANGRY': 3.14, 'DISGUST': 0.16, 'FEAR': 6.71, 'HAPPY': 11.53, 'NEUTRAL': 15.55, 'SAD': 62.19, 'SURPRISE': 0.71}
2026-06-04 15:37:07,416 | INFO     | [227319] 🎯 KẾT QUẢ CHỐT: SAD (62.19%)
2026-06-04 15:37:07,416 | INFO     | [227319] ⏱️ Thời gian phản hồi: 96.47 ms
2026-06-04 15:37:07,521 | INFO     | [227521] ------------------------------------------
2026-06-04 15:37:07,521 | INFO     | [227521] 📥 NHẬN YÊU CẦU QUÉT KHUÔN MẶT MỚI
2026-06-04 15:37:07,522 | INFO     | [227521] Đã xử lý ảnh thành công. Kích thước tensor: (1, 48, 48, 1)
2026-06-04 15:37:07,574 | INFO     | [227521] ⏱️ Model inference: 52.11 ms
2026-06-04 15:37:07,574 | INFO     | [227521] 📊 Chi tiết dự đoán: {'ANGRY': 7.47, 'DISGUST': 0.45, 'FEAR': 4.92, 'HAPPY': 17.46, 'NEUTRAL': 17.26, 'SAD': 51.03, 'SURPRISE': 1.41}
2026-06-04 15:37:07,574 | INFO     | [227521] 🎯 KẾT QUẢ CHỐT: SAD (51.03%)
2026-06-04 15:37:07,574 | INFO     | [227521] ⏱️ Thời gian phản hồi: 53.14 ms
2026-06-04 15:37:07,767 | INFO     | [227767] ------------------------------------------
2026-06-04 15:37:07,767 | INFO     | [227767] 📥 NHẬN YÊU CẦU QUÉT KHUÔN MẶT MỚI
2026-06-04 15:37:07,768 | INFO     | [227767] Đã xử lý ảnh thành công. Kích thước tensor: (1, 48, 48, 1)
2026-06-04 15:37:07,824 | INFO     | [227767] ⏱️ Model inference: 55.76 ms
2026-06-04 15:37:07,824 | INFO     | [227767] 📊 Chi tiết dự đoán: {'ANGRY': 9.42, 'DISGUST': 0.29, 'FEAR': 6.4, 'HAPPY': 8.8, 'NEUTRAL': 16.73, 'SAD': 55.95, 'SURPRISE': 2.42}
2026-06-04 15:37:07,824 | INFO     | [227767] 🎯 KẾT QUẢ CHỐT: SAD (55.95%)
2026-06-04 15:37:07,825 | INFO     | [227767] ⏱️ Thời gian phản hồi: 56.76 ms
2026-06-04 15:37:08,015 | INFO     | [228015] ------------------------------------------
2026-06-04 15:37:08,017 | INFO     | [228015] 📥 NHẬN YÊU CẦU QUÉT KHUÔN MẶT MỚI
2026-06-04 15:37:08,017 | INFO     | [228015] Đã xử lý ảnh thành công. Kích thước tensor: (1, 48, 48, 1)
2026-06-04 15:37:08,091 | INFO     | [228015] ⏱️ Model inference: 73.89 ms
2026-06-04 15:37:08,091 | INFO     | [228015] 📊 Chi tiết dự đoán: {'ANGRY': 12.86, 'DISGUST': 0.39, 'FEAR': 5.13, 'HAPPY': 17.53, 'NEUTRAL': 14.86, 'SAD': 47.52, 'SURPRISE': 1.72}
2026-06-04 15:37:08,091 | INFO     | [228015] 🎯 KẾT QUẢ CHỐT: SAD (47.52%)
2026-06-04 15:37:08,091 | INFO     | [228015] ⏱️ Thời gian phản hồi: 75.86 ms
2026-06-04 15:37:08,266 | INFO     | [228266] ------------------------------------------
2026-06-04 15:37:08,266 | INFO     | [228266] 📥 NHẬN YÊU CẦU QUÉT KHUÔN MẶT MỚI
2026-06-04 15:37:08,266 | INFO     | [228266] Đã xử lý ảnh thành công. Kích thước tensor: (1, 48, 48, 1)
2026-06-04 15:37:08,332 | INFO     | [228266] ⏱️ Model inference: 66.0 ms
2026-06-04 15:37:08,333 | INFO     | [228266] 📊 Chi tiết dự đoán: {'ANGRY': 13.87, 'DISGUST': 0.46, 'FEAR': 4.89, 'HAPPY': 20.35, 'NEUTRAL': 14.74, 'SAD': 43.83, 'SURPRISE': 1.85}
2026-06-04 15:37:08,333 | INFO     | [228266] 🎯 KẾT QUẢ CHỐT: SAD (43.83%)
2026-06-04 15:37:08,333 | INFO     | [228266] ⏱️ Thời gian phản hồi: 67.34 ms
2026-06-04 15:37:08,514 | INFO     | [228514] ------------------------------------------
2026-06-04 15:37:08,514 | INFO     | [228514] 📥 NHẬN YÊU CẦU QUÉT KHUÔN MẶT MỚI
2026-06-04 15:37:08,514 | INFO     | [228514] Đã xử lý ảnh thành công. Kích thước tensor: (1, 48, 48, 1)
2026-06-04 15:37:08,597 | INFO     | [228514] ⏱️ Model inference: 82.37 ms
2026-06-04 15:37:08,597 | INFO     | [228514] 📊 Chi tiết dự đoán: {'ANGRY': 10.36, 'DISGUST': 0.26, 'FEAR': 3.52, 'HAPPY': 22.65, 'NEUTRAL': 15.56, 'SAD': 45.03, 'SURPRISE': 2.63}
2026-06-04 15:37:08,598 | INFO     | [228514] 🎯 KẾT QUẢ CHỐT: SAD (45.03%)
2026-06-04 15:37:08,598 | INFO     | [228514] ⏱️ Thời gian phản hồi: 82.37 ms
2026-06-04 15:37:08,764 | INFO     | [228764] ------------------------------------------
2026-06-04 15:37:08,764 | INFO     | [228764] 📥 NHẬN YÊU CẦU QUÉT KHUÔN MẶT MỚI
2026-06-04 15:37:08,764 | INFO     | [228764] Đã xử lý ảnh thành công. Kích thước tensor: (1, 48, 48, 1)
2026-06-04 15:37:08,817 | INFO     | [228764] ⏱️ Model inference: 52.16 ms
2026-06-04 15:37:08,817 | INFO     | [228764] 📊 Chi tiết dự đoán: {'ANGRY': 6.13, 'DISGUST': 0.29, 'FEAR': 5.91, 'HAPPY': 23.0, 'NEUTRAL': 18.86, 'SAD': 42.13, 'SURPRISE': 3.68}
2026-06-04 15:37:08,818 | INFO     | [228764] 🎯 KẾT QUẢ CHỐT: SAD (42.13%)
2026-06-04 15:37:08,818 | INFO     | [228764] ⏱️ Thời gian phản hồi: 53.16 ms
2026-06-04 15:37:09,023 | INFO     | [229023] ------------------------------------------
2026-06-04 15:37:09,023 | INFO     | [229023] 📥 NHẬN YÊU CẦU QUÉT KHUÔN MẶT MỚI
2026-06-04 15:37:09,025 | INFO     | [229023] Đã xử lý ảnh thành công. Kích thước tensor: (1, 48, 48, 1)
2026-06-04 15:37:09,092 | INFO     | [229023] ⏱️ Model inference: 67.09 ms
2026-06-04 15:37:09,093 | INFO     | [229023] 📊 Chi tiết dự đoán: {'ANGRY': 5.0, 'DISGUST': 0.31, 'FEAR': 6.41, 'HAPPY': 27.91, 'NEUTRAL': 18.69, 'SAD': 38.08, 'SURPRISE': 3.59}
2026-06-04 15:37:09,093 | INFO     | [229023] 🎯 KẾT QUẢ CHỐT: SAD (38.08%)
2026-06-04 15:37:09,093 | INFO     | [229023] ⏱️ Thời gian phản hồi: 69.14 ms
2026-06-04 15:37:09,273 | INFO     | [229273] ------------------------------------------
2026-06-04 15:37:09,273 | INFO     | [229273] 📥 NHẬN YÊU CẦU QUÉT KHUÔN MẶT MỚI
2026-06-04 15:37:09,274 | INFO     | [229273] Đã xử lý ảnh thành công. Kích thước tensor: (1, 48, 48, 1)
2026-06-04 15:37:09,340 | INFO     | [229273] ⏱️ Model inference: 65.87 ms
2026-06-04 15:37:09,340 | INFO     | [229273] 📊 Chi tiết dự đoán: {'ANGRY': 4.67, 'DISGUST': 0.4, 'FEAR': 7.57, 'HAPPY': 17.92, 'NEUTRAL': 24.21, 'SAD': 40.55, 'SURPRISE': 4.67}
2026-06-04 15:37:09,340 | INFO     | [229273] 🎯 KẾT QUẢ CHỐT: SAD (40.55%)
2026-06-04 15:37:09,341 | INFO     | [229273] ⏱️ Thời gian phản hồi: 66.87 ms
2026-06-04 15:37:09,520 | INFO     | [229520] ------------------------------------------
2026-06-04 15:37:09,520 | INFO     | [229520] 📥 NHẬN YÊU CẦU QUÉT KHUÔN MẶT MỚI
2026-06-04 15:37:09,521 | INFO     | [229520] Đã xử lý ảnh thành công. Kích thước tensor: (1, 48, 48, 1)
2026-06-04 15:37:09,578 | INFO     | [229520] ⏱️ Model inference: 56.86 ms
2026-06-04 15:37:09,580 | INFO     | [229520] 📊 Chi tiết dự đoán: {'ANGRY': 5.85, 'DISGUST': 0.33, 'FEAR': 5.73, 'HAPPY': 23.58, 'NEUTRAL': 23.08, 'SAD': 37.83, 'SURPRISE': 3.6}
2026-06-04 15:37:09,580 | INFO     | [229520] 🎯 KẾT QUẢ CHỐT: SAD (37.83%)
2026-06-04 15:37:09,580 | INFO     | [229520] ⏱️ Thời gian phản hồi: 60.26 ms
2026-06-04 15:37:09,770 | INFO     | [229770] ------------------------------------------
2026-06-04 15:37:09,770 | INFO     | [229770] 📥 NHẬN YÊU CẦU QUÉT KHUÔN MẶT MỚI
2026-06-04 15:37:09,772 | INFO     | [229770] Đã xử lý ảnh thành công. Kích thước tensor: (1, 48, 48, 1)
2026-06-04 15:37:09,859 | INFO     | [229770] ⏱️ Model inference: 86.82 ms
2026-06-04 15:37:09,860 | INFO     | [229770] 📊 Chi tiết dự đoán: {'ANGRY': 9.23, 'DISGUST': 0.44, 'FEAR': 4.32, 'HAPPY': 15.99, 'NEUTRAL': 22.77, 'SAD': 44.57, 'SURPRISE': 2.68}
2026-06-04 15:37:09,860 | INFO     | [229770] 🎯 KẾT QUẢ CHỐT: SAD (44.57%)
2026-06-04 15:37:09,860 | INFO     | [229770] ⏱️ Thời gian phản hồi: 89.79 ms
2026-06-04 15:37:10,019 | INFO     | [230019] ------------------------------------------
2026-06-04 15:37:10,019 | INFO     | [230019] 📥 NHẬN YÊU CẦU QUÉT KHUÔN MẶT MỚI
2026-06-04 15:37:10,020 | INFO     | [230019] Đã xử lý ảnh thành công. Kích thước tensor: (1, 48, 48, 1)
2026-06-04 15:37:10,074 | INFO     | [230019] ⏱️ Model inference: 53.82 ms
2026-06-04 15:37:10,075 | INFO     | [230019] 📊 Chi tiết dự đoán: {'ANGRY': 12.77, 'DISGUST': 0.52, 'FEAR': 4.75, 'HAPPY': 23.26, 'NEUTRAL': 16.94, 'SAD': 39.24, 'SURPRISE': 2.52}
2026-06-04 15:37:10,075 | INFO     | [230019] 🎯 KẾT QUẢ CHỐT: SAD (39.24%)
2026-06-04 15:37:10,075 | INFO     | [230019] ⏱️ Thời gian phản hồi: 55.88 ms
2026-06-04 15:37:10,267 | INFO     | [230267] ------------------------------------------
2026-06-04 15:37:10,267 | INFO     | [230267] 📥 NHẬN YÊU CẦU QUÉT KHUÔN MẶT MỚI
2026-06-04 15:37:10,268 | INFO     | [230267] Đã xử lý ảnh thành công. Kích thước tensor: (1, 48, 48, 1)
2026-06-04 15:37:10,332 | INFO     | [230267] ⏱️ Model inference: 63.69 ms
2026-06-04 15:37:10,332 | INFO     | [230267] 📊 Chi tiết dự đoán: {'ANGRY': 7.34, 'DISGUST': 0.12, 'FEAR': 5.31, 'HAPPY': 33.22, 'NEUTRAL': 14.87, 'SAD': 37.86, 'SURPRISE': 1.28}
2026-06-04 15:37:10,333 | INFO     | [230267] 🎯 KẾT QUẢ CHỐT: SAD (37.86%)
2026-06-04 15:37:10,333 | INFO     | [230267] ⏱️ Thời gian phản hồi: 64.69 ms
2026-06-04 15:37:10,514 | INFO     | [230514] ------------------------------------------
2026-06-04 15:37:10,514 | INFO     | [230514] 📥 NHẬN YÊU CẦU QUÉT KHUÔN MẶT MỚI
2026-06-04 15:37:10,515 | INFO     | [230514] Đã xử lý ảnh thành công. Kích thước tensor: (1, 48, 48, 1)
2026-06-04 15:37:10,596 | INFO     | [230514] ⏱️ Model inference: 80.49 ms
2026-06-04 15:37:10,596 | INFO     | [230514] 📊 Chi tiết dự đoán: {'ANGRY': 9.57, 'DISGUST': 0.06, 'FEAR': 6.9, 'HAPPY': 17.27, 'NEUTRAL': 22.72, 'SAD': 42.1, 'SURPRISE': 1.38}
2026-06-04 15:37:10,597 | INFO     | [230514] 🎯 KẾT QUẢ CHỐT: SAD (42.10%)
2026-06-04 15:37:10,597 | INFO     | [230514] ⏱️ Thời gian phản hồi: 82.0 ms
2026-06-04 15:37:10,763 | INFO     | [230763] ------------------------------------------
2026-06-04 15:37:10,763 | INFO     | [230763] 📥 NHẬN YÊU CẦU QUÉT KHUÔN MẶT MỚI
2026-06-04 15:37:10,763 | INFO     | [230763] Đã xử lý ảnh thành công. Kích thước tensor: (1, 48, 48, 1)
2026-06-04 15:37:10,833 | INFO     | [230763] ⏱️ Model inference: 69.4 ms
2026-06-04 15:37:10,834 | INFO     | [230763] 📊 Chi tiết dự đoán: {'ANGRY': 10.39, 'DISGUST': 0.07, 'FEAR': 6.61, 'HAPPY': 22.26, 'NEUTRAL': 21.78, 'SAD': 36.97, 'SURPRISE': 1.91}
2026-06-04 15:37:10,834 | INFO     | [230763] 🎯 KẾT QUẢ CHỐT: SAD (36.97%)
2026-06-04 15:37:10,834 | INFO     | [230763] ⏱️ Thời gian phản hồi: 71.4 ms
2026-06-04 15:37:11,029 | INFO     | [231029] ------------------------------------------
2026-06-04 15:37:11,029 | INFO     | [231029] 📥 NHẬN YÊU CẦU QUÉT KHUÔN MẶT MỚI
2026-06-04 15:37:11,029 | INFO     | [231029] Đã xử lý ảnh thành công. Kích thước tensor: (1, 48, 48, 1)
2026-06-04 15:37:11,106 | INFO     | [231029] ⏱️ Model inference: 77.34 ms
2026-06-04 15:37:11,106 | INFO     | [231029] 📊 Chi tiết dự đoán: {'ANGRY': 12.74, 'DISGUST': 0.1, 'FEAR': 6.54, 'HAPPY': 24.38, 'NEUTRAL': 22.77, 'SAD': 31.2, 'SURPRISE': 2.28}
2026-06-04 15:37:11,106 | INFO     | [231029] 🎯 KẾT QUẢ CHỐT: SAD (31.20%)
2026-06-04 15:37:11,106 | INFO     | [231029] ⏱️ Thời gian phản hồi: 77.34 ms
2026-06-04 15:37:11,260 | INFO     | [231260] ------------------------------------------
2026-06-04 15:37:11,261 | INFO     | [231260] 📥 NHẬN YÊU CẦU QUÉT KHUÔN MẶT MỚI
2026-06-04 15:37:11,261 | INFO     | [231260] Đã xử lý ảnh thành công. Kích thước tensor: (1, 48, 48, 1)
2026-06-04 15:37:11,332 | INFO     | [231260] ⏱️ Model inference: 71.48 ms
2026-06-04 15:37:11,332 | INFO     | [231260] 📊 Chi tiết dự đoán: {'ANGRY': 10.94, 'DISGUST': 0.08, 'FEAR': 7.31, 'HAPPY': 23.47, 'NEUTRAL': 24.97, 'SAD': 30.29, 'SURPRISE': 2.95}
2026-06-04 15:37:11,332 | INFO     | [231260] 🎯 KẾT QUẢ CHỐT: SAD (30.29%)
2026-06-04 15:37:11,333 | INFO     | [231260] ⏱️ Thời gian phản hồi: 72.54 ms
2026-06-04 15:37:11,524 | INFO     | [231524] ------------------------------------------
2026-06-04 15:37:11,524 | INFO     | [231524] 📥 NHẬN YÊU CẦU QUÉT KHUÔN MẶT MỚI
2026-06-04 15:37:11,525 | INFO     | [231524] Đã xử lý ảnh thành công. Kích thước tensor: (1, 48, 48, 1)
2026-06-04 15:37:11,609 | INFO     | [231524] ⏱️ Model inference: 84.36 ms
2026-06-04 15:37:11,610 | INFO     | [231524] 📊 Chi tiết dự đoán: {'ANGRY': 10.89, 'DISGUST': 0.08, 'FEAR': 7.37, 'HAPPY': 18.13, 'NEUTRAL': 27.14, 'SAD': 33.69, 'SURPRISE': 2.68}
2026-06-04 15:37:11,610 | INFO     | [231524] 🎯 KẾT QUẢ CHỐT: SAD (33.69%)
2026-06-04 15:37:11,610 | INFO     | [231524] ⏱️ Thời gian phản hồi: 85.42 ms
2026-06-04 15:37:11,771 | INFO     | [231771] ------------------------------------------
2026-06-04 15:37:11,772 | INFO     | [231771] 📥 NHẬN YÊU CẦU QUÉT KHUÔN MẶT MỚI
2026-06-04 15:37:11,772 | INFO     | [231771] Đã xử lý ảnh thành công. Kích thước tensor: (1, 48, 48, 1)
2026-06-04 15:37:11,864 | INFO     | [231771] ⏱️ Model inference: 91.7 ms
2026-06-04 15:37:11,866 | INFO     | [231771] 📊 Chi tiết dự đoán: {'ANGRY': 11.3, 'DISGUST': 0.06, 'FEAR': 7.96, 'HAPPY': 14.29, 'NEUTRAL': 26.26, 'SAD': 37.99, 'SURPRISE': 2.14}
2026-06-04 15:37:11,866 | INFO     | [231771] 🎯 KẾT QUẢ CHỐT: SAD (37.99%)
2026-06-04 15:37:11,866 | INFO     | [231771] ⏱️ Thời gian phản hồi: 94.22 ms
2026-06-04 15:37:12,020 | INFO     | [232020] ------------------------------------------
2026-06-04 15:37:12,021 | INFO     | [232020] 📥 NHẬN YÊU CẦU QUÉT KHUÔN MẶT MỚI
2026-06-04 15:37:12,021 | INFO     | [232020] Đã xử lý ảnh thành công. Kích thước tensor: (1, 48, 48, 1)
2026-06-04 15:37:12,089 | INFO     | [232020] ⏱️ Model inference: 68.67 ms
2026-06-04 15:37:12,089 | INFO     | [232020] 📊 Chi tiết dự đoán: {'ANGRY': 12.0, 'DISGUST': 0.13, 'FEAR': 9.06, 'HAPPY': 19.37, 'NEUTRAL': 21.29, 'SAD': 34.52, 'SURPRISE': 3.63}
2026-06-04 15:37:12,089 | INFO     | [232020] 🎯 KẾT QUẢ CHỐT: SAD (34.52%)
2026-06-04 15:37:12,089 | INFO     | [232020] ⏱️ Thời gian phản hồi: 69.67 ms
2026-06-04 15:37:12,268 | INFO     | [232268] ------------------------------------------
2026-06-04 15:37:12,270 | INFO     | [232268] 📥 NHẬN YÊU CẦU QUÉT KHUÔN MẶT MỚI
2026-06-04 15:37:12,270 | INFO     | [232268] Đã xử lý ảnh thành công. Kích thước tensor: (1, 48, 48, 1)
2026-06-04 15:37:12,333 | INFO     | [232268] ⏱️ Model inference: 62.76 ms
2026-06-04 15:37:12,333 | INFO     | [232268] 📊 Chi tiết dự đoán: {'ANGRY': 9.53, 'DISGUST': 0.09, 'FEAR': 10.0, 'HAPPY': 15.12, 'NEUTRAL': 17.07, 'SAD': 45.96, 'SURPRISE': 2.24}
2026-06-04 15:37:12,334 | INFO     | [232268] 🎯 KẾT QUẢ CHỐT: SAD (45.96%)
2026-06-04 15:37:12,334 | INFO     | [232268] ⏱️ Thời gian phản hồi: 64.19 ms
2026-06-04 15:37:12,532 | INFO     | [232532] ------------------------------------------
2026-06-04 15:37:12,533 | INFO     | [232532] 📥 NHẬN YÊU CẦU QUÉT KHUÔN MẶT MỚI
2026-06-04 15:37:12,534 | INFO     | [232532] Đã xử lý ảnh thành công. Kích thước tensor: (1, 48, 48, 1)
2026-06-04 15:37:12,625 | INFO     | [232532] ⏱️ Model inference: 90.22 ms
2026-06-04 15:37:12,626 | INFO     | [232532] 📊 Chi tiết dự đoán: {'ANGRY': 8.61, 'DISGUST': 0.05, 'FEAR': 13.65, 'HAPPY': 12.02, 'NEUTRAL': 16.18, 'SAD': 47.61, 'SURPRISE': 1.88}
2026-06-04 15:37:12,626 | INFO     | [232532] 🎯 KẾT QUẢ CHỐT: SAD (47.61%)
2026-06-04 15:37:12,626 | INFO     | [232532] ⏱️ Thời gian phản hồi: 94.25 ms
2026-06-04 15:37:12,764 | INFO     | [232763] ------------------------------------------
2026-06-04 15:37:12,764 | INFO     | [232763] 📥 NHẬN YÊU CẦU QUÉT KHUÔN MẶT MỚI
2026-06-04 15:37:12,766 | INFO     | [232763] Đã xử lý ảnh thành công. Kích thước tensor: (1, 48, 48, 1)
2026-06-04 15:37:12,834 | INFO     | [232763] ⏱️ Model inference: 67.2 ms
2026-06-04 15:37:12,835 | INFO     | [232763] 📊 Chi tiết dự đoán: {'ANGRY': 8.66, 'DISGUST': 0.04, 'FEAR': 14.85, 'HAPPY': 14.05, 'NEUTRAL': 18.75, 'SAD': 41.25, 'SURPRISE': 2.4}
2026-06-04 15:37:12,835 | INFO     | [232763] 🎯 KẾT QUẢ CHỐT: SAD (41.25%)
2026-06-04 15:37:12,835 | INFO     | [232763] ⏱️ Thời gian phản hồi: 71.43 ms
2026-06-04 15:37:13,014 | INFO     | [233014] ------------------------------------------
2026-06-04 15:37:13,014 | INFO     | [233014] 📥 NHẬN YÊU CẦU QUÉT KHUÔN MẶT MỚI
2026-06-04 15:37:13,016 | INFO     | [233014] Đã xử lý ảnh thành công. Kích thước tensor: (1, 48, 48, 1)
2026-06-04 15:37:13,077 | INFO     | [233014] ⏱️ Model inference: 61.55 ms
2026-06-04 15:37:13,077 | INFO     | [233014] 📊 Chi tiết dự đoán: {'ANGRY': 11.29, 'DISGUST': 0.06, 'FEAR': 12.61, 'HAPPY': 11.18, 'NEUTRAL': 19.93, 'SAD': 40.81, 'SURPRISE': 4.12}
2026-06-04 15:37:13,077 | INFO     | [233014] 🎯 KẾT QUẢ CHỐT: SAD (40.81%)
2026-06-04 15:37:13,077 | INFO     | [233014] ⏱️ Thời gian phản hồi: 62.81 ms
2026-06-04 15:37:13,264 | INFO     | [233264] ------------------------------------------
2026-06-04 15:37:13,264 | INFO     | [233264] 📥 NHẬN YÊU CẦU QUÉT KHUÔN MẶT MỚI
2026-06-04 15:37:13,266 | INFO     | [233264] Đã xử lý ảnh thành công. Kích thước tensor: (1, 48, 48, 1)
2026-06-04 15:37:13,329 | INFO     | [233264] ⏱️ Model inference: 63.16 ms
2026-06-04 15:37:13,330 | INFO     | [233264] 📊 Chi tiết dự đoán: {'ANGRY': 12.46, 'DISGUST': 0.06, 'FEAR': 10.53, 'HAPPY': 20.64, 'NEUTRAL': 19.36, 'SAD': 32.61, 'SURPRISE': 4.33}
2026-06-04 15:37:13,330 | INFO     | [233264] 🎯 KẾT QUẢ CHỐT: SAD (32.61%)
2026-06-04 15:37:13,330 | INFO     | [233264] ⏱️ Thời gian phản hồi: 65.69 ms
2026-06-04 15:37:13,513 | INFO     | [233513] ------------------------------------------
2026-06-04 15:37:13,513 | INFO     | [233513] 📥 NHẬN YÊU CẦU QUÉT KHUÔN MẶT MỚI
2026-06-04 15:37:13,514 | INFO     | [233513] Đã xử lý ảnh thành công. Kích thước tensor: (1, 48, 48, 1)
2026-06-04 15:37:13,579 | INFO     | [233513] ⏱️ Model inference: 64.46 ms
2026-06-04 15:37:13,579 | INFO     | [233513] 📊 Chi tiết dự đoán: {'ANGRY': 11.57, 'DISGUST': 0.07, 'FEAR': 11.99, 'HAPPY': 15.82, 'NEUTRAL': 18.09, 'SAD': 38.74, 'SURPRISE': 3.72}
2026-06-04 15:37:13,579 | INFO     | [233513] 🎯 KẾT QUẢ CHỐT: SAD (38.74%)
2026-06-04 15:37:13,579 | INFO     | [233513] ⏱️ Thời gian phản hồi: 65.49 ms
2026-06-04 15:37:13,763 | INFO     | [233763] ------------------------------------------
2026-06-04 15:37:13,763 | INFO     | [233763] 📥 NHẬN YÊU CẦU QUÉT KHUÔN MẶT MỚI
2026-06-04 15:37:13,764 | INFO     | [233763] Đã xử lý ảnh thành công. Kích thước tensor: (1, 48, 48, 1)
2026-06-04 15:37:13,834 | INFO     | [233763] ⏱️ Model inference: 70.12 ms
2026-06-04 15:37:13,834 | INFO     | [233763] 📊 Chi tiết dự đoán: {'ANGRY': 12.12, 'DISGUST': 0.08, 'FEAR': 13.66, 'HAPPY': 13.75, 'NEUTRAL': 16.06, 'SAD': 38.4, 'SURPRISE': 5.93}
2026-06-04 15:37:13,835 | INFO     | [233763] 🎯 KẾT QUẢ CHỐT: SAD (38.40%)
2026-06-04 15:37:13,835 | INFO     | [233763] ⏱️ Thời gian phản hồi: 71.14 ms
2026-06-04 15:37:14,015 | INFO     | [234015] ------------------------------------------
2026-06-04 15:37:14,015 | INFO     | [234015] 📥 NHẬN YÊU CẦU QUÉT KHUÔN MẶT MỚI
2026-06-04 15:37:14,015 | INFO     | [234015] Đã xử lý ảnh thành công. Kích thước tensor: (1, 48, 48, 1)
2026-06-04 15:37:14,080 | INFO     | [234015] ⏱️ Model inference: 65.02 ms
2026-06-04 15:37:14,081 | INFO     | [234015] 📊 Chi tiết dự đoán: {'ANGRY': 12.1, 'DISGUST': 0.09, 'FEAR': 13.29, 'HAPPY': 12.2, 'NEUTRAL': 17.44, 'SAD': 39.27, 'SURPRISE': 5.62}
2026-06-04 15:37:14,081 | INFO     | [234015] 🎯 KẾT QUẢ CHỐT: SAD (39.27%)
2026-06-04 15:37:14,081 | INFO     | [234015] ⏱️ Thời gian phản hồi: 65.02 ms
2026-06-04 15:37:14,262 | INFO     | [234262] ------------------------------------------
2026-06-04 15:37:14,262 | INFO     | [234262] 📥 NHẬN YÊU CẦU QUÉT KHUÔN MẶT MỚI
2026-06-04 15:37:14,264 | INFO     | [234262] Đã xử lý ảnh thành công. Kích thước tensor: (1, 48, 48, 1)
2026-06-04 15:37:14,329 | INFO     | [234262] ⏱️ Model inference: 65.14 ms
2026-06-04 15:37:14,329 | INFO     | [234262] 📊 Chi tiết dự đoán: {'ANGRY': 9.28, 'DISGUST': 0.07, 'FEAR': 13.42, 'HAPPY': 9.11, 'NEUTRAL': 17.26, 'SAD': 46.3, 'SURPRISE': 4.56}
2026-06-04 15:37:14,329 | INFO     | [234262] 🎯 KẾT QUẢ CHỐT: SAD (46.30%)
2026-06-04 15:37:14,329 | INFO     | [234262] ⏱️ Thời gian phản hồi: 66.25 ms
2026-06-04 15:37:14,513 | INFO     | [234513] ------------------------------------------
2026-06-04 15:37:14,513 | INFO     | [234513] 📥 NHẬN YÊU CẦU QUÉT KHUÔN MẶT MỚI
2026-06-04 15:37:14,513 | INFO     | [234513] Đã xử lý ảnh thành công. Kích thước tensor: (1, 48, 48, 1)
2026-06-04 15:37:14,564 | INFO     | [234513] ⏱️ Model inference: 50.79 ms
2026-06-04 15:37:14,566 | INFO     | [234513] 📊 Chi tiết dự đoán: {'ANGRY': 8.95, 'DISGUST': 0.06, 'FEAR': 12.82, 'HAPPY': 10.53, 'NEUTRAL': 13.58, 'SAD': 49.94, 'SURPRISE': 4.12}
2026-06-04 15:37:14,566 | INFO     | [234513] 🎯 KẾT QUẢ CHỐT: SAD (49.94%)
2026-06-04 15:37:14,566 | INFO     | [234513] ⏱️ Thời gian phản hồi: 53.61 ms
2026-06-04 15:37:14,776 | INFO     | [234776] ------------------------------------------
2026-06-04 15:37:14,776 | INFO     | [234776] 📥 NHẬN YÊU CẦU QUÉT KHUÔN MẶT MỚI
2026-06-04 15:37:14,778 | INFO     | [234776] Đã xử lý ảnh thành công. Kích thước tensor: (1, 48, 48, 1)
2026-06-04 15:37:14,854 | INFO     | [234776] ⏱️ Model inference: 76.18 ms
2026-06-04 15:37:14,854 | INFO     | [234776] 📊 Chi tiết dự đoán: {'ANGRY': 9.5, 'DISGUST': 0.08, 'FEAR': 11.79, 'HAPPY': 12.39, 'NEUTRAL': 14.97, 'SAD': 46.68, 'SURPRISE': 4.58}
2026-06-04 15:37:14,854 | INFO     | [234776] 🎯 KẾT QUẢ CHỐT: SAD (46.68%)
2026-06-04 15:37:14,854 | INFO     | [234776] ⏱️ Thời gian phản hồi: 77.7 ms
2026-06-04 15:37:15,011 | INFO     | [235011] ------------------------------------------
2026-06-04 15:37:15,013 | INFO     | [235011] 📥 NHẬN YÊU CẦU QUÉT KHUÔN MẶT MỚI
2026-06-04 15:37:15,013 | INFO     | [235011] Đã xử lý ảnh thành công. Kích thước tensor: (1, 48, 48, 1)
2026-06-04 15:37:15,100 | INFO     | [235011] ⏱️ Model inference: 87.14 ms
2026-06-04 15:37:15,100 | INFO     | [235011] 📊 Chi tiết dự đoán: {'ANGRY': 8.22, 'DISGUST': 0.07, 'FEAR': 11.01, 'HAPPY': 25.39, 'NEUTRAL': 15.24, 'SAD': 38.12, 'SURPRISE': 1.95}
2026-06-04 15:37:15,100 | INFO     | [235011] 🎯 KẾT QUẢ CHỐT: SAD (38.12%)
2026-06-04 15:37:15,100 | INFO     | [235011] ⏱️ Thời gian phản hồi: 88.25 ms
2026-06-04 15:37:15,276 | INFO     | [235276] ------------------------------------------
2026-06-04 15:37:15,276 | INFO     | [235276] 📥 NHẬN YÊU CẦU QUÉT KHUÔN MẶT MỚI
2026-06-04 15:37:15,277 | INFO     | [235276] Đã xử lý ảnh thành công. Kích thước tensor: (1, 48, 48, 1)
2026-06-04 15:37:15,333 | INFO     | [235276] ⏱️ Model inference: 56.26 ms
2026-06-04 15:37:15,333 | INFO     | [235276] 📊 Chi tiết dự đoán: {'ANGRY': 10.6, 'DISGUST': 0.1, 'FEAR': 11.38, 'HAPPY': 19.93, 'NEUTRAL': 20.37, 'SAD': 35.33, 'SURPRISE': 2.29}
2026-06-04 15:37:15,333 | INFO     | [235276] 🎯 KẾT QUẢ CHỐT: SAD (35.33%)
2026-06-04 15:37:15,333 | INFO     | [235276] ⏱️ Thời gian phản hồi: 57.67 ms
2026-06-04 15:37:15,522 | INFO     | [235522] ------------------------------------------
2026-06-04 15:37:15,523 | INFO     | [235522] 📥 NHẬN YÊU CẦU QUÉT KHUÔN MẶT MỚI
2026-06-04 15:37:15,523 | INFO     | [235522] Đã xử lý ảnh thành công. Kích thước tensor: (1, 48, 48, 1)
2026-06-04 15:37:15,592 | INFO     | [235522] ⏱️ Model inference: 68.85 ms
2026-06-04 15:37:15,592 | INFO     | [235522] 📊 Chi tiết dự đoán: {'ANGRY': 8.9, 'DISGUST': 0.09, 'FEAR': 13.43, 'HAPPY': 17.1, 'NEUTRAL': 19.63, 'SAD': 38.46, 'SURPRISE': 2.39}
2026-06-04 15:37:15,592 | INFO     | [235522] 🎯 KẾT QUẢ CHỐT: SAD (38.46%)
2026-06-04 15:37:15,592 | INFO     | [235522] ⏱️ Thời gian phản hồi: 70.24 ms
2026-06-04 15:37:15,773 | INFO     | [235772] ------------------------------------------
2026-06-04 15:37:15,773 | INFO     | [235772] 📥 NHẬN YÊU CẦU QUÉT KHUÔN MẶT MỚI
2026-06-04 15:37:15,773 | INFO     | [235772] Đã xử lý ảnh thành công. Kích thước tensor: (1, 48, 48, 1)
2026-06-04 15:37:15,828 | INFO     | [235772] ⏱️ Model inference: 55.23 ms
2026-06-04 15:37:15,828 | INFO     | [235772] 📊 Chi tiết dự đoán: {'ANGRY': 9.84, 'DISGUST': 0.09, 'FEAR': 10.99, 'HAPPY': 21.42, 'NEUTRAL': 22.39, 'SAD': 31.79, 'SURPRISE': 3.47}
2026-06-04 15:37:15,828 | INFO     | [235772] 🎯 KẾT QUẢ CHỐT: SAD (31.79%)
2026-06-04 15:37:15,829 | INFO     | [235772] ⏱️ Thời gian phản hồi: 56.52 ms
2026-06-04 15:37:16,023 | INFO     | [236023] ------------------------------------------
2026-06-04 15:37:16,023 | INFO     | [236023] 📥 NHẬN YÊU CẦU QUÉT KHUÔN MẶT MỚI
2026-06-04 15:37:16,023 | INFO     | [236023] Đã xử lý ảnh thành công. Kích thước tensor: (1, 48, 48, 1)
2026-06-04 15:37:16,079 | INFO     | [236023] ⏱️ Model inference: 54.52 ms
2026-06-04 15:37:16,079 | INFO     | [236023] 📊 Chi tiết dự đoán: {'ANGRY': 10.83, 'DISGUST': 0.1, 'FEAR': 10.11, 'HAPPY': 26.88, 'NEUTRAL': 21.53, 'SAD': 27.32, 'SURPRISE': 3.23}
2026-06-04 15:37:16,079 | INFO     | [236023] 🎯 KẾT QUẢ CHỐT: SAD (27.32%)
2026-06-04 15:37:16,079 | INFO     | [236023] ⏱️ Thời gian phản hồi: 56.02 ms
2026-06-04 15:37:16,271 | INFO     | [236271] ------------------------------------------
2026-06-04 15:37:16,271 | INFO     | [236271] 📥 NHẬN YÊU CẦU QUÉT KHUÔN MẶT MỚI
2026-06-04 15:37:16,272 | INFO     | [236271] Đã xử lý ảnh thành công. Kích thước tensor: (1, 48, 48, 1)
2026-06-04 15:37:16,327 | INFO     | [236271] ⏱️ Model inference: 55.26 ms
2026-06-04 15:37:16,327 | INFO     | [236271] 📊 Chi tiết dự đoán: {'ANGRY': 10.63, 'DISGUST': 0.09, 'FEAR': 8.19, 'HAPPY': 33.06, 'NEUTRAL': 19.97, 'SAD': 25.16, 'SURPRISE': 2.9}
2026-06-04 15:37:16,327 | INFO     | [236271] 🎯 KẾT QUẢ CHỐT: HAPPY (33.06%)
2026-06-04 15:37:16,327 | INFO     | [236271] ⏱️ Thời gian phản hồi: 56.31 ms
2026-06-04 15:37:16,517 | INFO     | [236517] ------------------------------------------
2026-06-04 15:37:16,517 | INFO     | [236517] 📥 NHẬN YÊU CẦU QUÉT KHUÔN MẶT MỚI
2026-06-04 15:37:16,518 | INFO     | [236517] Đã xử lý ảnh thành công. Kích thước tensor: (1, 48, 48, 1)
2026-06-04 15:37:16,591 | INFO     | [236517] ⏱️ Model inference: 72.46 ms
2026-06-04 15:37:16,592 | INFO     | [236517] 📊 Chi tiết dự đoán: {'ANGRY': 9.57, 'DISGUST': 0.1, 'FEAR': 9.21, 'HAPPY': 30.12, 'NEUTRAL': 22.37, 'SAD': 25.47, 'SURPRISE': 3.18}
2026-06-04 15:37:16,592 | INFO     | [236517] 🎯 KẾT QUẢ CHỐT: HAPPY (30.12%)
2026-06-04 15:37:16,592 | INFO     | [236517] ⏱️ Thời gian phản hồi: 75.04 ms
2026-06-04 15:37:16,780 | INFO     | [236780] ------------------------------------------
2026-06-04 15:37:16,781 | INFO     | [236780] 📥 NHẬN YÊU CẦU QUÉT KHUÔN MẶT MỚI
2026-06-04 15:37:16,781 | INFO     | [236780] Đã xử lý ảnh thành công. Kích thước tensor: (1, 48, 48, 1)
2026-06-04 15:37:16,883 | INFO     | [236780] ⏱️ Model inference: 101.96 ms
2026-06-04 15:37:16,884 | INFO     | [236780] 📊 Chi tiết dự đoán: {'ANGRY': 10.83, 'DISGUST': 0.13, 'FEAR': 9.62, 'HAPPY': 26.67, 'NEUTRAL': 22.49, 'SAD': 27.28, 'SURPRISE': 2.99}
2026-06-04 15:37:16,884 | INFO     | [236780] 🎯 KẾT QUẢ CHỐT: SAD (27.28%)
2026-06-04 15:37:16,886 | INFO     | [236780] ⏱️ Thời gian phản hồi: 104.39 ms
2026-06-04 15:37:17,013 | INFO     | [237013] ------------------------------------------
2026-06-04 15:37:17,013 | INFO     | [237013] 📥 NHẬN YÊU CẦU QUÉT KHUÔN MẶT MỚI
2026-06-04 15:37:17,015 | INFO     | [237013] Đã xử lý ảnh thành công. Kích thước tensor: (1, 48, 48, 1)
2026-06-04 15:37:17,094 | INFO     | [237013] ⏱️ Model inference: 79.3 ms
2026-06-04 15:37:17,094 | INFO     | [237013] 📊 Chi tiết dự đoán: {'ANGRY': 11.27, 'DISGUST': 0.21, 'FEAR': 9.71, 'HAPPY': 30.5, 'NEUTRAL': 16.87, 'SAD': 28.23, 'SURPRISE': 3.2}
2026-06-04 15:37:17,094 | INFO     | [237013] 🎯 KẾT QUẢ CHỐT: HAPPY (30.50%)
2026-06-04 15:37:17,094 | INFO     | [237013] ⏱️ Thời gian phản hồi: 80.8 ms
2026-06-04 15:37:17,260 | INFO     | [237260] ------------------------------------------
2026-06-04 15:37:17,260 | INFO     | [237260] 📥 NHẬN YÊU CẦU QUÉT KHUÔN MẶT MỚI
2026-06-04 15:37:17,261 | INFO     | [237260] Đã xử lý ảnh thành công. Kích thước tensor: (1, 48, 48, 1)
2026-06-04 15:37:17,326 | INFO     | [237260] ⏱️ Model inference: 64.46 ms
2026-06-04 15:37:17,326 | INFO     | [237260] 📊 Chi tiết dự đoán: {'ANGRY': 9.88, 'DISGUST': 0.2, 'FEAR': 9.57, 'HAPPY': 19.67, 'NEUTRAL': 22.33, 'SAD': 35.23, 'SURPRISE': 3.12}
2026-06-04 15:37:17,327 | INFO     | [237260] 🎯 KẾT QUẢ CHỐT: SAD (35.23%)
2026-06-04 15:37:17,327 | INFO     | [237260] ⏱️ Thời gian phản hồi: 65.78 ms
2026-06-04 15:37:17,523 | INFO     | [237523] ------------------------------------------
2026-06-04 15:37:17,525 | INFO     | [237523] 📥 NHẬN YÊU CẦU QUÉT KHUÔN MẶT MỚI
2026-06-04 15:37:17,525 | INFO     | [237523] Đã xử lý ảnh thành công. Kích thước tensor: (1, 48, 48, 1)
2026-06-04 15:37:17,593 | INFO     | [237523] ⏱️ Model inference: 68.19 ms
2026-06-04 15:37:17,615 | INFO     | [237523] 📊 Chi tiết dự đoán: {'ANGRY': 10.55, 'DISGUST': 0.22, 'FEAR': 9.31, 'HAPPY': 23.88, 'NEUTRAL': 20.67, 'SAD': 32.32, 'SURPRISE': 3.06}
2026-06-04 15:37:17,618 | INFO     | [237523] 🎯 KẾT QUẢ CHỐT: SAD (32.32%)
2026-06-04 15:37:17,619 | INFO     | [237523] ⏱️ Thời gian phản hồi: 91.62 ms
2026-06-04 15:37:17,773 | INFO     | [237773] ------------------------------------------
2026-06-04 15:37:17,773 | INFO     | [237773] 📥 NHẬN YÊU CẦU QUÉT KHUÔN MẶT MỚI
2026-06-04 15:37:17,774 | INFO     | [237773] Đã xử lý ảnh thành công. Kích thước tensor: (1, 48, 48, 1)
2026-06-04 15:37:17,839 | INFO     | [237773] ⏱️ Model inference: 64.61 ms
2026-06-04 15:37:17,840 | INFO     | [237773] 📊 Chi tiết dự đoán: {'ANGRY': 12.28, 'DISGUST': 0.23, 'FEAR': 10.42, 'HAPPY': 19.56, 'NEUTRAL': 17.26, 'SAD': 37.43, 'SURPRISE': 2.81}
2026-06-04 15:37:17,840 | INFO     | [237773] 🎯 KẾT QUẢ CHỐT: SAD (37.43%)
2026-06-04 15:37:17,840 | INFO     | [237773] ⏱️ Thời gian phản hồi: 67.05 ms
2026-06-04 15:37:18,023 | INFO     | [238023] ------------------------------------------
2026-06-04 15:37:18,023 | INFO     | [238023] 📥 NHẬN YÊU CẦU QUÉT KHUÔN MẶT MỚI
2026-06-04 15:37:18,024 | INFO     | [238023] Đã xử lý ảnh thành công. Kích thước tensor: (1, 48, 48, 1)
2026-06-04 15:37:18,078 | INFO     | [238023] ⏱️ Model inference: 54.27 ms
2026-06-04 15:37:18,078 | INFO     | [238023] 📊 Chi tiết dự đoán: {'ANGRY': 8.28, 'DISGUST': 0.25, 'FEAR': 7.24, 'HAPPY': 23.02, 'NEUTRAL': 14.41, 'SAD': 44.57, 'SURPRISE': 2.23}
2026-06-04 15:37:18,078 | INFO     | [238023] 🎯 KẾT QUẢ CHỐT: SAD (44.57%)
2026-06-04 15:37:18,078 | INFO     | [238023] ⏱️ Thời gian phản hồi: 55.27 ms
2026-06-04 15:37:18,271 | INFO     | [238271] ------------------------------------------
2026-06-04 15:37:18,271 | INFO     | [238271] 📥 NHẬN YÊU CẦU QUÉT KHUÔN MẶT MỚI
2026-06-04 15:37:18,273 | INFO     | [238271] Đã xử lý ảnh thành công. Kích thước tensor: (1, 48, 48, 1)
2026-06-04 15:37:18,337 | INFO     | [238271] ⏱️ Model inference: 64.25 ms
2026-06-04 15:37:18,339 | INFO     | [238271] 📊 Chi tiết dự đoán: {'ANGRY': 6.85, 'DISGUST': 0.38, 'FEAR': 2.65, 'HAPPY': 29.59, 'NEUTRAL': 22.49, 'SAD': 36.63, 'SURPRISE': 1.41}
2026-06-04 15:37:18,339 | INFO     | [238271] 🎯 KẾT QUẢ CHỐT: SAD (36.63%)
2026-06-04 15:37:18,339 | INFO     | [238271] ⏱️ Thời gian phản hồi: 67.37 ms
2026-06-04 15:37:18,520 | INFO     | [238520] ------------------------------------------
2026-06-04 15:37:18,520 | INFO     | [238520] 📥 NHẬN YÊU CẦU QUÉT KHUÔN MẶT MỚI
2026-06-04 15:37:18,521 | INFO     | [238520] Đã xử lý ảnh thành công. Kích thước tensor: (1, 48, 48, 1)
2026-06-04 15:37:18,578 | INFO     | [238520] ⏱️ Model inference: 56.74 ms
2026-06-04 15:37:18,578 | INFO     | [238520] 📊 Chi tiết dự đoán: {'ANGRY': 4.39, 'DISGUST': 0.21, 'FEAR': 4.37, 'HAPPY': 17.81, 'NEUTRAL': 28.45, 'SAD': 42.77, 'SURPRISE': 2.0}
2026-06-04 15:37:18,578 | INFO     | [238520] 🎯 KẾT QUẢ CHỐT: SAD (42.77%)
2026-06-04 15:37:18,578 | INFO     | [238520] ⏱️ Thời gian phản hồi: 58.04 ms
2026-06-04 15:37:18,772 | INFO     | [238772] ------------------------------------------
2026-06-04 15:37:18,772 | INFO     | [238772] 📥 NHẬN YÊU CẦU QUÉT KHUÔN MẶT MỚI
2026-06-04 15:37:18,773 | INFO     | [238772] Đã xử lý ảnh thành công. Kích thước tensor: (1, 48, 48, 1)
2026-06-04 15:37:18,834 | INFO     | [238772] ⏱️ Model inference: 61.08 ms
2026-06-04 15:37:18,834 | INFO     | [238772] 📊 Chi tiết dự đoán: {'ANGRY': 5.86, 'DISGUST': 0.34, 'FEAR': 4.44, 'HAPPY': 33.15, 'NEUTRAL': 24.14, 'SAD': 29.77, 'SURPRISE': 2.31}
2026-06-04 15:37:18,835 | INFO     | [238772] 🎯 KẾT QUẢ CHỐT: HAPPY (33.15%)
2026-06-04 15:37:18,835 | INFO     | [238772] ⏱️ Thời gian phản hồi: 62.11 ms
2026-06-04 15:37:19,018 | INFO     | [239018] ------------------------------------------
2026-06-04 15:37:19,020 | INFO     | [239018] 📥 NHẬN YÊU CẦU QUÉT KHUÔN MẶT MỚI
2026-06-04 15:37:19,020 | INFO     | [239018] Đã xử lý ảnh thành công. Kích thước tensor: (1, 48, 48, 1)
2026-06-04 15:37:19,075 | INFO     | [239018] ⏱️ Model inference: 55.21 ms
2026-06-04 15:37:19,075 | INFO     | [239018] 📊 Chi tiết dự đoán: {'ANGRY': 6.63, 'DISGUST': 0.29, 'FEAR': 6.73, 'HAPPY': 40.69, 'NEUTRAL': 15.63, 'SAD': 25.6, 'SURPRISE': 4.42}
2026-06-04 15:37:19,075 | INFO     | [239018] 🎯 KẾT QUẢ CHỐT: HAPPY (40.69%)
2026-06-04 15:37:19,076 | INFO     | [239018] ⏱️ Thời gian phản hồi: 57.24 ms
2026-06-04 15:37:19,243 | INFO     | [BATCH-239243] ==========================================
2026-06-04 15:37:19,244 | INFO     | [BATCH-239243] 🎞️ NHẬN CHUỖI 5 KHUNG HÌNH (BATCH)
2026-06-04 15:37:19,936 | INFO     | [BATCH-239243] ⏱️ Batch inference elapsed: 691.74 ms (5 frames)
2026-06-04 15:37:19,938 | INFO     | [BATCH-239243] ↳ Frame 1/5: SAD (44.6%)
2026-06-04 15:37:19,940 | INFO     | [BATCH-239243] ↳ Frame 2/5: SAD (36.6%)
2026-06-04 15:37:19,946 | INFO     | [BATCH-239243] ↳ Frame 3/5: SAD (42.8%)
2026-06-04 15:37:19,952 | INFO     | [BATCH-239243] ↳ Frame 4/5: HAPPY (33.2%)
2026-06-04 15:37:19,957 | INFO     | [BATCH-239243] ↳ Frame 5/5: HAPPY (40.7%)
2026-06-04 15:37:19,959 | INFO     | [BATCH-239243] 🎯 KẾT QUẢ CHUỖI: SAD (Tần suất: {'SAD': 3, 'HAPPY': 2})
2026-06-04 15:37:19,972 | INFO     | [BATCH-239243] ⏱️ Tổng thời gian xử lý: 715.62 ms
2026-06-04 15:38:02,162 | INFO     | [282162] ------------------------------------------
2026-06-04 15:38:02,163 | INFO     | [282162] 📥 NHẬN YÊU CẦU QUÉT KHUÔN MẶT MỚI
2026-06-04 15:38:02,163 | INFO     | [282162] Đã xử lý ảnh thành công. Kích thước tensor: (1, 48, 48, 1)
2026-06-04 15:38:02,230 | INFO     | [282162] ⏱️ Model inference: 66.95 ms
2026-06-04 15:38:02,230 | INFO     | [282162] 📊 Chi tiết dự đoán: {'ANGRY': 7.34, 'DISGUST': 0.31, 'FEAR': 10.64, 'HAPPY': 32.3, 'NEUTRAL': 13.57, 'SAD': 31.17, 'SURPRISE': 4.66}
2026-06-04 15:38:02,230 | INFO     | [282162] 🎯 KẾT QUẢ CHỐT: HAPPY (32.30%)
2026-06-04 15:38:02,230 | INFO     | [282162] ⏱️ Thời gian phản hồi: 67.95 ms
2026-06-04 15:38:02,410 | INFO     | [282410] ------------------------------------------
2026-06-04 15:38:02,411 | INFO     | [282410] 📥 NHẬN YÊU CẦU QUÉT KHUÔN MẶT MỚI
2026-06-04 15:38:02,411 | INFO     | [282410] Đã xử lý ảnh thành công. Kích thước tensor: (1, 48, 48, 1)
2026-06-04 15:38:02,471 | INFO     | [282410] ⏱️ Model inference: 58.96 ms
2026-06-04 15:38:02,471 | INFO     | [282410] 📊 Chi tiết dự đoán: {'ANGRY': 6.25, 'DISGUST': 0.53, 'FEAR': 8.87, 'HAPPY': 23.57, 'NEUTRAL': 16.84, 'SAD': 39.39, 'SURPRISE': 4.56}
2026-06-04 15:38:02,471 | INFO     | [282410] 🎯 KẾT QUẢ CHỐT: SAD (39.39%)
2026-06-04 15:38:02,472 | INFO     | [282410] ⏱️ Thời gian phản hồi: 60.96 ms
2026-06-04 15:38:02,659 | INFO     | [282659] ------------------------------------------
2026-06-04 15:38:02,659 | INFO     | [282659] 📥 NHẬN YÊU CẦU QUÉT KHUÔN MẶT MỚI
2026-06-04 15:38:02,660 | INFO     | [282659] Đã xử lý ảnh thành công. Kích thước tensor: (1, 48, 48, 1)
2026-06-04 15:38:02,715 | INFO     | [282659] ⏱️ Model inference: 55.14 ms
2026-06-04 15:38:02,715 | INFO     | [282659] 📊 Chi tiết dự đoán: {'ANGRY': 7.6, 'DISGUST': 0.62, 'FEAR': 3.58, 'HAPPY': 47.77, 'NEUTRAL': 13.82, 'SAD': 24.82, 'SURPRISE': 1.79}
2026-06-04 15:38:02,716 | INFO     | [282659] 🎯 KẾT QUẢ CHỐT: HAPPY (47.77%)
2026-06-04 15:38:02,716 | INFO     | [282659] ⏱️ Thời gian phản hồi: 55.65 ms
2026-06-04 15:38:02,922 | INFO     | [282922] ------------------------------------------
2026-06-04 15:38:02,922 | INFO     | [282922] 📥 NHẬN YÊU CẦU QUÉT KHUÔN MẶT MỚI
2026-06-04 15:38:02,922 | INFO     | [282922] Đã xử lý ảnh thành công. Kích thước tensor: (1, 48, 48, 1)
2026-06-04 15:38:02,978 | INFO     | [282922] ⏱️ Model inference: 54.55 ms
2026-06-04 15:38:02,980 | INFO     | [282922] 📊 Chi tiết dự đoán: {'ANGRY': 8.81, 'DISGUST': 0.43, 'FEAR': 4.1, 'HAPPY': 39.06, 'NEUTRAL': 16.32, 'SAD': 28.77, 'SURPRISE': 2.51}
2026-06-04 15:38:02,980 | INFO     | [282922] 🎯 KẾT QUẢ CHỐT: HAPPY (39.06%)
2026-06-04 15:38:02,980 | INFO     | [282922] ⏱️ Thời gian phản hồi: 57.55 ms
2026-06-04 15:38:03,157 | INFO     | [283157] ------------------------------------------
2026-06-04 15:38:03,157 | INFO     | [283157] 📥 NHẬN YÊU CẦU QUÉT KHUÔN MẶT MỚI
2026-06-04 15:38:03,157 | INFO     | [283157] Đã xử lý ảnh thành công. Kích thước tensor: (1, 48, 48, 1)
2026-06-04 15:38:03,230 | INFO     | [283157] ⏱️ Model inference: 72.4 ms
2026-06-04 15:38:03,230 | INFO     | [283157] 📊 Chi tiết dự đoán: {'ANGRY': 11.75, 'DISGUST': 0.46, 'FEAR': 3.29, 'HAPPY': 17.82, 'NEUTRAL': 20.12, 'SAD': 43.69, 'SURPRISE': 2.87}
2026-06-04 15:38:03,230 | INFO     | [283157] 🎯 KẾT QUẢ CHỐT: SAD (43.69%)
2026-06-04 15:38:03,231 | INFO     | [283157] ⏱️ Thời gian phản hồi: 72.4 ms
2026-06-04 15:38:03,406 | INFO     | [283406] ------------------------------------------
2026-06-04 15:38:03,406 | INFO     | [283406] 📥 NHẬN YÊU CẦU QUÉT KHUÔN MẶT MỚI
2026-06-04 15:38:03,407 | INFO     | [283406] Đã xử lý ảnh thành công. Kích thước tensor: (1, 48, 48, 1)
2026-06-04 15:38:03,479 | INFO     | [283406] ⏱️ Model inference: 70.45 ms
2026-06-04 15:38:03,479 | INFO     | [283406] 📊 Chi tiết dự đoán: {'ANGRY': 9.59, 'DISGUST': 0.29, 'FEAR': 5.61, 'HAPPY': 16.65, 'NEUTRAL': 16.44, 'SAD': 47.97, 'SURPRISE': 3.44}
2026-06-04 15:38:03,479 | INFO     | [283406] 🎯 KẾT QUẢ CHỐT: SAD (47.97%)
2026-06-04 15:38:03,480 | INFO     | [283406] ⏱️ Thời gian phản hồi: 72.48 ms
2026-06-04 15:38:03,670 | INFO     | [283670] ------------------------------------------
2026-06-04 15:38:03,670 | INFO     | [283670] 📥 NHẬN YÊU CẦU QUÉT KHUÔN MẶT MỚI
2026-06-04 15:38:03,671 | INFO     | [283670] Đã xử lý ảnh thành công. Kích thước tensor: (1, 48, 48, 1)
2026-06-04 15:38:03,729 | INFO     | [283670] ⏱️ Model inference: 57.92 ms
2026-06-04 15:38:03,729 | INFO     | [283670] 📊 Chi tiết dự đoán: {'ANGRY': 10.74, 'DISGUST': 0.13, 'FEAR': 3.43, 'HAPPY': 27.67, 'NEUTRAL': 16.02, 'SAD': 40.27, 'SURPRISE': 1.73}
2026-06-04 15:38:03,730 | INFO     | [283670] 🎯 KẾT QUẢ CHỐT: SAD (40.27%)
2026-06-04 15:38:03,730 | INFO     | [283670] ⏱️ Thời gian phản hồi: 58.91 ms
2026-06-04 15:38:03,917 | INFO     | [283917] ------------------------------------------
2026-06-04 15:38:03,917 | INFO     | [283917] 📥 NHẬN YÊU CẦU QUÉT KHUÔN MẶT MỚI
2026-06-04 15:38:03,918 | INFO     | [283917] Đã xử lý ảnh thành công. Kích thước tensor: (1, 48, 48, 1)
2026-06-04 15:38:03,979 | INFO     | [283917] ⏱️ Model inference: 61.11 ms
2026-06-04 15:38:03,980 | INFO     | [283917] 📊 Chi tiết dự đoán: {'ANGRY': 8.85, 'DISGUST': 0.08, 'FEAR': 7.02, 'HAPPY': 22.63, 'NEUTRAL': 21.45, 'SAD': 37.74, 'SURPRISE': 2.23}
2026-06-04 15:38:03,980 | INFO     | [283917] 🎯 KẾT QUẢ CHỐT: SAD (37.74%)
2026-06-04 15:38:03,980 | INFO     | [283917] ⏱️ Thời gian phản hồi: 62.85 ms
2026-06-04 15:38:04,166 | INFO     | [284166] ------------------------------------------
2026-06-04 15:38:04,166 | INFO     | [284166] 📥 NHẬN YÊU CẦU QUÉT KHUÔN MẶT MỚI
2026-06-04 15:38:04,167 | INFO     | [284166] Đã xử lý ảnh thành công. Kích thước tensor: (1, 48, 48, 1)
2026-06-04 15:38:04,230 | INFO     | [284166] ⏱️ Model inference: 62.98 ms
2026-06-04 15:38:04,230 | INFO     | [284166] 📊 Chi tiết dự đoán: {'ANGRY': 11.55, 'DISGUST': 0.09, 'FEAR': 6.02, 'HAPPY': 20.37, 'NEUTRAL': 17.01, 'SAD': 42.57, 'SURPRISE': 2.38}
2026-06-04 15:38:04,230 | INFO     | [284166] 🎯 KẾT QUẢ CHỐT: SAD (42.57%)
2026-06-04 15:38:04,230 | INFO     | [284166] ⏱️ Thời gian phản hồi: 64.49 ms
2026-06-04 15:38:04,399 | INFO     | [284399] ------------------------------------------
2026-06-04 15:38:04,399 | INFO     | [284399] 📥 NHẬN YÊU CẦU QUÉT KHUÔN MẶT MỚI
2026-06-04 15:38:04,400 | INFO     | [284399] Đã xử lý ảnh thành công. Kích thước tensor: (1, 48, 48, 1)
2026-06-04 15:38:04,462 | INFO     | [284399] ⏱️ Model inference: 62.18 ms
2026-06-04 15:38:04,462 | INFO     | [284399] 📊 Chi tiết dự đoán: {'ANGRY': 9.72, 'DISGUST': 0.1, 'FEAR': 9.99, 'HAPPY': 14.27, 'NEUTRAL': 18.98, 'SAD': 42.54, 'SURPRISE': 4.39}
2026-06-04 15:38:04,463 | INFO     | [284399] 🎯 KẾT QUẢ CHỐT: SAD (42.54%)
2026-06-04 15:38:04,463 | INFO     | [284399] ⏱️ Thời gian phản hồi: 63.42 ms
2026-06-04 15:38:04,659 | INFO     | [284659] ------------------------------------------
2026-06-04 15:38:04,660 | INFO     | [284659] 📥 NHẬN YÊU CẦU QUÉT KHUÔN MẶT MỚI
2026-06-04 15:38:04,660 | INFO     | [284659] Đã xử lý ảnh thành công. Kích thước tensor: (1, 48, 48, 1)
2026-06-04 15:38:04,716 | INFO     | [284659] ⏱️ Model inference: 55.08 ms
2026-06-04 15:38:04,717 | INFO     | [284659] 📊 Chi tiết dự đoán: {'ANGRY': 9.69, 'DISGUST': 0.14, 'FEAR': 10.4, 'HAPPY': 13.52, 'NEUTRAL': 17.48, 'SAD': 44.08, 'SURPRISE': 4.68}
2026-06-04 15:38:04,717 | INFO     | [284659] 🎯 KẾT QUẢ CHỐT: SAD (44.08%)
2026-06-04 15:38:04,717 | INFO     | [284659] ⏱️ Thời gian phản hồi: 58.09 ms
2026-06-04 15:38:04,908 | INFO     | [284908] ------------------------------------------
2026-06-04 15:38:04,908 | INFO     | [284908] 📥 NHẬN YÊU CẦU QUÉT KHUÔN MẶT MỚI
2026-06-04 15:38:04,909 | INFO     | [284908] Đã xử lý ảnh thành công. Kích thước tensor: (1, 48, 48, 1)
2026-06-04 15:38:04,979 | INFO     | [284908] ⏱️ Model inference: 69.93 ms
2026-06-04 15:38:04,979 | INFO     | [284908] 📊 Chi tiết dự đoán: {'ANGRY': 9.8, 'DISGUST': 0.1, 'FEAR': 6.26, 'HAPPY': 11.55, 'NEUTRAL': 23.74, 'SAD': 46.61, 'SURPRISE': 1.94}
2026-06-04 15:38:04,979 | INFO     | [284908] 🎯 KẾT QUẢ CHỐT: SAD (46.61%)
2026-06-04 15:38:04,979 | INFO     | [284908] ⏱️ Thời gian phản hồi: 70.93 ms
2026-06-04 15:38:05,159 | INFO     | [285159] ------------------------------------------
2026-06-04 15:38:05,159 | INFO     | [285159] 📥 NHẬN YÊU CẦU QUÉT KHUÔN MẶT MỚI
2026-06-04 15:38:05,160 | INFO     | [285159] Đã xử lý ảnh thành công. Kích thước tensor: (1, 48, 48, 1)
2026-06-04 15:38:05,237 | INFO     | [285159] ⏱️ Model inference: 77.29 ms
2026-06-04 15:38:05,237 | INFO     | [285159] 📊 Chi tiết dự đoán: {'ANGRY': 7.64, 'DISGUST': 0.06, 'FEAR': 7.24, 'HAPPY': 17.01, 'NEUTRAL': 21.34, 'SAD': 44.03, 'SURPRISE': 2.67}
2026-06-04 15:38:05,237 | INFO     | [285159] 🎯 KẾT QUẢ CHỐT: SAD (44.03%)
2026-06-04 15:38:05,237 | INFO     | [285159] ⏱️ Thời gian phản hồi: 78.61 ms
2026-06-04 15:38:05,408 | INFO     | [285408] ------------------------------------------
2026-06-04 15:38:05,409 | INFO     | [285408] 📥 NHẬN YÊU CẦU QUÉT KHUÔN MẶT MỚI
2026-06-04 15:38:05,409 | INFO     | [285408] Đã xử lý ảnh thành công. Kích thước tensor: (1, 48, 48, 1)
2026-06-04 15:38:05,472 | INFO     | [285408] ⏱️ Model inference: 61.87 ms
2026-06-04 15:38:05,472 | INFO     | [285408] 📊 Chi tiết dự đoán: {'ANGRY': 9.46, 'DISGUST': 0.09, 'FEAR': 7.48, 'HAPPY': 16.08, 'NEUTRAL': 24.14, 'SAD': 39.96, 'SURPRISE': 2.79}
2026-06-04 15:38:05,473 | INFO     | [285408] 🎯 KẾT QUẢ CHỐT: SAD (39.96%)
2026-06-04 15:38:05,473 | INFO     | [285408] ⏱️ Thời gian phản hồi: 63.87 ms
2026-06-04 15:38:05,659 | INFO     | [285659] ------------------------------------------
2026-06-04 15:38:05,659 | INFO     | [285659] 📥 NHẬN YÊU CẦU QUÉT KHUÔN MẶT MỚI
2026-06-04 15:38:05,659 | INFO     | [285659] Đã xử lý ảnh thành công. Kích thước tensor: (1, 48, 48, 1)
2026-06-04 15:38:05,715 | INFO     | [285659] ⏱️ Model inference: 55.59 ms
2026-06-04 15:38:05,715 | INFO     | [285659] 📊 Chi tiết dự đoán: {'ANGRY': 11.32, 'DISGUST': 0.12, 'FEAR': 5.2, 'HAPPY': 20.07, 'NEUTRAL': 21.22, 'SAD': 40.05, 'SURPRISE': 2.03}
2026-06-04 15:38:05,715 | INFO     | [285659] 🎯 KẾT QUẢ CHỐT: SAD (40.05%)
2026-06-04 15:38:05,715 | INFO     | [285659] ⏱️ Thời gian phản hồi: 56.6 ms
2026-06-04 15:38:05,919 | INFO     | [285919] ------------------------------------------
2026-06-04 15:38:05,919 | INFO     | [285919] 📥 NHẬN YÊU CẦU QUÉT KHUÔN MẶT MỚI
2026-06-04 15:38:05,920 | INFO     | [285919] Đã xử lý ảnh thành công. Kích thước tensor: (1, 48, 48, 1)
2026-06-04 15:38:06,001 | INFO     | [285919] ⏱️ Model inference: 81.06 ms
2026-06-04 15:38:06,002 | INFO     | [285919] 📊 Chi tiết dự đoán: {'ANGRY': 9.71, 'DISGUST': 0.07, 'FEAR': 5.44, 'HAPPY': 20.53, 'NEUTRAL': 20.69, 'SAD': 40.85, 'SURPRISE': 2.7}
2026-06-04 15:38:06,002 | INFO     | [285919] 🎯 KẾT QUẢ CHỐT: SAD (40.85%)
2026-06-04 15:38:06,002 | INFO     | [285919] ⏱️ Thời gian phản hồi: 83.19 ms
2026-06-04 15:38:06,168 | INFO     | [286168] ------------------------------------------
2026-06-04 15:38:06,168 | INFO     | [286168] 📥 NHẬN YÊU CẦU QUÉT KHUÔN MẶT MỚI
2026-06-04 15:38:06,168 | INFO     | [286168] Đã xử lý ảnh thành công. Kích thước tensor: (1, 48, 48, 1)
2026-06-04 15:38:06,222 | INFO     | [286168] ⏱️ Model inference: 53.78 ms
2026-06-04 15:38:06,222 | INFO     | [286168] 📊 Chi tiết dự đoán: {'ANGRY': 9.19, 'DISGUST': 0.08, 'FEAR': 6.63, 'HAPPY': 25.3, 'NEUTRAL': 16.19, 'SAD': 39.2, 'SURPRISE': 3.4}
2026-06-04 15:38:06,222 | INFO     | [286168] 🎯 KẾT QUẢ CHỐT: SAD (39.20%)
2026-06-04 15:38:06,222 | INFO     | [286168] ⏱️ Thời gian phản hồi: 54.36 ms
2026-06-04 15:38:06,402 | INFO     | [286402] ------------------------------------------
2026-06-04 15:38:06,402 | INFO     | [286402] 📥 NHẬN YÊU CẦU QUÉT KHUÔN MẶT MỚI
2026-06-04 15:38:06,402 | INFO     | [286402] Đã xử lý ảnh thành công. Kích thước tensor: (1, 48, 48, 1)
2026-06-04 15:38:06,460 | INFO     | [286402] ⏱️ Model inference: 57.5 ms
2026-06-04 15:38:06,460 | INFO     | [286402] 📊 Chi tiết dự đoán: {'ANGRY': 7.89, 'DISGUST': 0.06, 'FEAR': 4.06, 'HAPPY': 27.68, 'NEUTRAL': 18.87, 'SAD': 39.11, 'SURPRISE': 2.32}
2026-06-04 15:38:06,460 | INFO     | [286402] 🎯 KẾT QUẢ CHỐT: SAD (39.11%)
2026-06-04 15:38:06,460 | INFO     | [286402] ⏱️ Thời gian phản hồi: 58.01 ms
2026-06-04 15:38:06,654 | INFO     | [286654] ------------------------------------------
2026-06-04 15:38:06,654 | INFO     | [286654] 📥 NHẬN YÊU CẦU QUÉT KHUÔN MẶT MỚI
2026-06-04 15:38:06,654 | INFO     | [286654] Đã xử lý ảnh thành công. Kích thước tensor: (1, 48, 48, 1)
2026-06-04 15:38:06,716 | INFO     | [286654] ⏱️ Model inference: 62.73 ms
2026-06-04 15:38:06,716 | INFO     | [286654] 📊 Chi tiết dự đoán: {'ANGRY': 6.49, 'DISGUST': 0.03, 'FEAR': 10.88, 'HAPPY': 12.19, 'NEUTRAL': 18.94, 'SAD': 47.47, 'SURPRISE': 3.99}
2026-06-04 15:38:06,716 | INFO     | [286654] 🎯 KẾT QUẢ CHỐT: SAD (47.47%)
2026-06-04 15:38:06,716 | INFO     | [286654] ⏱️ Thời gian phản hồi: 62.73 ms
2026-06-04 15:38:06,916 | INFO     | [286916] ------------------------------------------
2026-06-04 15:38:06,917 | INFO     | [286916] 📥 NHẬN YÊU CẦU QUÉT KHUÔN MẶT MỚI
2026-06-04 15:38:06,917 | INFO     | [286916] Đã xử lý ảnh thành công. Kích thước tensor: (1, 48, 48, 1)
2026-06-04 15:38:06,968 | INFO     | [286916] ⏱️ Model inference: 51.44 ms
2026-06-04 15:38:06,970 | INFO     | [286916] 📊 Chi tiết dự đoán: {'ANGRY': 6.14, 'DISGUST': 0.04, 'FEAR': 11.46, 'HAPPY': 15.18, 'NEUTRAL': 18.12, 'SAD': 44.61, 'SURPRISE': 4.45}
2026-06-04 15:38:06,970 | INFO     | [286916] 🎯 KẾT QUẢ CHỐT: SAD (44.61%)
2026-06-04 15:38:06,970 | INFO     | [286916] ⏱️ Thời gian phản hồi: 54.06 ms
2026-06-04 15:38:07,149 | INFO     | [287149] ------------------------------------------
2026-06-04 15:38:07,150 | INFO     | [287149] 📥 NHẬN YÊU CẦU QUÉT KHUÔN MẶT MỚI
2026-06-04 15:38:07,150 | INFO     | [287149] Đã xử lý ảnh thành công. Kích thước tensor: (1, 48, 48, 1)
2026-06-04 15:38:07,214 | INFO     | [287149] ⏱️ Model inference: 63.76 ms
2026-06-04 15:38:07,215 | INFO     | [287149] 📊 Chi tiết dự đoán: {'ANGRY': 7.04, 'DISGUST': 0.09, 'FEAR': 9.17, 'HAPPY': 12.42, 'NEUTRAL': 16.65, 'SAD': 51.68, 'SURPRISE': 2.96}
2026-06-04 15:38:07,215 | INFO     | [287149] 🎯 KẾT QUẢ CHỐT: SAD (51.68%)
2026-06-04 15:38:07,215 | INFO     | [287149] ⏱️ Thời gian phản hồi: 65.78 ms
2026-06-04 15:38:07,417 | INFO     | [287417] ------------------------------------------
2026-06-04 15:38:07,417 | INFO     | [287417] 📥 NHẬN YÊU CẦU QUÉT KHUÔN MẶT MỚI
2026-06-04 15:38:07,417 | INFO     | [287417] Đã xử lý ảnh thành công. Kích thước tensor: (1, 48, 48, 1)
2026-06-04 15:38:07,480 | INFO     | [287417] ⏱️ Model inference: 60.96 ms
2026-06-04 15:38:07,481 | INFO     | [287417] 📊 Chi tiết dự đoán: {'ANGRY': 12.51, 'DISGUST': 0.06, 'FEAR': 13.22, 'HAPPY': 18.06, 'NEUTRAL': 17.82, 'SAD': 32.39, 'SURPRISE': 5.95}
2026-06-04 15:38:07,481 | INFO     | [287417] 🎯 KẾT QUẢ CHỐT: SAD (32.39%)
2026-06-04 15:38:07,481 | INFO     | [287417] ⏱️ Thời gian phản hồi: 63.65 ms
2026-06-04 15:38:07,665 | INFO     | [287665] ------------------------------------------
2026-06-04 15:38:07,665 | INFO     | [287665] 📥 NHẬN YÊU CẦU QUÉT KHUÔN MẶT MỚI
2026-06-04 15:38:07,666 | INFO     | [287665] Đã xử lý ảnh thành công. Kích thước tensor: (1, 48, 48, 1)
2026-06-04 15:38:07,729 | INFO     | [287665] ⏱️ Model inference: 63.36 ms
2026-06-04 15:38:07,729 | INFO     | [287665] 📊 Chi tiết dự đoán: {'ANGRY': 13.66, 'DISGUST': 0.05, 'FEAR': 12.8, 'HAPPY': 17.16, 'NEUTRAL': 20.18, 'SAD': 30.49, 'SURPRISE': 5.65}
2026-06-04 15:38:07,729 | INFO     | [287665] 🎯 KẾT QUẢ CHỐT: SAD (30.49%)
2026-06-04 15:38:07,729 | INFO     | [287665] ⏱️ Thời gian phản hồi: 64.37 ms
2026-06-04 15:38:07,927 | INFO     | [287927] ------------------------------------------
2026-06-04 15:38:07,928 | INFO     | [287927] 📥 NHẬN YÊU CẦU QUÉT KHUÔN MẶT MỚI
2026-06-04 15:38:07,928 | INFO     | [287927] Đã xử lý ảnh thành công. Kích thước tensor: (1, 48, 48, 1)
2026-06-04 15:38:08,000 | INFO     | [287927] ⏱️ Model inference: 72.37 ms
2026-06-04 15:38:08,000 | INFO     | [287927] 📊 Chi tiết dự đoán: {'ANGRY': 13.88, 'DISGUST': 0.06, 'FEAR': 12.85, 'HAPPY': 14.46, 'NEUTRAL': 21.76, 'SAD': 31.2, 'SURPRISE': 5.78}
2026-06-04 15:38:08,000 | INFO     | [287927] 🎯 KẾT QUẢ CHỐT: SAD (31.20%)
2026-06-04 15:38:08,001 | INFO     | [287927] ⏱️ Thời gian phản hồi: 72.87 ms
2026-06-04 15:38:08,160 | INFO     | [288160] ------------------------------------------
2026-06-04 15:38:08,160 | INFO     | [288160] 📥 NHẬN YÊU CẦU QUÉT KHUÔN MẶT MỚI
2026-06-04 15:38:08,161 | INFO     | [288160] Đã xử lý ảnh thành công. Kích thước tensor: (1, 48, 48, 1)
2026-06-04 15:38:08,216 | INFO     | [288160] ⏱️ Model inference: 54.3 ms
2026-06-04 15:38:08,216 | INFO     | [288160] 📊 Chi tiết dự đoán: {'ANGRY': 15.13, 'DISGUST': 0.07, 'FEAR': 14.93, 'HAPPY': 13.5, 'NEUTRAL': 18.93, 'SAD': 29.83, 'SURPRISE': 7.61}
2026-06-04 15:38:08,216 | INFO     | [288160] 🎯 KẾT QUẢ CHỐT: SAD (29.83%)
2026-06-04 15:38:08,216 | INFO     | [288160] ⏱️ Thời gian phản hồi: 55.32 ms
2026-06-04 15:38:08,428 | INFO     | [288428] ------------------------------------------
2026-06-04 15:38:08,429 | INFO     | [288428] 📥 NHẬN YÊU CẦU QUÉT KHUÔN MẶT MỚI
2026-06-04 15:38:08,429 | INFO     | [288428] Đã xử lý ảnh thành công. Kích thước tensor: (1, 48, 48, 1)
2026-06-04 15:38:08,506 | INFO     | [288428] ⏱️ Model inference: 76.02 ms
2026-06-04 15:38:08,506 | INFO     | [288428] 📊 Chi tiết dự đoán: {'ANGRY': 11.71, 'DISGUST': 0.04, 'FEAR': 12.45, 'HAPPY': 17.02, 'NEUTRAL': 19.06, 'SAD': 33.8, 'SURPRISE': 5.92}
2026-06-04 15:38:08,506 | INFO     | [288428] 🎯 KẾT QUẢ CHỐT: SAD (33.80%)
2026-06-04 15:38:08,508 | INFO     | [288428] ⏱️ Thời gian phản hồi: 77.77 ms
2026-06-04 15:38:08,660 | INFO     | [288660] ------------------------------------------
2026-06-04 15:38:08,660 | INFO     | [288660] 📥 NHẬN YÊU CẦU QUÉT KHUÔN MẶT MỚI
2026-06-04 15:38:08,660 | INFO     | [288660] Đã xử lý ảnh thành công. Kích thước tensor: (1, 48, 48, 1)
2026-06-04 15:38:08,717 | INFO     | [288660] ⏱️ Model inference: 56.59 ms
2026-06-04 15:38:08,717 | INFO     | [288660] 📊 Chi tiết dự đoán: {'ANGRY': 12.24, 'DISGUST': 0.06, 'FEAR': 11.92, 'HAPPY': 14.45, 'NEUTRAL': 22.97, 'SAD': 33.03, 'SURPRISE': 5.33}
2026-06-04 15:38:08,718 | INFO     | [288660] 🎯 KẾT QUẢ CHỐT: SAD (33.03%)
2026-06-04 15:38:08,718 | INFO     | [288660] ⏱️ Thời gian phản hồi: 56.59 ms
2026-06-04 15:38:08,910 | INFO     | [288910] ------------------------------------------
2026-06-04 15:38:08,910 | INFO     | [288910] 📥 NHẬN YÊU CẦU QUÉT KHUÔN MẶT MỚI
2026-06-04 15:38:08,911 | INFO     | [288910] Đã xử lý ảnh thành công. Kích thước tensor: (1, 48, 48, 1)
2026-06-04 15:38:08,972 | INFO     | [288910] ⏱️ Model inference: 60.4 ms
2026-06-04 15:38:08,972 | INFO     | [288910] 📊 Chi tiết dự đoán: {'ANGRY': 13.27, 'DISGUST': 0.06, 'FEAR': 11.8, 'HAPPY': 15.4, 'NEUTRAL': 22.72, 'SAD': 32.04, 'SURPRISE': 4.7}
2026-06-04 15:38:08,972 | INFO     | [288910] 🎯 KẾT QUẢ CHỐT: SAD (32.04%)
2026-06-04 15:38:08,972 | INFO     | [288910] ⏱️ Thời gian phản hồi: 61.42 ms
2026-06-04 15:38:09,158 | INFO     | [289158] ------------------------------------------
2026-06-04 15:38:09,158 | INFO     | [289158] 📥 NHẬN YÊU CẦU QUÉT KHUÔN MẶT MỚI
2026-06-04 15:38:09,159 | INFO     | [289158] Đã xử lý ảnh thành công. Kích thước tensor: (1, 48, 48, 1)
2026-06-04 15:38:09,212 | INFO     | [289158] ⏱️ Model inference: 53.6 ms
2026-06-04 15:38:09,212 | INFO     | [289158] 📊 Chi tiết dự đoán: {'ANGRY': 11.8, 'DISGUST': 0.04, 'FEAR': 9.56, 'HAPPY': 26.51, 'NEUTRAL': 22.04, 'SAD': 24.99, 'SURPRISE': 5.06}
2026-06-04 15:38:09,212 | INFO     | [289158] 🎯 KẾT QUẢ CHỐT: HAPPY (26.51%)
2026-06-04 15:38:09,214 | INFO     | [289158] ⏱️ Thời gian phản hồi: 54.62 ms
2026-06-04 15:38:09,408 | INFO     | [289408] ------------------------------------------
2026-06-04 15:38:09,408 | INFO     | [289408] 📥 NHẬN YÊU CẦU QUÉT KHUÔN MẶT MỚI
2026-06-04 15:38:09,408 | INFO     | [289408] Đã xử lý ảnh thành công. Kích thước tensor: (1, 48, 48, 1)
2026-06-04 15:38:09,468 | INFO     | [289408] ⏱️ Model inference: 60.01 ms
2026-06-04 15:38:09,468 | INFO     | [289408] 📊 Chi tiết dự đoán: {'ANGRY': 11.55, 'DISGUST': 0.05, 'FEAR': 8.99, 'HAPPY': 30.18, 'NEUTRAL': 18.59, 'SAD': 26.02, 'SURPRISE': 4.63}
2026-06-04 15:38:09,468 | INFO     | [289408] 🎯 KẾT QUẢ CHỐT: HAPPY (30.18%)
2026-06-04 15:38:09,468 | INFO     | [289408] ⏱️ Thời gian phản hồi: 60.01 ms
2026-06-04 15:38:09,666 | INFO     | [289666] ------------------------------------------
2026-06-04 15:38:09,666 | INFO     | [289666] 📥 NHẬN YÊU CẦU QUÉT KHUÔN MẶT MỚI
2026-06-04 15:38:09,668 | INFO     | [289666] Đã xử lý ảnh thành công. Kích thước tensor: (1, 48, 48, 1)
2026-06-04 15:38:09,728 | INFO     | [289666] ⏱️ Model inference: 60.15 ms
2026-06-04 15:38:09,729 | INFO     | [289666] 📊 Chi tiết dự đoán: {'ANGRY': 12.01, 'DISGUST': 0.06, 'FEAR': 8.75, 'HAPPY': 28.32, 'NEUTRAL': 22.81, 'SAD': 24.5, 'SURPRISE': 3.56}
2026-06-04 15:38:09,729 | INFO     | [289666] 🎯 KẾT QUẢ CHỐT: HAPPY (28.32%)
2026-06-04 15:38:09,729 | INFO     | [289666] ⏱️ Thời gian phản hồi: 62.81 ms
2026-06-04 15:38:09,915 | INFO     | [289915] ------------------------------------------
2026-06-04 15:38:09,915 | INFO     | [289915] 📥 NHẬN YÊU CẦU QUÉT KHUÔN MẶT MỚI
2026-06-04 15:38:09,915 | INFO     | [289915] Đã xử lý ảnh thành công. Kích thước tensor: (1, 48, 48, 1)
2026-06-04 15:38:09,983 | INFO     | [289915] ⏱️ Model inference: 68.23 ms
2026-06-04 15:38:09,983 | INFO     | [289915] 📊 Chi tiết dự đoán: {'ANGRY': 12.07, 'DISGUST': 0.06, 'FEAR': 10.2, 'HAPPY': 23.42, 'NEUTRAL': 19.53, 'SAD': 30.12, 'SURPRISE': 4.61}
2026-06-04 15:38:09,983 | INFO     | [289915] 🎯 KẾT QUẢ CHỐT: SAD (30.12%)
2026-06-04 15:38:09,983 | INFO     | [289915] ⏱️ Thời gian phản hồi: 68.23 ms
2026-06-04 15:38:10,166 | INFO     | [290166] ------------------------------------------
2026-06-04 15:38:10,166 | INFO     | [290166] 📥 NHẬN YÊU CẦU QUÉT KHUÔN MẶT MỚI
2026-06-04 15:38:10,166 | INFO     | [290166] Đã xử lý ảnh thành công. Kích thước tensor: (1, 48, 48, 1)
2026-06-04 15:38:10,235 | INFO     | [290166] ⏱️ Model inference: 69.42 ms
2026-06-04 15:38:10,236 | INFO     | [290166] 📊 Chi tiết dự đoán: {'ANGRY': 12.72, 'DISGUST': 0.07, 'FEAR': 9.71, 'HAPPY': 28.08, 'NEUTRAL': 21.15, 'SAD': 23.87, 'SURPRISE': 4.39}
2026-06-04 15:38:10,236 | INFO     | [290166] 🎯 KẾT QUẢ CHỐT: HAPPY (28.08%)
2026-06-04 15:38:10,236 | INFO     | [290166] ⏱️ Thời gian phản hồi: 70.44 ms
2026-06-04 15:38:10,415 | INFO     | [290415] ------------------------------------------
2026-06-04 15:38:10,415 | INFO     | [290415] 📥 NHẬN YÊU CẦU QUÉT KHUÔN MẶT MỚI
2026-06-04 15:38:10,417 | INFO     | [290415] Đã xử lý ảnh thành công. Kích thước tensor: (1, 48, 48, 1)
2026-06-04 15:38:10,473 | INFO     | [290415] ⏱️ Model inference: 56.4 ms
2026-06-04 15:38:10,474 | INFO     | [290415] 📊 Chi tiết dự đoán: {'ANGRY': 13.2, 'DISGUST': 0.05, 'FEAR': 9.09, 'HAPPY': 29.81, 'NEUTRAL': 20.52, 'SAD': 22.72, 'SURPRISE': 4.61}
2026-06-04 15:38:10,474 | INFO     | [290415] 🎯 KẾT QUẢ CHỐT: HAPPY (29.81%)
2026-06-04 15:38:10,474 | INFO     | [290415] ⏱️ Thời gian phản hồi: 58.76 ms
2026-06-04 15:38:10,664 | INFO     | [290664] ------------------------------------------
2026-06-04 15:38:10,665 | INFO     | [290664] 📥 NHẬN YÊU CẦU QUÉT KHUÔN MẶT MỚI
2026-06-04 15:38:10,665 | INFO     | [290664] Đã xử lý ảnh thành công. Kích thước tensor: (1, 48, 48, 1)
2026-06-04 15:38:10,730 | INFO     | [290664] ⏱️ Model inference: 64.4 ms
2026-06-04 15:38:10,730 | INFO     | [290664] 📊 Chi tiết dự đoán: {'ANGRY': 13.25, 'DISGUST': 0.06, 'FEAR': 9.71, 'HAPPY': 25.63, 'NEUTRAL': 21.1, 'SAD': 26.38, 'SURPRISE': 3.86}
2026-06-04 15:38:10,731 | INFO     | [290664] 🎯 KẾT QUẢ CHỐT: SAD (26.38%)
2026-06-04 15:38:10,731 | INFO     | [290664] ⏱️ Thời gian phản hồi: 65.79 ms
2026-06-04 15:38:10,914 | INFO     | [290914] ------------------------------------------
2026-06-04 15:38:10,915 | INFO     | [290914] 📥 NHẬN YÊU CẦU QUÉT KHUÔN MẶT MỚI
2026-06-04 15:38:10,915 | INFO     | [290914] Đã xử lý ảnh thành công. Kích thước tensor: (1, 48, 48, 1)
2026-06-04 15:38:10,970 | INFO     | [290914] ⏱️ Model inference: 54.76 ms
2026-06-04 15:38:10,971 | INFO     | [290914] 📊 Chi tiết dự đoán: {'ANGRY': 10.97, 'DISGUST': 0.05, 'FEAR': 8.14, 'HAPPY': 38.41, 'NEUTRAL': 18.28, 'SAD': 19.94, 'SURPRISE': 4.21}
2026-06-04 15:38:10,971 | INFO     | [290914] 🎯 KẾT QUẢ CHỐT: HAPPY (38.41%)
2026-06-04 15:38:10,971 | INFO     | [290914] ⏱️ Thời gian phản hồi: 56.27 ms
2026-06-04 15:38:11,164 | INFO     | [291164] ------------------------------------------
2026-06-04 15:38:11,165 | INFO     | [291164] 📥 NHẬN YÊU CẦU QUÉT KHUÔN MẶT MỚI
2026-06-04 15:38:11,165 | INFO     | [291164] Đã xử lý ảnh thành công. Kích thước tensor: (1, 48, 48, 1)
2026-06-04 15:38:11,229 | INFO     | [291164] ⏱️ Model inference: 63.97 ms
2026-06-04 15:38:11,229 | INFO     | [291164] 📊 Chi tiết dự đoán: {'ANGRY': 12.78, 'DISGUST': 0.05, 'FEAR': 9.05, 'HAPPY': 31.49, 'NEUTRAL': 18.95, 'SAD': 23.6, 'SURPRISE': 4.08}
2026-06-04 15:38:11,229 | INFO     | [291164] 🎯 KẾT QUẢ CHỐT: HAPPY (31.49%)
2026-06-04 15:38:11,229 | INFO     | [291164] ⏱️ Thời gian phản hồi: 65.09 ms
2026-06-04 15:38:11,413 | INFO     | [291413] ------------------------------------------
2026-06-04 15:38:11,413 | INFO     | [291413] 📥 NHẬN YÊU CẦU QUÉT KHUÔN MẶT MỚI
2026-06-04 15:38:11,414 | INFO     | [291413] Đã xử lý ảnh thành công. Kích thước tensor: (1, 48, 48, 1)
2026-06-04 15:38:11,467 | INFO     | [291413] ⏱️ Model inference: 53.41 ms
2026-06-04 15:38:11,467 | INFO     | [291413] 📊 Chi tiết dự đoán: {'ANGRY': 13.04, 'DISGUST': 0.09, 'FEAR': 11.02, 'HAPPY': 27.47, 'NEUTRAL': 16.66, 'SAD': 26.3, 'SURPRISE': 5.43}
2026-06-04 15:38:11,467 | INFO     | [291413] 🎯 KẾT QUẢ CHỐT: HAPPY (27.47%)
2026-06-04 15:38:11,467 | INFO     | [291413] ⏱️ Thời gian phản hồi: 54.87 ms
2026-06-04 15:38:11,663 | INFO     | [291663] ------------------------------------------
2026-06-04 15:38:11,663 | INFO     | [291663] 📥 NHẬN YÊU CẦU QUÉT KHUÔN MẶT MỚI
2026-06-04 15:38:11,664 | INFO     | [291663] Đã xử lý ảnh thành công. Kích thước tensor: (1, 48, 48, 1)
2026-06-04 15:38:11,716 | INFO     | [291663] ⏱️ Model inference: 51.54 ms
2026-06-04 15:38:11,716 | INFO     | [291663] 📊 Chi tiết dự đoán: {'ANGRY': 12.65, 'DISGUST': 0.08, 'FEAR': 11.13, 'HAPPY': 27.25, 'NEUTRAL': 17.68, 'SAD': 25.15, 'SURPRISE': 6.07}
2026-06-04 15:38:11,717 | INFO     | [291663] 🎯 KẾT QUẢ CHỐT: HAPPY (27.25%)
2026-06-04 15:38:11,717 | INFO     | [291663] ⏱️ Thời gian phản hồi: 52.54 ms
2026-06-04 15:38:11,928 | INFO     | [291928] ------------------------------------------
2026-06-04 15:38:11,928 | INFO     | [291928] 📥 NHẬN YÊU CẦU QUÉT KHUÔN MẶT MỚI
2026-06-04 15:38:11,929 | INFO     | [291928] Đã xử lý ảnh thành công. Kích thước tensor: (1, 48, 48, 1)
2026-06-04 15:38:11,982 | INFO     | [291928] ⏱️ Model inference: 53.53 ms
2026-06-04 15:38:11,982 | INFO     | [291928] 📊 Chi tiết dự đoán: {'ANGRY': 13.15, 'DISGUST': 0.06, 'FEAR': 10.83, 'HAPPY': 30.53, 'NEUTRAL': 15.32, 'SAD': 25.13, 'SURPRISE': 4.98}
2026-06-04 15:38:11,982 | INFO     | [291928] 🎯 KẾT QUẢ CHỐT: HAPPY (30.53%)
2026-06-04 15:38:11,983 | INFO     | [291928] ⏱️ Thời gian phản hồi: 54.49 ms
2026-06-04 15:38:12,098 | INFO     | [BATCH-292098] ==========================================
2026-06-04 15:38:12,098 | INFO     | [BATCH-292098] 🎞️ NHẬN CHUỖI 5 KHUNG HÌNH (BATCH)
2026-06-04 15:38:12,819 | INFO     | [BATCH-292098] ⏱️ Batch inference elapsed: 720.69 ms (5 frames)
2026-06-04 15:38:12,822 | INFO     | [BATCH-292098] ↳ Frame 1/5: HAPPY (38.4%)
2026-06-04 15:38:12,827 | INFO     | [BATCH-292098] ↳ Frame 2/5: HAPPY (31.5%)
2026-06-04 15:38:12,833 | INFO     | [BATCH-292098] ↳ Frame 3/5: HAPPY (27.5%)
2026-06-04 15:38:12,839 | INFO     | [BATCH-292098] ↳ Frame 4/5: HAPPY (27.2%)
2026-06-04 15:38:12,841 | INFO     | [BATCH-292098] ↳ Frame 5/5: HAPPY (30.5%)
2026-06-04 15:38:12,845 | INFO     | [BATCH-292098] 🎯 KẾT QUẢ CHUỖI: HAPPY (Tần suất: {'HAPPY': 5})
2026-06-04 15:38:12,849 | INFO     | [BATCH-292098] ⏱️ Tổng thời gian xử lý: 746.41 ms
2026-06-04 15:38:42,525 | INFO     | [322525] ------------------------------------------
2026-06-04 15:38:42,525 | INFO     | [322525] 📥 NHẬN YÊU CẦU QUÉT KHUÔN MẶT MỚI
2026-06-04 15:38:42,526 | INFO     | [322525] Đã xử lý ảnh thành công. Kích thước tensor: (1, 48, 48, 1)
2026-06-04 15:38:42,595 | INFO     | [322525] ⏱️ Model inference: 69.69 ms
2026-06-04 15:38:42,596 | INFO     | [322525] 📊 Chi tiết dự đoán: {'ANGRY': 3.37, 'DISGUST': 0.16, 'FEAR': 9.01, 'HAPPY': 10.64, 'NEUTRAL': 14.78, 'SAD': 60.73, 'SURPRISE': 1.31}
2026-06-04 15:38:42,596 | INFO     | [322525] 🎯 KẾT QUẢ CHỐT: SAD (60.73%)
2026-06-04 15:38:42,596 | INFO     | [322525] ⏱️ Thời gian phản hồi: 71.32 ms
2026-06-04 15:38:42,767 | INFO     | [322767] ------------------------------------------
2026-06-04 15:38:42,768 | INFO     | [322767] 📥 NHẬN YÊU CẦU QUÉT KHUÔN MẶT MỚI
2026-06-04 15:38:42,768 | INFO     | [322767] Đã xử lý ảnh thành công. Kích thước tensor: (1, 48, 48, 1)
2026-06-04 15:38:42,830 | INFO     | [322767] ⏱️ Model inference: 60.58 ms
2026-06-04 15:38:42,831 | INFO     | [322767] 📊 Chi tiết dự đoán: {'ANGRY': 4.14, 'DISGUST': 0.18, 'FEAR': 9.07, 'HAPPY': 19.51, 'NEUTRAL': 11.35, 'SAD': 53.27, 'SURPRISE': 2.48}
2026-06-04 15:38:42,831 | INFO     | [322767] 🎯 KẾT QUẢ CHỐT: SAD (53.27%)
2026-06-04 15:38:42,831 | INFO     | [322767] ⏱️ Thời gian phản hồi: 63.63 ms
2026-06-04 15:38:43,034 | INFO     | [323034] ------------------------------------------
2026-06-04 15:38:43,034 | INFO     | [323034] 📥 NHẬN YÊU CẦU QUÉT KHUÔN MẶT MỚI
2026-06-04 15:38:43,035 | INFO     | [323034] Đã xử lý ảnh thành công. Kích thước tensor: (1, 48, 48, 1)
2026-06-04 15:38:43,100 | INFO     | [323034] ⏱️ Model inference: 64.25 ms
2026-06-04 15:38:43,100 | INFO     | [323034] 📊 Chi tiết dự đoán: {'ANGRY': 3.92, 'DISGUST': 0.14, 'FEAR': 5.69, 'HAPPY': 16.21, 'NEUTRAL': 10.75, 'SAD': 61.81, 'SURPRISE': 1.48}
2026-06-04 15:38:43,100 | INFO     | [323034] 🎯 KẾT QUẢ CHỐT: SAD (61.81%)
2026-06-04 15:38:43,100 | INFO     | [323034] ⏱️ Thời gian phản hồi: 65.84 ms
2026-06-04 15:38:43,282 | INFO     | [323282] ------------------------------------------
2026-06-04 15:38:43,283 | INFO     | [323282] 📥 NHẬN YÊU CẦU QUÉT KHUÔN MẶT MỚI
2026-06-04 15:38:43,283 | INFO     | [323282] Đã xử lý ảnh thành công. Kích thước tensor: (1, 48, 48, 1)
2026-06-04 15:38:43,365 | INFO     | [323282] ⏱️ Model inference: 82.1 ms
2026-06-04 15:38:43,365 | INFO     | [323282] 📊 Chi tiết dự đoán: {'ANGRY': 6.51, 'DISGUST': 0.19, 'FEAR': 4.33, 'HAPPY': 16.5, 'NEUTRAL': 12.88, 'SAD': 58.23, 'SURPRISE': 1.36}
2026-06-04 15:38:43,366 | INFO     | [323282] 🎯 KẾT QUẢ CHỐT: SAD (58.23%)
2026-06-04 15:38:43,366 | INFO     | [323282] ⏱️ Thời gian phản hồi: 83.1 ms
2026-06-04 15:38:43,529 | INFO     | [323529] ------------------------------------------
2026-06-04 15:38:43,530 | INFO     | [323529] 📥 NHẬN YÊU CẦU QUÉT KHUÔN MẶT MỚI
2026-06-04 15:38:43,530 | INFO     | [323529] Đã xử lý ảnh thành công. Kích thước tensor: (1, 48, 48, 1)
2026-06-04 15:38:43,598 | INFO     | [323529] ⏱️ Model inference: 68.27 ms
2026-06-04 15:38:43,598 | INFO     | [323529] 📊 Chi tiết dự đoán: {'ANGRY': 5.08, 'DISGUST': 0.13, 'FEAR': 3.75, 'HAPPY': 6.5, 'NEUTRAL': 15.71, 'SAD': 68.22, 'SURPRISE': 0.6}
2026-06-04 15:38:43,598 | INFO     | [323529] 🎯 KẾT QUẢ CHỐT: SAD (68.22%)
2026-06-04 15:38:43,599 | INFO     | [323529] ⏱️ Thời gian phản hồi: 69.53 ms
2026-06-04 15:38:43,776 | INFO     | [323776] ------------------------------------------
2026-06-04 15:38:43,776 | INFO     | [323776] 📥 NHẬN YÊU CẦU QUÉT KHUÔN MẶT MỚI
2026-06-04 15:38:43,776 | INFO     | [323776] Đã xử lý ảnh thành công. Kích thước tensor: (1, 48, 48, 1)
2026-06-04 15:38:43,846 | INFO     | [323776] ⏱️ Model inference: 67.96 ms
2026-06-04 15:38:43,847 | INFO     | [323776] 📊 Chi tiết dự đoán: {'ANGRY': 6.52, 'DISGUST': 0.15, 'FEAR': 3.42, 'HAPPY': 14.61, 'NEUTRAL': 16.65, 'SAD': 57.95, 'SURPRISE': 0.71}
2026-06-04 15:38:43,847 | INFO     | [323776] 🎯 KẾT QUẢ CHỐT: SAD (57.95%)
2026-06-04 15:38:43,847 | INFO     | [323776] ⏱️ Thời gian phản hồi: 70.47 ms
2026-06-04 15:38:44,042 | INFO     | [324042] ------------------------------------------
2026-06-04 15:38:44,043 | INFO     | [324042] 📥 NHẬN YÊU CẦU QUÉT KHUÔN MẶT MỚI
2026-06-04 15:38:44,044 | INFO     | [324042] Đã xử lý ảnh thành công. Kích thước tensor: (1, 48, 48, 1)
2026-06-04 15:38:44,116 | INFO     | [324042] ⏱️ Model inference: 72.3 ms
2026-06-04 15:38:44,118 | INFO     | [324042] 📊 Chi tiết dự đoán: {'ANGRY': 7.03, 'DISGUST': 0.2, 'FEAR': 3.25, 'HAPPY': 11.26, 'NEUTRAL': 15.24, 'SAD': 62.25, 'SURPRISE': 0.79}
2026-06-04 15:38:44,118 | INFO     | [324042] 🎯 KẾT QUẢ CHỐT: SAD (62.25%)
2026-06-04 15:38:44,118 | INFO     | [324042] ⏱️ Thời gian phản hồi: 75.41 ms
2026-06-04 15:38:44,275 | INFO     | [324275] ------------------------------------------
2026-06-04 15:38:44,275 | INFO     | [324275] 📥 NHẬN YÊU CẦU QUÉT KHUÔN MẶT MỚI
2026-06-04 15:38:44,276 | INFO     | [324275] Đã xử lý ảnh thành công. Kích thước tensor: (1, 48, 48, 1)
2026-06-04 15:38:44,330 | INFO     | [324275] ⏱️ Model inference: 54.3 ms
2026-06-04 15:38:44,331 | INFO     | [324275] 📊 Chi tiết dự đoán: {'ANGRY': 6.1, 'DISGUST': 0.14, 'FEAR': 2.7, 'HAPPY': 8.95, 'NEUTRAL': 16.63, 'SAD': 64.9, 'SURPRISE': 0.57}
2026-06-04 15:38:44,331 | INFO     | [324275] 🎯 KẾT QUẢ CHỐT: SAD (64.90%)
2026-06-04 15:38:44,331 | INFO     | [324275] ⏱️ Thời gian phản hồi: 56.6 ms
2026-06-04 15:38:44,536 | INFO     | [324536] ------------------------------------------
2026-06-04 15:38:44,538 | INFO     | [324536] 📥 NHẬN YÊU CẦU QUÉT KHUÔN MẶT MỚI
2026-06-04 15:38:44,538 | INFO     | [324536] Đã xử lý ảnh thành công. Kích thước tensor: (1, 48, 48, 1)
2026-06-04 15:38:44,597 | INFO     | [324536] ⏱️ Model inference: 57.66 ms
2026-06-04 15:38:44,597 | INFO     | [324536] 📊 Chi tiết dự đoán: {'ANGRY': 6.56, 'DISGUST': 0.21, 'FEAR': 3.91, 'HAPPY': 7.74, 'NEUTRAL': 15.25, 'SAD': 65.3, 'SURPRISE': 1.03}
2026-06-04 15:38:44,597 | INFO     | [324536] 🎯 KẾT QUẢ CHỐT: SAD (65.30%)
2026-06-04 15:38:44,597 | INFO     | [324536] ⏱️ Thời gian phản hồi: 60.42 ms
2026-06-04 15:38:44,770 | INFO     | [324770] ------------------------------------------
2026-06-04 15:38:44,771 | INFO     | [324770] 📥 NHẬN YÊU CẦU QUÉT KHUÔN MẶT MỚI
2026-06-04 15:38:44,771 | INFO     | [324770] Đã xử lý ảnh thành công. Kích thước tensor: (1, 48, 48, 1)
2026-06-04 15:38:44,833 | INFO     | [324770] ⏱️ Model inference: 61.47 ms
2026-06-04 15:38:44,834 | INFO     | [324770] 📊 Chi tiết dự đoán: {'ANGRY': 3.29, 'DISGUST': 0.09, 'FEAR': 3.76, 'HAPPY': 5.34, 'NEUTRAL': 15.06, 'SAD': 71.97, 'SURPRISE': 0.5}
2026-06-04 15:38:44,834 | INFO     | [324770] 🎯 KẾT QUẢ CHỐT: SAD (71.97%)
2026-06-04 15:38:44,834 | INFO     | [324770] ⏱️ Thời gian phản hồi: 64.37 ms
2026-06-04 15:38:45,019 | INFO     | [325019] ------------------------------------------
2026-06-04 15:38:45,020 | INFO     | [325019] 📥 NHẬN YÊU CẦU QUÉT KHUÔN MẶT MỚI
2026-06-04 15:38:45,020 | INFO     | [325019] Đã xử lý ảnh thành công. Kích thước tensor: (1, 48, 48, 1)
2026-06-04 15:38:45,084 | INFO     | [325019] ⏱️ Model inference: 64.15 ms
2026-06-04 15:38:45,084 | INFO     | [325019] 📊 Chi tiết dự đoán: {'ANGRY': 4.07, 'DISGUST': 0.11, 'FEAR': 3.83, 'HAPPY': 8.18, 'NEUTRAL': 15.75, 'SAD': 67.33, 'SURPRISE': 0.74}
2026-06-04 15:38:45,084 | INFO     | [325019] 🎯 KẾT QUẢ CHỐT: SAD (67.33%)
2026-06-04 15:38:45,085 | INFO     | [325019] ⏱️ Thời gian phản hồi: 65.15 ms
2026-06-04 15:38:45,281 | INFO     | [325281] ------------------------------------------
2026-06-04 15:38:45,282 | INFO     | [325281] 📥 NHẬN YÊU CẦU QUÉT KHUÔN MẶT MỚI
2026-06-04 15:38:45,282 | INFO     | [325281] Đã xử lý ảnh thành công. Kích thước tensor: (1, 48, 48, 1)
2026-06-04 15:38:45,338 | INFO     | [325281] ⏱️ Model inference: 55.96 ms
2026-06-04 15:38:45,338 | INFO     | [325281] 📊 Chi tiết dự đoán: {'ANGRY': 5.71, 'DISGUST': 0.17, 'FEAR': 4.02, 'HAPPY': 9.58, 'NEUTRAL': 15.57, 'SAD': 64.05, 'SURPRISE': 0.9}
2026-06-04 15:38:45,339 | INFO     | [325281] 🎯 KẾT QUẢ CHỐT: SAD (64.05%)
2026-06-04 15:38:45,339 | INFO     | [325281] ⏱️ Thời gian phản hồi: 57.4 ms
2026-06-04 15:38:45,528 | INFO     | [325528] ------------------------------------------
2026-06-04 15:38:45,528 | INFO     | [325528] 📥 NHẬN YÊU CẦU QUÉT KHUÔN MẶT MỚI
2026-06-04 15:38:45,528 | INFO     | [325528] Đã xử lý ảnh thành công. Kích thước tensor: (1, 48, 48, 1)
2026-06-04 15:38:45,597 | INFO     | [325528] ⏱️ Model inference: 68.88 ms
2026-06-04 15:38:45,597 | INFO     | [325528] 📊 Chi tiết dự đoán: {'ANGRY': 5.4, 'DISGUST': 0.12, 'FEAR': 2.95, 'HAPPY': 10.59, 'NEUTRAL': 17.79, 'SAD': 62.56, 'SURPRISE': 0.59}
2026-06-04 15:38:45,597 | INFO     | [325528] 🎯 KẾT QUẢ CHỐT: SAD (62.56%)
2026-06-04 15:38:45,598 | INFO     | [325528] ⏱️ Thời gian phản hồi: 68.88 ms
2026-06-04 15:38:45,775 | INFO     | [325775] ------------------------------------------
2026-06-04 15:38:45,775 | INFO     | [325775] 📥 NHẬN YÊU CẦU QUÉT KHUÔN MẶT MỚI
2026-06-04 15:38:45,777 | INFO     | [325775] Đã xử lý ảnh thành công. Kích thước tensor: (1, 48, 48, 1)
2026-06-04 15:38:45,842 | INFO     | [325775] ⏱️ Model inference: 64.94 ms
2026-06-04 15:38:45,842 | INFO     | [325775] 📊 Chi tiết dự đoán: {'ANGRY': 4.6, 'DISGUST': 0.09, 'FEAR': 3.16, 'HAPPY': 6.19, 'NEUTRAL': 19.7, 'SAD': 65.82, 'SURPRISE': 0.44}
2026-06-04 15:38:45,843 | INFO     | [325775] 🎯 KẾT QUẢ CHỐT: SAD (65.82%)
2026-06-04 15:38:45,843 | INFO     | [325775] ⏱️ Thời gian phản hồi: 66.36 ms
2026-06-04 15:38:46,025 | INFO     | [326025] ------------------------------------------
2026-06-04 15:38:46,026 | INFO     | [326025] 📥 NHẬN YÊU CẦU QUÉT KHUÔN MẶT MỚI
2026-06-04 15:38:46,026 | INFO     | [326025] Đã xử lý ảnh thành công. Kích thước tensor: (1, 48, 48, 1)
2026-06-04 15:38:46,098 | INFO     | [326025] ⏱️ Model inference: 72.53 ms
2026-06-04 15:38:46,098 | INFO     | [326025] 📊 Chi tiết dự đoán: {'ANGRY': 6.19, 'DISGUST': 0.19, 'FEAR': 3.32, 'HAPPY': 8.32, 'NEUTRAL': 19.13, 'SAD': 62.27, 'SURPRISE': 0.56}
2026-06-04 15:38:46,099 | INFO     | [326025] 🎯 KẾT QUẢ CHỐT: SAD (62.27%)
2026-06-04 15:38:46,099 | INFO     | [326025] ⏱️ Thời gian phản hồi: 73.67 ms
2026-06-04 15:38:46,259 | INFO     | [326259] ------------------------------------------
2026-06-04 15:38:46,259 | INFO     | [326259] 📥 NHẬN YÊU CẦU QUÉT KHUÔN MẶT MỚI
2026-06-04 15:38:46,260 | INFO     | [326259] Đã xử lý ảnh thành công. Kích thước tensor: (1, 48, 48, 1)
2026-06-04 15:38:46,328 | INFO     | [326259] ⏱️ Model inference: 68.05 ms
2026-06-04 15:38:46,328 | INFO     | [326259] 📊 Chi tiết dự đoán: {'ANGRY': 5.41, 'DISGUST': 0.19, 'FEAR': 5.16, 'HAPPY': 7.23, 'NEUTRAL': 23.42, 'SAD': 57.63, 'SURPRISE': 0.95}
2026-06-04 15:38:46,328 | INFO     | [326259] 🎯 KẾT QUẢ CHỐT: SAD (57.63%)
2026-06-04 15:38:46,328 | INFO     | [326259] ⏱️ Thời gian phản hồi: 69.09 ms
2026-06-04 15:38:46,523 | INFO     | [326523] ------------------------------------------
2026-06-04 15:38:46,524 | INFO     | [326523] 📥 NHẬN YÊU CẦU QUÉT KHUÔN MẶT MỚI
2026-06-04 15:38:46,524 | INFO     | [326523] Đã xử lý ảnh thành công. Kích thước tensor: (1, 48, 48, 1)
2026-06-04 15:38:46,583 | INFO     | [326523] ⏱️ Model inference: 57.19 ms
2026-06-04 15:38:46,583 | INFO     | [326523] 📊 Chi tiết dự đoán: {'ANGRY': 4.98, 'DISGUST': 0.2, 'FEAR': 5.91, 'HAPPY': 8.82, 'NEUTRAL': 22.24, 'SAD': 56.84, 'SURPRISE': 1.02}
2026-06-04 15:38:46,583 | INFO     | [326523] 🎯 KẾT QUẢ CHỐT: SAD (56.84%)
2026-06-04 15:38:46,584 | INFO     | [326523] ⏱️ Thời gian phản hồi: 59.64 ms
2026-06-04 15:38:46,787 | INFO     | [326787] ------------------------------------------
2026-06-04 15:38:46,787 | INFO     | [326787] 📥 NHẬN YÊU CẦU QUÉT KHUÔN MẶT MỚI
2026-06-04 15:38:46,788 | INFO     | [326787] Đã xử lý ảnh thành công. Kích thước tensor: (1, 48, 48, 1)
2026-06-04 15:38:46,851 | INFO     | [326787] ⏱️ Model inference: 62.98 ms
2026-06-04 15:38:46,851 | INFO     | [326787] 📊 Chi tiết dự đoán: {'ANGRY': 4.74, 'DISGUST': 0.18, 'FEAR': 5.23, 'HAPPY': 8.8, 'NEUTRAL': 19.79, 'SAD': 60.21, 'SURPRISE': 1.05}
2026-06-04 15:38:46,851 | INFO     | [326787] 🎯 KẾT QUẢ CHỐT: SAD (60.21%)
2026-06-04 15:38:46,851 | INFO     | [326787] ⏱️ Thời gian phản hồi: 63.98 ms
2026-06-04 15:38:47,020 | INFO     | [327020] ------------------------------------------
2026-06-04 15:38:47,020 | INFO     | [327020] 📥 NHẬN YÊU CẦU QUÉT KHUÔN MẶT MỚI
2026-06-04 15:38:47,021 | INFO     | [327020] Đã xử lý ảnh thành công. Kích thước tensor: (1, 48, 48, 1)
2026-06-04 15:38:47,076 | INFO     | [327020] ⏱️ Model inference: 55.13 ms
2026-06-04 15:38:47,076 | INFO     | [327020] 📊 Chi tiết dự đoán: {'ANGRY': 4.08, 'DISGUST': 0.15, 'FEAR': 5.7, 'HAPPY': 8.74, 'NEUTRAL': 22.25, 'SAD': 58.04, 'SURPRISE': 1.02}
2026-06-04 15:38:47,076 | INFO     | [327020] 🎯 KẾT QUẢ CHỐT: SAD (58.04%)
2026-06-04 15:38:47,076 | INFO     | [327020] ⏱️ Thời gian phản hồi: 56.6 ms
2026-06-04 15:38:47,268 | INFO     | [327268] ------------------------------------------
2026-06-04 15:38:47,269 | INFO     | [327268] 📥 NHẬN YÊU CẦU QUÉT KHUÔN MẶT MỚI
2026-06-04 15:38:47,269 | INFO     | [327268] Đã xử lý ảnh thành công. Kích thước tensor: (1, 48, 48, 1)
2026-06-04 15:38:47,328 | INFO     | [327268] ⏱️ Model inference: 59.28 ms
2026-06-04 15:38:47,328 | INFO     | [327268] 📊 Chi tiết dự đoán: {'ANGRY': 5.0, 'DISGUST': 0.24, 'FEAR': 5.17, 'HAPPY': 7.21, 'NEUTRAL': 21.38, 'SAD': 60.03, 'SURPRISE': 0.97}
2026-06-04 15:38:47,328 | INFO     | [327268] 🎯 KẾT QUẢ CHỐT: SAD (60.03%)
2026-06-04 15:38:47,329 | INFO     | [327268] ⏱️ Thời gian phản hồi: 60.29 ms
2026-06-04 15:38:47,518 | INFO     | [327518] ------------------------------------------
2026-06-04 15:38:47,518 | INFO     | [327518] 📥 NHẬN YÊU CẦU QUÉT KHUÔN MẶT MỚI
2026-06-04 15:38:47,519 | INFO     | [327518] Đã xử lý ảnh thành công. Kích thước tensor: (1, 48, 48, 1)
2026-06-04 15:38:47,576 | INFO     | [327518] ⏱️ Model inference: 56.36 ms
2026-06-04 15:38:47,577 | INFO     | [327518] 📊 Chi tiết dự đoán: {'ANGRY': 3.51, 'DISGUST': 0.1, 'FEAR': 7.37, 'HAPPY': 1.7, 'NEUTRAL': 16.11, 'SAD': 69.79, 'SURPRISE': 1.42}
2026-06-04 15:38:47,577 | INFO     | [327518] 🎯 KẾT QUẢ CHỐT: SAD (69.79%)
2026-06-04 15:38:47,577 | INFO     | [327518] ⏱️ Thời gian phản hồi: 58.36 ms
2026-06-04 15:38:47,769 | INFO     | [327769] ------------------------------------------
2026-06-04 15:38:47,770 | INFO     | [327769] 📥 NHẬN YÊU CẦU QUÉT KHUÔN MẶT MỚI
2026-06-04 15:38:47,770 | INFO     | [327769] Đã xử lý ảnh thành công. Kích thước tensor: (1, 48, 48, 1)
2026-06-04 15:38:47,841 | INFO     | [327769] ⏱️ Model inference: 69.89 ms
2026-06-04 15:38:47,841 | INFO     | [327769] 📊 Chi tiết dự đoán: {'ANGRY': 3.34, 'DISGUST': 0.08, 'FEAR': 8.07, 'HAPPY': 1.84, 'NEUTRAL': 16.43, 'SAD': 68.35, 'SURPRISE': 1.89}
2026-06-04 15:38:47,841 | INFO     | [327769] 🎯 KẾT QUẢ CHỐT: SAD (68.35%)
2026-06-04 15:38:47,841 | INFO     | [327769] ⏱️ Thời gian phản hồi: 72.61 ms
2026-06-04 15:38:48,021 | INFO     | [328021] ------------------------------------------
2026-06-04 15:38:48,021 | INFO     | [328021] 📥 NHẬN YÊU CẦU QUÉT KHUÔN MẶT MỚI
2026-06-04 15:38:48,022 | INFO     | [328021] Đã xử lý ảnh thành công. Kích thước tensor: (1, 48, 48, 1)
2026-06-04 15:38:48,078 | INFO     | [328021] ⏱️ Model inference: 56.72 ms
2026-06-04 15:38:48,078 | INFO     | [328021] 📊 Chi tiết dự đoán: {'ANGRY': 3.65, 'DISGUST': 0.1, 'FEAR': 8.85, 'HAPPY': 2.03, 'NEUTRAL': 12.24, 'SAD': 71.03, 'SURPRISE': 2.11}
2026-06-04 15:38:48,078 | INFO     | [328021] 🎯 KẾT QUẢ CHỐT: SAD (71.03%)
2026-06-04 15:38:48,079 | INFO     | [328021] ⏱️ Thời gian phản hồi: 57.71 ms
2026-06-04 15:38:48,269 | INFO     | [328269] ------------------------------------------
2026-06-04 15:38:48,269 | INFO     | [328269] 📥 NHẬN YÊU CẦU QUÉT KHUÔN MẶT MỚI
2026-06-04 15:38:48,270 | INFO     | [328269] Đã xử lý ảnh thành công. Kích thước tensor: (1, 48, 48, 1)
2026-06-04 15:38:48,333 | INFO     | [328269] ⏱️ Model inference: 63.17 ms
2026-06-04 15:38:48,333 | INFO     | [328269] 📊 Chi tiết dự đoán: {'ANGRY': 3.19, 'DISGUST': 0.07, 'FEAR': 7.66, 'HAPPY': 2.4, 'NEUTRAL': 13.27, 'SAD': 71.96, 'SURPRISE': 1.45}
2026-06-04 15:38:48,333 | INFO     | [328269] 🎯 KẾT QUẢ CHỐT: SAD (71.96%)
2026-06-04 15:38:48,333 | INFO     | [328269] ⏱️ Thời gian phản hồi: 64.17 ms
2026-06-04 15:38:48,518 | INFO     | [328518] ------------------------------------------
2026-06-04 15:38:48,519 | INFO     | [328518] 📥 NHẬN YÊU CẦU QUÉT KHUÔN MẶT MỚI
2026-06-04 15:38:48,519 | INFO     | [328518] Đã xử lý ảnh thành công. Kích thước tensor: (1, 48, 48, 1)
2026-06-04 15:38:48,579 | INFO     | [328518] ⏱️ Model inference: 59.76 ms
2026-06-04 15:38:48,579 | INFO     | [328518] 📊 Chi tiết dự đoán: {'ANGRY': 3.96, 'DISGUST': 0.1, 'FEAR': 9.47, 'HAPPY': 2.25, 'NEUTRAL': 11.05, 'SAD': 70.7, 'SURPRISE': 2.47}
2026-06-04 15:38:48,581 | INFO     | [328518] 🎯 KẾT QUẢ CHỐT: SAD (70.70%)
2026-06-04 15:38:48,581 | INFO     | [328518] ⏱️ Thời gian phản hồi: 60.91 ms
2026-06-04 15:38:48,766 | INFO     | [328766] ------------------------------------------
2026-06-04 15:38:48,768 | INFO     | [328766] 📥 NHẬN YÊU CẦU QUÉT KHUÔN MẶT MỚI
2026-06-04 15:38:48,768 | INFO     | [328766] Đã xử lý ảnh thành công. Kích thước tensor: (1, 48, 48, 1)
2026-06-04 15:38:48,830 | INFO     | [328766] ⏱️ Model inference: 61.86 ms
2026-06-04 15:38:48,831 | INFO     | [328766] 📊 Chi tiết dự đoán: {'ANGRY': 3.98, 'DISGUST': 0.1, 'FEAR': 8.4, 'HAPPY': 1.6, 'NEUTRAL': 12.43, 'SAD': 71.75, 'SURPRISE': 1.74}
2026-06-04 15:38:48,831 | INFO     | [328766] 🎯 KẾT QUẢ CHỐT: SAD (71.75%)
2026-06-04 15:38:48,831 | INFO     | [328766] ⏱️ Thời gian phản hồi: 64.36 ms
2026-06-04 15:38:49,013 | INFO     | [329013] ------------------------------------------
2026-06-04 15:38:49,015 | INFO     | [329013] 📥 NHẬN YÊU CẦU QUÉT KHUÔN MẶT MỚI
2026-06-04 15:38:49,015 | INFO     | [329013] Đã xử lý ảnh thành công. Kích thước tensor: (1, 48, 48, 1)
2026-06-04 15:38:49,070 | INFO     | [329013] ⏱️ Model inference: 55.28 ms
2026-06-04 15:38:49,071 | INFO     | [329013] 📊 Chi tiết dự đoán: {'ANGRY': 3.63, 'DISGUST': 0.09, 'FEAR': 8.52, 'HAPPY': 2.01, 'NEUTRAL': 11.77, 'SAD': 71.7, 'SURPRISE': 2.27}
2026-06-04 15:38:49,071 | INFO     | [329013] 🎯 KẾT QUẢ CHỐT: SAD (71.70%)
2026-06-04 15:38:49,071 | INFO     | [329013] ⏱️ Thời gian phản hồi: 57.32 ms
2026-06-04 15:38:49,265 | INFO     | [329265] ------------------------------------------
2026-06-04 15:38:49,265 | INFO     | [329265] 📥 NHẬN YÊU CẦU QUÉT KHUÔN MẶT MỚI
2026-06-04 15:38:49,265 | INFO     | [329265] Đã xử lý ảnh thành công. Kích thước tensor: (1, 48, 48, 1)
2026-06-04 15:38:49,320 | INFO     | [329265] ⏱️ Model inference: 54.15 ms
2026-06-04 15:38:49,321 | INFO     | [329265] 📊 Chi tiết dự đoán: {'ANGRY': 3.91, 'DISGUST': 0.11, 'FEAR': 9.09, 'HAPPY': 1.98, 'NEUTRAL': 13.66, 'SAD': 69.01, 'SURPRISE': 2.23}
2026-06-04 15:38:49,321 | INFO     | [329265] 🎯 KẾT QUẢ CHỐT: SAD (69.01%)
2026-06-04 15:38:49,321 | INFO     | [329265] ⏱️ Thời gian phản hồi: 56.31 ms
2026-06-04 15:38:49,513 | INFO     | [329513] ------------------------------------------
2026-06-04 15:38:49,513 | INFO     | [329513] 📥 NHẬN YÊU CẦU QUÉT KHUÔN MẶT MỚI
2026-06-04 15:38:49,514 | INFO     | [329513] Đã xử lý ảnh thành công. Kích thước tensor: (1, 48, 48, 1)
2026-06-04 15:38:49,568 | INFO     | [329513] ⏱️ Model inference: 54.26 ms
2026-06-04 15:38:49,568 | INFO     | [329513] 📊 Chi tiết dự đoán: {'ANGRY': 3.68, 'DISGUST': 0.11, 'FEAR': 9.69, 'HAPPY': 2.08, 'NEUTRAL': 12.39, 'SAD': 69.41, 'SURPRISE': 2.64}
2026-06-04 15:38:49,568 | INFO     | [329513] 🎯 KẾT QUẢ CHỐT: SAD (69.41%)
2026-06-04 15:38:49,568 | INFO     | [329513] ⏱️ Thời gian phản hồi: 55.27 ms
2026-06-04 15:38:49,765 | INFO     | [329764] ------------------------------------------
2026-06-04 15:38:49,765 | INFO     | [329764] 📥 NHẬN YÊU CẦU QUÉT KHUÔN MẶT MỚI
2026-06-04 15:38:49,765 | INFO     | [329764] Đã xử lý ảnh thành công. Kích thước tensor: (1, 48, 48, 1)
2026-06-04 15:38:49,832 | INFO     | [329764] ⏱️ Model inference: 67.31 ms
2026-06-04 15:38:49,833 | INFO     | [329764] 📊 Chi tiết dự đoán: {'ANGRY': 3.86, 'DISGUST': 0.09, 'FEAR': 8.47, 'HAPPY': 1.62, 'NEUTRAL': 12.22, 'SAD': 71.71, 'SURPRISE': 2.04}
2026-06-04 15:38:49,833 | INFO     | [329764] 🎯 KẾT QUẢ CHỐT: SAD (71.71%)
2026-06-04 15:38:49,833 | INFO     | [329764] ⏱️ Thời gian phản hồi: 69.82 ms
2026-06-04 15:38:50,028 | INFO     | [330028] ------------------------------------------
2026-06-04 15:38:50,028 | INFO     | [330028] 📥 NHẬN YÊU CẦU QUÉT KHUÔN MẶT MỚI
2026-06-04 15:38:50,029 | INFO     | [330028] Đã xử lý ảnh thành công. Kích thước tensor: (1, 48, 48, 1)
2026-06-04 15:38:50,100 | INFO     | [330028] ⏱️ Model inference: 70.72 ms
2026-06-04 15:38:50,100 | INFO     | [330028] 📊 Chi tiết dự đoán: {'ANGRY': 3.76, 'DISGUST': 0.19, 'FEAR': 7.1, 'HAPPY': 8.83, 'NEUTRAL': 15.31, 'SAD': 63.58, 'SURPRISE': 1.24}
2026-06-04 15:38:50,101 | INFO     | [330028] 🎯 KẾT QUẢ CHỐT: SAD (63.58%)
2026-06-04 15:38:50,101 | INFO     | [330028] ⏱️ Thời gian phản hồi: 72.88 ms
2026-06-04 15:38:50,278 | INFO     | [330278] ------------------------------------------
2026-06-04 15:38:50,278 | INFO     | [330278] 📥 NHẬN YÊU CẦU QUÉT KHUÔN MẶT MỚI
2026-06-04 15:38:50,279 | INFO     | [330278] Đã xử lý ảnh thành công. Kích thước tensor: (1, 48, 48, 1)
2026-06-04 15:38:50,332 | INFO     | [330278] ⏱️ Model inference: 52.75 ms
2026-06-04 15:38:50,332 | INFO     | [330278] 📊 Chi tiết dự đoán: {'ANGRY': 4.66, 'DISGUST': 0.3, 'FEAR': 6.84, 'HAPPY': 8.43, 'NEUTRAL': 14.52, 'SAD': 63.97, 'SURPRISE': 1.29}
2026-06-04 15:38:50,332 | INFO     | [330278] 🎯 KẾT QUẢ CHỐT: SAD (63.97%)
2026-06-04 15:38:50,332 | INFO     | [330278] ⏱️ Thời gian phản hồi: 53.8 ms
2026-06-04 15:38:50,529 | INFO     | [330529] ------------------------------------------
2026-06-04 15:38:50,529 | INFO     | [330529] 📥 NHẬN YÊU CẦU QUÉT KHUÔN MẶT MỚI
2026-06-04 15:38:50,529 | INFO     | [330529] Đã xử lý ảnh thành công. Kích thước tensor: (1, 48, 48, 1)
2026-06-04 15:38:50,582 | INFO     | [330529] ⏱️ Model inference: 52.05 ms
2026-06-04 15:38:50,582 | INFO     | [330529] 📊 Chi tiết dự đoán: {'ANGRY': 3.51, 'DISGUST': 0.18, 'FEAR': 6.35, 'HAPPY': 5.39, 'NEUTRAL': 15.67, 'SAD': 67.81, 'SURPRISE': 1.09}
2026-06-04 15:38:50,582 | INFO     | [330529] 🎯 KẾT QUẢ CHỐT: SAD (67.81%)
2026-06-04 15:38:50,582 | INFO     | [330529] ⏱️ Thời gian phản hồi: 53.05 ms
2026-06-04 15:38:50,777 | INFO     | [330777] ------------------------------------------
2026-06-04 15:38:50,779 | INFO     | [330777] 📥 NHẬN YÊU CẦU QUÉT KHUÔN MẶT MỚI
2026-06-04 15:38:50,779 | INFO     | [330777] Đã xử lý ảnh thành công. Kích thước tensor: (1, 48, 48, 1)
2026-06-04 15:38:50,846 | INFO     | [330777] ⏱️ Model inference: 66.77 ms
2026-06-04 15:38:50,846 | INFO     | [330777] 📊 Chi tiết dự đoán: {'ANGRY': 3.55, 'DISGUST': 0.21, 'FEAR': 7.29, 'HAPPY': 6.16, 'NEUTRAL': 16.77, 'SAD': 64.74, 'SURPRISE': 1.27}
2026-06-04 15:38:50,846 | INFO     | [330777] 🎯 KẾT QUẢ CHỐT: SAD (64.74%)
2026-06-04 15:38:50,846 | INFO     | [330777] ⏱️ Thời gian phản hồi: 68.1 ms
2026-06-04 15:38:51,026 | INFO     | [331026] ------------------------------------------
2026-06-04 15:38:51,026 | INFO     | [331026] 📥 NHẬN YÊU CẦU QUÉT KHUÔN MẶT MỚI
2026-06-04 15:38:51,027 | INFO     | [331026] Đã xử lý ảnh thành công. Kích thước tensor: (1, 48, 48, 1)
2026-06-04 15:38:51,098 | INFO     | [331026] ⏱️ Model inference: 71.38 ms
2026-06-04 15:38:51,098 | INFO     | [331026] 📊 Chi tiết dự đoán: {'ANGRY': 3.36, 'DISGUST': 0.2, 'FEAR': 7.11, 'HAPPY': 4.72, 'NEUTRAL': 19.04, 'SAD': 64.31, 'SURPRISE': 1.25}
2026-06-04 15:38:51,098 | INFO     | [331026] 🎯 KẾT QUẢ CHỐT: SAD (64.31%)
2026-06-04 15:38:51,099 | INFO     | [331026] ⏱️ Thời gian phản hồi: 72.38 ms
2026-06-04 15:38:51,259 | INFO     | [331259] ------------------------------------------
2026-06-04 15:38:51,260 | INFO     | [331259] 📥 NHẬN YÊU CẦU QUÉT KHUÔN MẶT MỚI
2026-06-04 15:38:51,260 | INFO     | [331259] Đã xử lý ảnh thành công. Kích thước tensor: (1, 48, 48, 1)
2026-06-04 15:38:51,326 | INFO     | [331259] ⏱️ Model inference: 66.28 ms
2026-06-04 15:38:51,326 | INFO     | [331259] 📊 Chi tiết dự đoán: {'ANGRY': 3.33, 'DISGUST': 0.22, 'FEAR': 6.71, 'HAPPY': 5.19, 'NEUTRAL': 15.69, 'SAD': 67.84, 'SURPRISE': 1.02}
2026-06-04 15:38:51,326 | INFO     | [331259] 🎯 KẾT QUẢ CHỐT: SAD (67.84%)
2026-06-04 15:38:51,327 | INFO     | [331259] ⏱️ Thời gian phản hồi: 67.53 ms
2026-06-04 15:38:51,526 | INFO     | [331526] ------------------------------------------
2026-06-04 15:38:51,526 | INFO     | [331526] 📥 NHẬN YÊU CẦU QUÉT KHUÔN MẶT MỚI
2026-06-04 15:38:51,526 | INFO     | [331526] Đã xử lý ảnh thành công. Kích thước tensor: (1, 48, 48, 1)
2026-06-04 15:38:51,584 | INFO     | [331526] ⏱️ Model inference: 57.39 ms
2026-06-04 15:38:51,584 | INFO     | [331526] 📊 Chi tiết dự đoán: {'ANGRY': 4.13, 'DISGUST': 0.21, 'FEAR': 6.37, 'HAPPY': 11.78, 'NEUTRAL': 16.45, 'SAD': 59.99, 'SURPRISE': 1.07}
2026-06-04 15:38:51,584 | INFO     | [331526] 🎯 KẾT QUẢ CHỐT: SAD (59.99%)
2026-06-04 15:38:51,584 | INFO     | [331526] ⏱️ Thời gian phản hồi: 57.39 ms
2026-06-04 15:38:51,771 | INFO     | [331771] ------------------------------------------
2026-06-04 15:38:51,772 | INFO     | [331771] 📥 NHẬN YÊU CẦU QUÉT KHUÔN MẶT MỚI
2026-06-04 15:38:51,772 | INFO     | [331771] Đã xử lý ảnh thành công. Kích thước tensor: (1, 48, 48, 1)
2026-06-04 15:38:51,829 | INFO     | [331771] ⏱️ Model inference: 57.24 ms
2026-06-04 15:38:51,830 | INFO     | [331771] 📊 Chi tiết dự đoán: {'ANGRY': 3.51, 'DISGUST': 0.15, 'FEAR': 5.8, 'HAPPY': 11.9, 'NEUTRAL': 18.9, 'SAD': 58.61, 'SURPRISE': 1.12}
2026-06-04 15:38:51,830 | INFO     | [331771] 🎯 KẾT QUẢ CHỐT: SAD (58.61%)
2026-06-04 15:38:51,830 | INFO     | [331771] ⏱️ Thời gian phản hồi: 59.75 ms
2026-06-04 15:38:52,024 | INFO     | [332024] ------------------------------------------
2026-06-04 15:38:52,024 | INFO     | [332024] 📥 NHẬN YÊU CẦU QUÉT KHUÔN MẶT MỚI
2026-06-04 15:38:52,025 | INFO     | [332024] Đã xử lý ảnh thành công. Kích thước tensor: (1, 48, 48, 1)
2026-06-04 15:38:52,095 | INFO     | [332024] ⏱️ Model inference: 70.26 ms
2026-06-04 15:38:52,096 | INFO     | [332024] 📊 Chi tiết dự đoán: {'ANGRY': 5.33, 'DISGUST': 0.31, 'FEAR': 5.05, 'HAPPY': 12.64, 'NEUTRAL': 20.07, 'SAD': 55.45, 'SURPRISE': 1.15}
2026-06-04 15:38:52,096 | INFO     | [332024] 🎯 KẾT QUẢ CHỐT: SAD (55.45%)
2026-06-04 15:38:52,096 | INFO     | [332024] ⏱️ Thời gian phản hồi: 72.41 ms
2026-06-04 15:38:52,272 | INFO     | [332272] ------------------------------------------
2026-06-04 15:38:52,272 | INFO     | [332272] 📥 NHẬN YÊU CẦU QUÉT KHUÔN MẶT MỚI
2026-06-04 15:38:52,273 | INFO     | [332272] Đã xử lý ảnh thành công. Kích thước tensor: (1, 48, 48, 1)
2026-06-04 15:38:52,338 | INFO     | [332272] ⏱️ Model inference: 64.95 ms
2026-06-04 15:38:52,339 | INFO     | [332272] 📊 Chi tiết dự đoán: {'ANGRY': 4.07, 'DISGUST': 0.24, 'FEAR': 5.94, 'HAPPY': 8.73, 'NEUTRAL': 18.55, 'SAD': 61.46, 'SURPRISE': 1.02}
2026-06-04 15:38:52,339 | INFO     | [332272] 🎯 KẾT QUẢ CHỐT: SAD (61.46%)
2026-06-04 15:38:52,339 | INFO     | [332272] ⏱️ Thời gian phản hồi: 66.96 ms
2026-06-04 15:38:52,463 | INFO     | [BATCH-332463] ==========================================
2026-06-04 15:38:52,464 | INFO     | [BATCH-332463] 🎞️ NHẬN CHUỖI 5 KHUNG HÌNH (BATCH)
2026-06-04 15:38:53,313 | INFO     | [BATCH-332463] ⏱️ Batch inference elapsed: 849.18 ms (5 frames)
2026-06-04 15:38:53,314 | INFO     | [BATCH-332463] ↳ Frame 1/5: SAD (67.8%)
2026-06-04 15:38:53,314 | INFO     | [BATCH-332463] ↳ Frame 2/5: SAD (60.0%)
2026-06-04 15:38:53,314 | INFO     | [BATCH-332463] ↳ Frame 3/5: SAD (58.6%)
2026-06-04 15:38:53,314 | INFO     | [BATCH-332463] ↳ Frame 4/5: SAD (55.5%)
2026-06-04 15:38:53,314 | INFO     | [BATCH-332463] ↳ Frame 5/5: SAD (61.5%)
2026-06-04 15:38:53,316 | INFO     | [BATCH-332463] 🎯 KẾT QUẢ CHUỖI: SAD (Tần suất: {'SAD': 5})
2026-06-04 15:38:53,317 | INFO     | [BATCH-332463] ⏱️ Tổng thời gian xử lý: 852.69 ms
2026-06-04 15:50:03,734 | INFO     | [emotion-service] Worker shutdown pid=31492 — draining inference executor ...
2026-06-04 15:50:03,736 | INFO     | [emotion-service] Worker shutdown pid=31492 complete
